Archive member included to satisfy reference by file (symbol)

d:/st/stm32cubeide_1.8.0/stm32cubeide/plugins/com.st.stm32cube.ide.mcu.externaltools.gnu-tools-for-stm32.9-2020-q2-update.win32_2.0.0.202105311346/tools/bin/../lib/gcc/arm-none-eabi/9.3.1/../../../../arm-none-eabi/lib/thumb/v7e-m+fp/hard\libc_nano.a(lib_a-errno.o)
                              ./Core/Src/syscalls.o (__errno)
d:/st/stm32cubeide_1.8.0/stm32cubeide/plugins/com.st.stm32cube.ide.mcu.externaltools.gnu-tools-for-stm32.9-2020-q2-update.win32_2.0.0.202105311346/tools/bin/../lib/gcc/arm-none-eabi/9.3.1/../../../../arm-none-eabi/lib/thumb/v7e-m+fp/hard\libc_nano.a(lib_a-exit.o)
                              d:/st/stm32cubeide_1.8.0/stm32cubeide/plugins/com.st.stm32cube.ide.mcu.externaltools.gnu-tools-for-stm32.9-2020-q2-update.win32_2.0.0.202105311346/tools/bin/../lib/gcc/arm-none-eabi/9.3.1/../../../../arm-none-eabi/lib/thumb/v7e-m+fp/hard/crt0.o (exit)
d:/st/stm32cubeide_1.8.0/stm32cubeide/plugins/com.st.stm32cube.ide.mcu.externaltools.gnu-tools-for-stm32.9-2020-q2-update.win32_2.0.0.202105311346/tools/bin/../lib/gcc/arm-none-eabi/9.3.1/../../../../arm-none-eabi/lib/thumb/v7e-m+fp/hard\libc_nano.a(lib_a-impure.o)
                              d:/st/stm32cubeide_1.8.0/stm32cubeide/plugins/com.st.stm32cube.ide.mcu.externaltools.gnu-tools-for-stm32.9-2020-q2-update.win32_2.0.0.202105311346/tools/bin/../lib/gcc/arm-none-eabi/9.3.1/../../../../arm-none-eabi/lib/thumb/v7e-m+fp/hard\libc_nano.a(lib_a-exit.o) (_global_impure_ptr)
d:/st/stm32cubeide_1.8.0/stm32cubeide/plugins/com.st.stm32cube.ide.mcu.externaltools.gnu-tools-for-stm32.9-2020-q2-update.win32_2.0.0.202105311346/tools/bin/../lib/gcc/arm-none-eabi/9.3.1/../../../../arm-none-eabi/lib/thumb/v7e-m+fp/hard\libc_nano.a(lib_a-init.o)
                              d:/st/stm32cubeide_1.8.0/stm32cubeide/plugins/com.st.stm32cube.ide.mcu.externaltools.gnu-tools-for-stm32.9-2020-q2-update.win32_2.0.0.202105311346/tools/bin/../lib/gcc/arm-none-eabi/9.3.1/../../../../arm-none-eabi/lib/thumb/v7e-m+fp/hard/crt0.o (__libc_init_array)
d:/st/stm32cubeide_1.8.0/stm32cubeide/plugins/com.st.stm32cube.ide.mcu.externaltools.gnu-tools-for-stm32.9-2020-q2-update.win32_2.0.0.202105311346/tools/bin/../lib/gcc/arm-none-eabi/9.3.1/../../../../arm-none-eabi/lib/thumb/v7e-m+fp/hard\libc_nano.a(lib_a-memset.o)
                              d:/st/stm32cubeide_1.8.0/stm32cubeide/plugins/com.st.stm32cube.ide.mcu.externaltools.gnu-tools-for-stm32.9-2020-q2-update.win32_2.0.0.202105311346/tools/bin/../lib/gcc/arm-none-eabi/9.3.1/../../../../arm-none-eabi/lib/thumb/v7e-m+fp/hard/crt0.o (memset)

Allocating common symbols
Common symbol       size              file

PeriphClkInit       0x58              ./Core/Src/SixStepCommutation.o
Start_Up_Time_Task  0x4               ./Core/Src/SixStepCommutation.o
htim4               0x4c              ./Core/Src/SixStepCommutation.o
uwTick              0x4               ./Drivers/STM32F3xx_HAL_Driver/Src/stm32f3xx_hal.o
pFlash              0x20              ./Drivers/STM32F3xx_HAL_Driver/Src/stm32f3xx_hal_flash.o
hcomp1              0x30              ./Core/Src/SixStepCommutation.o
htim3               0x4c              ./Core/Src/SixStepCommutation.o
timerCounter        0x4               ./Core/Src/SixStepCommutation.o
htim1               0x4c              ./Core/Src/SixStepCommutation.o
Start_Up            0x10              ./Core/Src/SixStepCommutation.o
hcomp3              0x30              ./Core/Src/SixStepCommutation.o
htim2               0x4c              ./Core/Src/SixStepCommutation.o
Time                0x1               ./Core/Src/SixStepCommutation.o
hcomp5              0x30              ./Core/Src/SixStepCommutation.o
Motor_Control       0x24              ./Core/Src/SixStepCommutation.o

Discarded input sections

 .text          0x0000000000000000        0x0 d:/st/stm32cubeide_1.8.0/stm32cubeide/plugins/com.st.stm32cube.ide.mcu.externaltools.gnu-tools-for-stm32.9-2020-q2-update.win32_2.0.0.202105311346/tools/bin/../lib/gcc/arm-none-eabi/9.3.1/thumb/v7e-m+fp/hard/crti.o
 .data          0x0000000000000000        0x0 d:/st/stm32cubeide_1.8.0/stm32cubeide/plugins/com.st.stm32cube.ide.mcu.externaltools.gnu-tools-for-stm32.9-2020-q2-update.win32_2.0.0.202105311346/tools/bin/../lib/gcc/arm-none-eabi/9.3.1/thumb/v7e-m+fp/hard/crti.o
 .bss           0x0000000000000000        0x0 d:/st/stm32cubeide_1.8.0/stm32cubeide/plugins/com.st.stm32cube.ide.mcu.externaltools.gnu-tools-for-stm32.9-2020-q2-update.win32_2.0.0.202105311346/tools/bin/../lib/gcc/arm-none-eabi/9.3.1/thumb/v7e-m+fp/hard/crti.o
 .data          0x0000000000000000        0x4 d:/st/stm32cubeide_1.8.0/stm32cubeide/plugins/com.st.stm32cube.ide.mcu.externaltools.gnu-tools-for-stm32.9-2020-q2-update.win32_2.0.0.202105311346/tools/bin/../lib/gcc/arm-none-eabi/9.3.1/thumb/v7e-m+fp/hard/crtbegin.o
[...]
Memory Configuration

Name             Origin             Length             Attributes
CCMRAM           0x0000000010000000 0x0000000000004000 xrw
RAM              0x0000000020000000 0x0000000000010000 xrw
FLASH            0x0000000008000000 0x0000000000080000 xr
*default*        0x0000000000000000 0xffffffffffffffff

Linker script and memory map

LOAD d:/st/stm32cubeide_1.8.0/stm32cubeide/plugins/com.st.stm32cube.ide.mcu.externaltools.gnu-tools-for-stm32.9-2020-q2-update.win32_2.0.0.202105311346/tools/bin/../lib/gcc/arm-none-eabi/9.3.1/thumb/v7e-m+fp/hard/crti.o
LOAD d:/st/stm32cubeide_1.8.0/stm32cubeide/plugins/com.st.stm32cube.ide.mcu.externaltools.gnu-tools-for-stm32.9-2020-q2-update.win32_2.0.0.202105311346/tools/bin/../lib/gcc/arm-none-eabi/9.3.1/thumb/v7e-m+fp/hard/crtbegin.o
LOAD d:/st/stm32cubeide_1.8.0/stm32cubeide/plugins/com.st.stm32cube.ide.mcu.externaltools.gnu-tools-for-stm32.9-2020-q2-update.win32_2.0.0.202105311346/tools/bin/../lib/gcc/arm-none-eabi/9.3.1/../../../../arm-none-eabi/lib/thumb/v7e-m+fp/hard/crt0.o
LOAD ./Core/Src/SixStepCommutation.o
LOAD ./Core/Src/TimeTask.o
LOAD ./Core/Src/main.o
LOAD ./Core/Src/stm32f3xx_hal_msp.o
LOAD ./Core/Src/stm32f3xx_it.o
LOAD ./Core/Src/syscalls.o
LOAD ./Core/Src/sysmem.o
LOAD ./Core/Src/system_stm32f3xx.o
LOAD ./Core/Startup/startup_stm32f303retx.o
LOAD ./Drivers/STM32F3xx_HAL_Driver/Src/stm32f3xx_hal.o
LOAD ./Drivers/STM32F3xx_HAL_Driver/Src/stm32f3xx_hal_comp.o
LOAD ./Drivers/STM32F3xx_HAL_Driver/Src/stm32f3xx_hal_cortex.o
LOAD ./Drivers/STM32F3xx_HAL_Driver/Src/stm32f3xx_hal_dma.o
LOAD ./Drivers/STM32F3xx_HAL_Driver/Src/stm32f3xx_hal_exti.o
LOAD ./Drivers/STM32F3xx_HAL_Driver/Src/stm32f3xx_hal_flash.o
LOAD ./Drivers/STM32F3xx_HAL_Driver/Src/stm32f3xx_hal_flash_ex.o
LOAD ./Drivers/STM32F3xx_HAL_Driver/Src/stm32f3xx_hal_gpio.o
LOAD ./Drivers/STM32F3xx_HAL_Driver/Src/stm32f3xx_hal_i2c.o
LOAD ./Drivers/STM32F3xx_HAL_Driver/Src/stm32f3xx_hal_i2c_ex.o
LOAD ./Drivers/STM32F3xx_HAL_Driver/Src/stm32f3xx_hal_pwr.o
LOAD ./Drivers/STM32F3xx_HAL_Driver/Src/stm32f3xx_hal_pwr_ex.o
LOAD ./Drivers/STM32F3xx_HAL_Driver/Src/stm32f3xx_hal_rcc.o
LOAD ./Drivers/STM32F3xx_HAL_Driver/Src/stm32f3xx_hal_rcc_ex.o
LOAD ./Drivers/STM32F3xx_HAL_Driver/Src/stm32f3xx_hal_tim.o
LOAD ./Drivers/STM32F3xx_HAL_Driver/Src/stm32f3xx_hal_tim_ex.o
START GROUP
LOAD d:/st/stm32cubeide_1.8.0/stm32cubeide/plugins/com.st.stm32cube.ide.mcu.externaltools.gnu-tools-for-stm32.9-2020-q2-update.win32_2.0.0.202105311346/tools/bin/../lib/gcc/arm-none-eabi/9.3.1/../../../../arm-none-eabi/lib/thumb/v7e-m+fp/hard\libc_nano.a
LOAD d:/st/stm32cubeide_1.8.0/stm32cubeide/plugins/com.st.stm32cube.ide.mcu.externaltools.gnu-tools-for-stm32.9-2020-q2-update.win32_2.0.0.202105311346/tools/bin/../lib/gcc/arm-none-eabi/9.3.1/../../../../arm-none-eabi/lib/thumb/v7e-m+fp/hard\libm.a
END GROUP
START GROUP
LOAD d:/st/stm32cubeide_1.8.0/stm32cubeide/plugins/com.st.stm32cube.ide.mcu.externaltools.gnu-tools-for-stm32.9-2020-q2-update.win32_2.0.0.202105311346/tools/bin/../lib/gcc/arm-none-eabi/9.3.1/thumb/v7e-m+fp/hard\libgcc.a
LOAD d:/st/stm32cubeide_1.8.0/stm32cubeide/plugins/com.st.stm32cube.ide.mcu.externaltools.gnu-tools-for-stm32.9-2020-q2-update.win32_2.0.0.202105311346/tools/bin/../lib/gcc/arm-none-eabi/9.3.1/../../../../arm-none-eabi/lib/thumb/v7e-m+fp/hard\libc_nano.a
END GROUP
START GROUP
LOAD d:/st/stm32cubeide_1.8.0/stm32cubeide/plugins/com.st.stm32cube.ide.mcu.externaltools.gnu-tools-for-stm32.9-2020-q2-update.win32_2.0.0.202105311346/tools/bin/../lib/gcc/arm-none-eabi/9.3.1/thumb/v7e-m+fp/hard\libgcc.a
LOAD d:/st/stm32cubeide_1.8.0/stm32cubeide/plugins/com.st.stm32cube.ide.mcu.externaltools.gnu-tools-for-stm32.9-2020-q2-update.win32_2.0.0.202105311346/tools/bin/../lib/gcc/arm-none-eabi/9.3.1/../../../../arm-none-eabi/lib/thumb/v7e-m+fp/hard\libc_nano.a
LOAD d:/st/stm32cubeide_1.8.0/stm32cubeide/plugins/com.st.stm32cube.ide.mcu.externaltools.gnu-tools-for-stm32.9-2020-q2-update.win32_2.0.0.202105311346/tools/bin/../lib/gcc/arm-none-eabi/9.3.1/../../../../arm-none-eabi/lib/thumb/v7e-m+fp/hard\libnosys.a
END GROUP
START GROUP
LOAD d:/st/stm32cubeide_1.8.0/stm32cubeide/plugins/com.st.stm32cube.ide.mcu.externaltools.gnu-tools-for-stm32.9-2020-q2-update.win32_2.0.0.202105311346/tools/bin/../lib/gcc/arm-none-eabi/9.3.1/thumb/v7e-m+fp/hard\libgcc.a
LOAD d:/st/stm32cubeide_1.8.0/stm32cubeide/plugins/com.st.stm32cube.ide.mcu.externaltools.gnu-tools-for-stm32.9-2020-q2-update.win32_2.0.0.202105311346/tools/bin/../lib/gcc/arm-none-eabi/9.3.1/../../../../arm-none-eabi/lib/thumb/v7e-m+fp/hard\libc_nano.a
LOAD d:/st/stm32cubeide_1.8.0/stm32cubeide/plugins/com.st.stm32cube.ide.mcu.externaltools.gnu-tools-for-stm32.9-2020-q2-update.win32_2.0.0.202105311346/tools/bin/../lib/gcc/arm-none-eabi/9.3.1/../../../../arm-none-eabi/lib/thumb/v7e-m+fp/hard\libnosys.a
END GROUP
LOAD d:/st/stm32cubeide_1.8.0/stm32cubeide/plugins/com.st.stm32cube.ide.mcu.externaltools.gnu-tools-for-stm32.9-2020-q2-update.win32_2.0.0.202105311346/tools/bin/../lib/gcc/arm-none-eabi/9.3.1/thumb/v7e-m+fp/hard/crtend.o
LOAD d:/st/stm32cubeide_1.8.0/stm32cubeide/plugins/com.st.stm32cube.ide.mcu.externaltools.gnu-tools-for-stm32.9-2020-q2-update.win32_2.0.0.202105311346/tools/bin/../lib/gcc/arm-none-eabi/9.3.1/thumb/v7e-m+fp/hard/crtn.o
                0x0000000020010000                _estack = (ORIGIN (RAM) + LENGTH (RAM))
                0x0000000000000200                _Min_Heap_Size = 0x200
                0x0000000000000400                _Min_Stack_Size = 0x400

.isr_vector     0x0000000008000000      0x194
                0x0000000008000000                . = ALIGN (0x4)
 *(.isr_vector)
 .isr_vector    0x0000000008000000      0x194 ./Core/Startup/startup_stm32f303retx.o
                0x0000000008000000                g_pfnVectors
                0x0000000008000194                . = ALIGN (0x4)

.text           0x0000000008000194     0x45b0
                0x0000000008000194                . = ALIGN (0x4)
 *(.text)
 .text          0x0000000008000194       0x40 d:/st/stm32cubeide_1.8.0/stm32cubeide/plugins/com.st.stm32cube.ide.mcu.externaltools.gnu-tools-for-stm32.9-2020-q2-update.win32_2.0.0.202105311346/tools/bin/../lib/gcc/arm-none-eabi/9.3.1/thumb/v7e-m+fp/hard/crtbegin.o
 *(.text*)
 .text.PeripheralsStart
                0x00000000080001d4       0xcc ./Core/Src/SixStepCommutation.o
                0x00000000080001d4                PeripheralsStart
 .text.Stop_Motor
                0x00000000080002a0       0x50 ./Core/Src/SixStepCommutation.o
                0x00000000080002a0                Stop_Motor
 .text.Start_Up_Motor
                0x00000000080002f0       0xcc ./Core/Src/SixStepCommutation.o
                0x00000000080002f0                Start_Up_Motor
 .text.Align_Motor
                0x00000000080003bc       0xcc ./Core/Src/SixStepCommutation.o
                0x00000000080003bc                Align_Motor
 .text.Run_Motor
                0x0000000008000488       0xcc ./Core/Src/SixStepCommutation.o
                0x0000000008000488                Run_Motor
 .text.Set_Motor_State
                0x0000000008000554      0x1e4 ./Core/Src/SixStepCommutation.o
                0x0000000008000554                Set_Motor_State
 .text.HAL_TIM_PeriodElapsedCallback
                0x0000000008000738       0x30 ./Core/Src/TimeTask.o
                0x0000000008000738                HAL_TIM_PeriodElapsedCallback
 .text.main     0x0000000008000768       0x84 ./Core/Src/main.o
                0x0000000008000768                main
 .text.SystemClock_Config
                0x00000000080007ec       0xc4 ./Core/Src/main.o
                0x00000000080007ec                SystemClock_Config
 .text.MX_COMP1_Init
                0x00000000080008b0       0x4c ./Core/Src/main.o
 .text.MX_COMP3_Init
                0x00000000080008fc       0x4c ./Core/Src/main.o
 .text.MX_COMP5_Init
                0x0000000008000948       0x4c ./Core/Src/main.o
 .text.MX_TIM1_Init
                0x0000000008000994      0x14c ./Core/Src/main.o
 .text.MX_TIM3_Init
                0x0000000008000ae0       0xe0 ./Core/Src/main.o
 .text.MX_TIM4_Init
                0x0000000008000bc0       0x9c ./Core/Src/main.o
 .text.MX_GPIO_Init
                0x0000000008000c5c       0xc8 ./Core/Src/main.o
 .text.Error_Handler
                0x0000000008000d24        0xa ./Core/Src/main.o
                0x0000000008000d24                Error_Handler
 *fill*         0x0000000008000d2e        0x2 
 .text.HAL_MspInit
                0x0000000008000d30       0x48 ./Core/Src/stm32f3xx_hal_msp.o
                0x0000000008000d30                HAL_MspInit
 .text.HAL_COMP_MspInit
                0x0000000008000d78      0x188 ./Core/Src/stm32f3xx_hal_msp.o
                0x0000000008000d78                HAL_COMP_MspInit
 .text.HAL_TIM_PWM_MspInit
                0x0000000008000f00       0x68 ./Core/Src/stm32f3xx_hal_msp.o
                0x0000000008000f00                HAL_TIM_PWM_MspInit
 .text.HAL_TIM_Base_MspInit
                0x0000000008000f68       0x4c ./Core/Src/stm32f3xx_hal_msp.o
                0x0000000008000f68                HAL_TIM_Base_MspInit
 .text.HAL_TIM_MspPostInit
                0x0000000008000fb4       0xf4 ./Core/Src/stm32f3xx_hal_msp.o
                0x0000000008000fb4                HAL_TIM_MspPostInit
 .text.NMI_Handler
                0x00000000080010a8        0x6 ./Core/Src/stm32f3xx_it.o
                0x00000000080010a8                NMI_Handler
 .text.HardFault_Handler
                0x00000000080010ae        0x6 ./Core/Src/stm32f3xx_it.o
                0x00000000080010ae                HardFault_Handler
 .text.MemManage_Handler
                0x00000000080010b4        0x6 ./Core/Src/stm32f3xx_it.o
                0x00000000080010b4                MemManage_Handler
 .text.BusFault_Handler
                0x00000000080010ba        0x6 ./Core/Src/stm32f3xx_it.o
                0x00000000080010ba                BusFault_Handler
 .text.UsageFault_Handler
                0x00000000080010c0        0x6 ./Core/Src/stm32f3xx_it.o
                0x00000000080010c0                UsageFault_Handler
 .text.SVC_Handler
                0x00000000080010c6        0xe ./Core/Src/stm32f3xx_it.o
                0x00000000080010c6                SVC_Handler
 .text.DebugMon_Handler
                0x00000000080010d4        0xe ./Core/Src/stm32f3xx_it.o
                0x00000000080010d4                DebugMon_Handler
 .text.PendSV_Handler
                0x00000000080010e2        0xe ./Core/Src/stm32f3xx_it.o
                0x00000000080010e2                PendSV_Handler
 .text.SysTick_Handler
                0x00000000080010f0       0x10 ./Core/Src/stm32f3xx_it.o
                0x00000000080010f0                SysTick_Handler
 .text.TIM4_IRQHandler
                0x0000000008001100       0x14 ./Core/Src/stm32f3xx_it.o
                0x0000000008001100                TIM4_IRQHandler
 .text.SystemInit
                0x0000000008001114       0x24 ./Core/Src/system_stm32f3xx.o
                0x0000000008001114                SystemInit
 .text.Reset_Handler
                0x0000000008001138       0x50 ./Core/Startup/startup_stm32f303retx.o
                0x0000000008001138                Reset_Handler
 .text.Default_Handler
                0x0000000008001188        0x2 ./Core/Startup/startup_stm32f303retx.o
                0x0000000008001188                RTC_Alarm_IRQHandler
                0x0000000008001188                TIM8_TRG_COM_IRQHandler
                0x0000000008001188                TIM8_CC_IRQHandler
                0x0000000008001188                SPI4_IRQHandler
                0x0000000008001188                TIM1_CC_IRQHandler
                0x0000000008001188                USB_HP_IRQHandler
                0x0000000008001188                PVD_IRQHandler
                0x0000000008001188                TAMP_STAMP_IRQHandler
                0x0000000008001188                EXTI3_IRQHandler
                0x0000000008001188                I2C3_ER_IRQHandler
                0x0000000008001188                USB_HP_CAN_TX_IRQHandler
                0x0000000008001188                EXTI0_IRQHandler
                0x0000000008001188                I2C2_EV_IRQHandler
                0x0000000008001188                FPU_IRQHandler
                0x0000000008001188                TIM1_UP_TIM16_IRQHandler
                0x0000000008001188                ADC1_2_IRQHandler
                0x0000000008001188                SPI1_IRQHandler
                0x0000000008001188                CAN_SCE_IRQHandler
                0x0000000008001188                TIM6_DAC_IRQHandler
                0x0000000008001188                TIM8_UP_IRQHandler
                0x0000000008001188                DMA2_Channel2_IRQHandler
                0x0000000008001188                DMA1_Channel4_IRQHandler
                0x0000000008001188                TIM20_TRG_COM_IRQHandler
                0x0000000008001188                USART3_IRQHandler
                0x0000000008001188                DMA1_Channel7_IRQHandler
                0x0000000008001188                UART5_IRQHandler
                0x0000000008001188                ADC3_IRQHandler
                0x0000000008001188                CAN_RX1_IRQHandler
                0x0000000008001188                DMA2_Channel1_IRQHandler
                0x0000000008001188                I2C1_EV_IRQHandler
                0x0000000008001188                DMA1_Channel6_IRQHandler
                0x0000000008001188                UART4_IRQHandler
                0x0000000008001188                DMA2_Channel4_IRQHandler
                0x0000000008001188                TIM3_IRQHandler
                0x0000000008001188                RCC_IRQHandler
                0x0000000008001188                TIM20_UP_IRQHandler
                0x0000000008001188                DMA1_Channel1_IRQHandler
                0x0000000008001188                Default_Handler
                0x0000000008001188                USBWakeUp_RMP_IRQHandler
                0x0000000008001188                EXTI15_10_IRQHandler
                0x0000000008001188                TIM7_IRQHandler
                0x0000000008001188                I2C3_EV_IRQHandler
                0x0000000008001188                EXTI9_5_IRQHandler
                0x0000000008001188                RTC_WKUP_IRQHandler
                0x0000000008001188                SPI2_IRQHandler
                0x0000000008001188                USB_LP_CAN_RX0_IRQHandler
                0x0000000008001188                DMA2_Channel5_IRQHandler
                0x0000000008001188                DMA1_Channel5_IRQHandler
                0x0000000008001188                USB_LP_IRQHandler
                0x0000000008001188                EXTI4_IRQHandler
                0x0000000008001188                TIM1_TRG_COM_TIM17_IRQHandler
                0x0000000008001188                DMA1_Channel3_IRQHandler
                0x0000000008001188                ADC4_IRQHandler
                0x0000000008001188                WWDG_IRQHandler
                0x0000000008001188                TIM2_IRQHandler
                0x0000000008001188                COMP7_IRQHandler
                0x0000000008001188                COMP1_2_3_IRQHandler
                0x0000000008001188                EXTI1_IRQHandler
                0x0000000008001188                USART2_IRQHandler
                0x0000000008001188                COMP4_5_6_IRQHandler
                0x0000000008001188                TIM20_BRK_IRQHandler
                0x0000000008001188                I2C2_ER_IRQHandler
                0x0000000008001188                DMA1_Channel2_IRQHandler
                0x0000000008001188                TIM8_BRK_IRQHandler
                0x0000000008001188                FLASH_IRQHandler
                0x0000000008001188                TIM20_CC_IRQHandler
                0x0000000008001188                USART1_IRQHandler
                0x0000000008001188                SPI3_IRQHandler
                0x0000000008001188                I2C1_ER_IRQHandler
                0x0000000008001188                FMC_IRQHandler
                0x0000000008001188                USBWakeUp_IRQHandler
                0x0000000008001188                DMA2_Channel3_IRQHandler
                0x0000000008001188                EXTI2_TSC_IRQHandler
                0x0000000008001188                TIM1_BRK_TIM15_IRQHandler
 *fill*         0x000000000800118a        0x2 
 .text.HAL_Init
                0x000000000800118c       0x2c ./Drivers/STM32F3xx_HAL_Driver/Src/stm32f3xx_hal.o
                0x000000000800118c                HAL_Init
 .text.HAL_InitTick
                0x00000000080011b8       0x60 ./Drivers/STM32F3xx_HAL_Driver/Src/stm32f3xx_hal.o
                0x00000000080011b8                HAL_InitTick
 .text.HAL_IncTick
                0x0000000008001218       0x28 ./Drivers/STM32F3xx_HAL_Driver/Src/stm32f3xx_hal.o
                0x0000000008001218                HAL_IncTick
 .text.HAL_GetTick
                0x0000000008001240       0x18 ./Drivers/STM32F3xx_HAL_Driver/Src/stm32f3xx_hal.o
                0x0000000008001240                HAL_GetTick
 .text.HAL_COMP_Init
                0x0000000008001258       0xf4 ./Drivers/STM32F3xx_HAL_Driver/Src/stm32f3xx_hal_comp.o
                0x0000000008001258                HAL_COMP_Init
 .text.HAL_COMP_Start
                0x000000000800134c      0x1e0 ./Drivers/STM32F3xx_HAL_Driver/Src/stm32f3xx_hal_comp.o
                0x000000000800134c                HAL_COMP_Start
 .text.HAL_COMP_GetOutputLevel
                0x000000000800152c       0x32 ./Drivers/STM32F3xx_HAL_Driver/Src/stm32f3xx_hal_comp.o
                0x000000000800152c                HAL_COMP_GetOutputLevel
 *fill*         0x000000000800155e        0x2 
 .text.__NVIC_SetPriorityGrouping
                0x0000000008001560       0x48 ./Drivers/STM32F3xx_HAL_Driver/Src/stm32f3xx_hal_cortex.o
 .text.__NVIC_GetPriorityGrouping
                0x00000000080015a8       0x1c ./Drivers/STM32F3xx_HAL_Driver/Src/stm32f3xx_hal_cortex.o
 .text.__NVIC_EnableIRQ
                0x00000000080015c4       0x3c ./Drivers/STM32F3xx_HAL_Driver/Src/stm32f3xx_hal_cortex.o
 .text.__NVIC_SetPriority
                0x0000000008001600       0x54 ./Drivers/STM32F3xx_HAL_Driver/Src/stm32f3xx_hal_cortex.o
 .text.NVIC_EncodePriority
                0x0000000008001654       0x66 ./Drivers/STM32F3xx_HAL_Driver/Src/stm32f3xx_hal_cortex.o
 *fill*         0x00000000080016ba        0x2 
 .text.SysTick_Config
                0x00000000080016bc       0x44 ./Drivers/STM32F3xx_HAL_Driver/Src/stm32f3xx_hal_cortex.o
 .text.HAL_NVIC_SetPriorityGrouping
                0x0000000008001700       0x16 ./Drivers/STM32F3xx_HAL_Driver/Src/stm32f3xx_hal_cortex.o
                0x0000000008001700                HAL_NVIC_SetPriorityGrouping
 .text.HAL_NVIC_SetPriority
                0x0000000008001716       0x38 ./Drivers/STM32F3xx_HAL_Driver/Src/stm32f3xx_hal_cortex.o
                0x0000000008001716                HAL_NVIC_SetPriority
 .text.HAL_NVIC_EnableIRQ
                0x000000000800174e       0x1c ./Drivers/STM32F3xx_HAL_Driver/Src/stm32f3xx_hal_cortex.o
                0x000000000800174e                HAL_NVIC_EnableIRQ
 .text.HAL_SYSTICK_Config
                0x000000000800176a       0x18 ./Drivers/STM32F3xx_HAL_Driver/Src/stm32f3xx_hal_cortex.o
                0x000000000800176a                HAL_SYSTICK_Config
 .text.HAL_SYSTICK_Callback
                0x0000000008001782        0xe ./Drivers/STM32F3xx_HAL_Driver/Src/stm32f3xx_hal_cortex.o
                0x0000000008001782                HAL_SYSTICK_Callback
 .text.HAL_GPIO_Init
                0x0000000008001790      0x314 ./Drivers/STM32F3xx_HAL_Driver/Src/stm32f3xx_hal_gpio.o
                0x0000000008001790                HAL_GPIO_Init
 .text.HAL_GPIO_WritePin
                0x0000000008001aa4       0x30 ./Drivers/STM32F3xx_HAL_Driver/Src/stm32f3xx_hal_gpio.o
                0x0000000008001aa4                HAL_GPIO_WritePin
 .text.HAL_RCC_OscConfig
                0x0000000008001ad4      0xe2c ./Drivers/STM32F3xx_HAL_Driver/Src/stm32f3xx_hal_rcc.o
                0x0000000008001ad4                HAL_RCC_OscConfig
 .text.HAL_RCC_ClockConfig
                0x0000000008002900      0x2f8 ./Drivers/STM32F3xx_HAL_Driver/Src/stm32f3xx_hal_rcc.o
                0x0000000008002900                HAL_RCC_ClockConfig
 .text.HAL_RCC_GetSysClockFreq
                0x0000000008002bf8       0xd4 ./Drivers/STM32F3xx_HAL_Driver/Src/stm32f3xx_hal_rcc.o
                0x0000000008002bf8                HAL_RCC_GetSysClockFreq
 .text.HAL_RCCEx_PeriphCLKConfig
                0x0000000008002ccc      0x43c ./Drivers/STM32F3xx_HAL_Driver/Src/stm32f3xx_hal_rcc_ex.o
                0x0000000008002ccc                HAL_RCCEx_PeriphCLKConfig
 .text.HAL_TIM_Base_Init
                0x0000000008003108       0xae ./Drivers/STM32F3xx_HAL_Driver/Src/stm32f3xx_hal_tim.o
                0x0000000008003108                HAL_TIM_Base_Init
 *fill*         0x00000000080031b6        0x2 
 .text.HAL_TIM_Base_Start_IT
                0x00000000080031b8       0xe0 ./Drivers/STM32F3xx_HAL_Driver/Src/stm32f3xx_hal_tim.o
                0x00000000080031b8                HAL_TIM_Base_Start_IT
 .text.HAL_TIM_PWM_Init
                0x0000000008003298       0xae ./Drivers/STM32F3xx_HAL_Driver/Src/stm32f3xx_hal_tim.o
                0x0000000008003298                HAL_TIM_PWM_Init
 *fill*         0x0000000008003346        0x2 
 .text.HAL_TIM_PWM_Start
                0x0000000008003348      0x218 ./Drivers/STM32F3xx_HAL_Driver/Src/stm32f3xx_hal_tim.o
                0x0000000008003348                HAL_TIM_PWM_Start
 .text.HAL_TIM_IRQHandler
                0x0000000008003560      0x23e ./Drivers/STM32F3xx_HAL_Driver/Src/stm32f3xx_hal_tim.o
                0x0000000008003560                HAL_TIM_IRQHandler
 *fill*         0x000000000800379e        0x2 
 .text.HAL_TIM_PWM_ConfigChannel
                0x00000000080037a0      0x228 ./Drivers/STM32F3xx_HAL_Driver/Src/stm32f3xx_hal_tim.o
                0x00000000080037a0                HAL_TIM_PWM_ConfigChannel
 .text.HAL_TIM_ConfigClockSource
                0x00000000080039c8      0x192 ./Drivers/STM32F3xx_HAL_Driver/Src/stm32f3xx_hal_tim.o
                0x00000000080039c8                HAL_TIM_ConfigClockSource
 .text.HAL_TIM_OC_DelayElapsedCallback
                0x0000000008003b5a       0x14 ./Drivers/STM32F3xx_HAL_Driver/Src/stm32f3xx_hal_tim.o
                0x0000000008003b5a                HAL_TIM_OC_DelayElapsedCallback
 .text.HAL_TIM_IC_CaptureCallback
                0x0000000008003b6e       0x14 ./Drivers/STM32F3xx_HAL_Driver/Src/stm32f3xx_hal_tim.o
                0x0000000008003b6e                HAL_TIM_IC_CaptureCallback
 .text.HAL_TIM_PWM_PulseFinishedCallback
                0x0000000008003b82       0x14 ./Drivers/STM32F3xx_HAL_Driver/Src/stm32f3xx_hal_tim.o
                0x0000000008003b82                HAL_TIM_PWM_PulseFinishedCallback
 .text.HAL_TIM_TriggerCallback
                0x0000000008003b96       0x14 ./Drivers/STM32F3xx_HAL_Driver/Src/stm32f3xx_hal_tim.o
                0x0000000008003b96                HAL_TIM_TriggerCallback
 *fill*         0x0000000008003baa        0x2 
 .text.TIM_Base_SetConfig
                0x0000000008003bac      0x13c ./Drivers/STM32F3xx_HAL_Driver/Src/stm32f3xx_hal_tim.o
                0x0000000008003bac                TIM_Base_SetConfig
 .text.TIM_OC1_SetConfig
                0x0000000008003ce8      0x134 ./Drivers/STM32F3xx_HAL_Driver/Src/stm32f3xx_hal_tim.o
 .text.TIM_OC2_SetConfig
                0x0000000008003e1c      0x128 ./Drivers/STM32F3xx_HAL_Driver/Src/stm32f3xx_hal_tim.o
                0x0000000008003e1c                TIM_OC2_SetConfig
 .text.TIM_OC3_SetConfig
                0x0000000008003f44      0x124 ./Drivers/STM32F3xx_HAL_Driver/Src/stm32f3xx_hal_tim.o
 .text.TIM_OC4_SetConfig
                0x0000000008004068       0xe0 ./Drivers/STM32F3xx_HAL_Driver/Src/stm32f3xx_hal_tim.o
 .text.TIM_OC5_SetConfig
                0x0000000008004148       0xd4 ./Drivers/STM32F3xx_HAL_Driver/Src/stm32f3xx_hal_tim.o
 .text.TIM_OC6_SetConfig
                0x000000000800421c       0xd8 ./Drivers/STM32F3xx_HAL_Driver/Src/stm32f3xx_hal_tim.o
 .text.TIM_TI1_ConfigInputStage
                0x00000000080042f4       0x5e ./Drivers/STM32F3xx_HAL_Driver/Src/stm32f3xx_hal_tim.o
 .text.TIM_TI2_ConfigInputStage
                0x0000000008004352       0x60 ./Drivers/STM32F3xx_HAL_Driver/Src/stm32f3xx_hal_tim.o
 .text.TIM_ITRx_SetConfig
                0x00000000080043b2       0x36 ./Drivers/STM32F3xx_HAL_Driver/Src/stm32f3xx_hal_tim.o
 .text.TIM_ETR_SetConfig
                0x00000000080043e8       0x40 ./Drivers/STM32F3xx_HAL_Driver/Src/stm32f3xx_hal_tim.o
                0x00000000080043e8                TIM_ETR_SetConfig
 .text.TIM_CCxChannelCmd
                0x0000000008004428       0x4a ./Drivers/STM32F3xx_HAL_Driver/Src/stm32f3xx_hal_tim.o
                0x0000000008004428                TIM_CCxChannelCmd
 *fill*         0x0000000008004472        0x2 
 .text.HAL_TIMEx_MasterConfigSynchronization
                0x0000000008004474      0x118 ./Drivers/STM32F3xx_HAL_Driver/Src/stm32f3xx_hal_tim_ex.o
                0x0000000008004474                HAL_TIMEx_MasterConfigSynchronization
 .text.HAL_TIMEx_ConfigBreakDeadTime
                0x000000000800458c      0x10c ./Drivers/STM32F3xx_HAL_Driver/Src/stm32f3xx_hal_tim_ex.o
                0x000000000800458c                HAL_TIMEx_ConfigBreakDeadTime
 .text.HAL_TIMEx_CommutCallback
                0x0000000008004698       0x14 ./Drivers/STM32F3xx_HAL_Driver/Src/stm32f3xx_hal_tim_ex.o
                0x0000000008004698                HAL_TIMEx_CommutCallback
 .text.HAL_TIMEx_BreakCallback
                0x00000000080046ac       0x14 ./Drivers/STM32F3xx_HAL_Driver/Src/stm32f3xx_hal_tim_ex.o
                0x00000000080046ac                HAL_TIMEx_BreakCallback
 .text.HAL_TIMEx_Break2Callback
                0x00000000080046c0       0x14 ./Drivers/STM32F3xx_HAL_Driver/Src/stm32f3xx_hal_tim_ex.o
                0x00000000080046c0                HAL_TIMEx_Break2Callback
 .text.__libc_init_array
                0x00000000080046d4       0x48 d:/st/stm32cubeide_1.8.0/stm32cubeide/plugins/com.st.stm32cube.ide.mcu.externaltools.gnu-tools-for-stm32.9-2020-q2-update.win32_2.0.0.202105311346/tools/bin/../lib/gcc/arm-none-eabi/9.3.1/../../../../arm-none-eabi/lib/thumb/v7e-m+fp/hard\libc_nano.a(lib_a-init.o)
                0x00000000080046d4                __libc_init_array
 .text.memset   0x000000000800471c       0x10 d:/st/stm32cubeide_1.8.0/stm32cubeide/plugins/com.st.stm32cube.ide.mcu.externaltools.gnu-tools-for-stm32.9-2020-q2-update.win32_2.0.0.202105311346/tools/bin/../lib/gcc/arm-none-eabi/9.3.1/../../../../arm-none-eabi/lib/thumb/v7e-m+fp/hard\libc_nano.a(lib_a-memset.o)
                0x000000000800471c                memset
 *(.glue_7)
 .glue_7        0x000000000800472c        0x0 linker stubs
 *(.glue_7t)
 .glue_7t       0x000000000800472c        0x0 linker stubs
 *(.eh_frame)
 .eh_frame      0x000000000800472c        0x0 d:/st/stm32cubeide_1.8.0/stm32cubeide/plugins/com.st.stm32cube.ide.mcu.externaltools.gnu-tools-for-stm32.9-2020-q2-update.win32_2.0.0.202105311346/tools/bin/../lib/gcc/arm-none-eabi/9.3.1/thumb/v7e-m+fp/hard/crtbegin.o
 *(.init)
 .init          0x000000000800472c        0x4 d:/st/stm32cubeide_1.8.0/stm32cubeide/plugins/com.st.stm32cube.ide.mcu.externaltools.gnu-tools-for-stm32.9-2020-q2-update.win32_2.0.0.202105311346/tools/bin/../lib/gcc/arm-none-eabi/9.3.1/thumb/v7e-m+fp/hard/crti.o
                0x000000000800472c                _init
 .init          0x0000000008004730        0x8 d:/st/stm32cubeide_1.8.0/stm32cubeide/plugins/com.st.stm32cube.ide.mcu.externaltools.gnu-tools-for-stm32.9-2020-q2-update.win32_2.0.0.202105311346/tools/bin/../lib/gcc/arm-none-eabi/9.3.1/thumb/v7e-m+fp/hard/crtn.o
 *(.fini)
 .fini          0x0000000008004738        0x4 d:/st/stm32cubeide_1.8.0/stm32cubeide/plugins/com.st.stm32cube.ide.mcu.externaltools.gnu-tools-for-stm32.9-2020-q2-update.win32_2.0.0.202105311346/tools/bin/../lib/gcc/arm-none-eabi/9.3.1/thumb/v7e-m+fp/hard/crti.o
                0x0000000008004738                _fini
 .fini          0x000000000800473c        0x8 d:/st/stm32cubeide_1.8.0/stm32cubeide/plugins/com.st.stm32cube.ide.mcu.externaltools.gnu-tools-for-stm32.9-2020-q2-update.win32_2.0.0.202105311346/tools/bin/../lib/gcc/arm-none-eabi/9.3.1/thumb/v7e-m+fp/hard/crtn.o
                0x0000000008004744                . = ALIGN (0x4)
                0x0000000008004744                _etext = .

.vfp11_veneer   0x0000000008004744        0x0
 .vfp11_veneer  0x0000000008004744        0x0 linker stubs

.v4_bx          0x0000000008004744        0x0
 .v4_bx         0x0000000008004744        0x0 linker stubs

.iplt           0x0000000008004744        0x0
 .iplt          0x0000000008004744        0x0 d:/st/stm32cubeide_1.8.0/stm32cubeide/plugins/com.st.stm32cube.ide.mcu.externaltools.gnu-tools-for-stm32.9-2020-q2-update.win32_2.0.0.202105311346/tools/bin/../lib/gcc/arm-none-eabi/9.3.1/thumb/v7e-m+fp/hard/crtbegin.o

.rodata         0x0000000008004744       0x38
                0x0000000008004744                . = ALIGN (0x4)
 *(.rodata)
 *(.rodata*)
 .rodata.Trigger_Control_State
                0x0000000008004744        0x6 ./Core/Src/SixStepCommutation.o
                0x0000000008004744                Trigger_Control_State
 *fill*         0x000000000800474a        0x2 
 .rodata.AHBPrescTable
                0x000000000800474c       0x10 ./Core/Src/system_stm32f3xx.o
                0x000000000800474c                AHBPrescTable
 .rodata.aPLLMULFactorTable
                0x000000000800475c       0x10 ./Drivers/STM32F3xx_HAL_Driver/Src/stm32f3xx_hal_rcc.o
                0x000000000800475c                aPLLMULFactorTable
 .rodata.aPredivFactorTable
                0x000000000800476c       0x10 ./Drivers/STM32F3xx_HAL_Driver/Src/stm32f3xx_hal_rcc.o
                0x000000000800476c                aPredivFactorTable
                0x000000000800477c                . = ALIGN (0x4)

.rel.dyn        0x000000000800477c        0x0
 .rel.iplt      0x000000000800477c        0x0 d:/st/stm32cubeide_1.8.0/stm32cubeide/plugins/com.st.stm32cube.ide.mcu.externaltools.gnu-tools-for-stm32.9-2020-q2-update.win32_2.0.0.202105311346/tools/bin/../lib/gcc/arm-none-eabi/9.3.1/thumb/v7e-m+fp/hard/crtbegin.o

.ARM.extab      0x000000000800477c        0x0
                0x000000000800477c                . = ALIGN (0x4)
 *(.ARM.extab* .gnu.linkonce.armextab.*)
                0x000000000800477c                . = ALIGN (0x4)

.ARM            0x000000000800477c        0x0
                0x000000000800477c                . = ALIGN (0x4)
                0x000000000800477c                __exidx_start = .
 *(.ARM.exidx*)
                0x000000000800477c                __exidx_end = .
                0x000000000800477c                . = ALIGN (0x4)

.preinit_array  0x000000000800477c        0x0
                0x000000000800477c                . = ALIGN (0x4)
                0x000000000800477c                PROVIDE (__preinit_array_start = .)
 *(.preinit_array*)
                0x000000000800477c                PROVIDE (__preinit_array_end = .)
                0x000000000800477c                . = ALIGN (0x4)

.init_array     0x000000000800477c        0x4
                0x000000000800477c                . = ALIGN (0x4)
                0x000000000800477c                PROVIDE (__init_array_start = .)
 *(SORT_BY_NAME(.init_array.*))
 *(.init_array*)
 .init_array    0x000000000800477c        0x4 d:/st/stm32cubeide_1.8.0/stm32cubeide/plugins/com.st.stm32cube.ide.mcu.externaltools.gnu-tools-for-stm32.9-2020-q2-update.win32_2.0.0.202105311346/tools/bin/../lib/gcc/arm-none-eabi/9.3.1/thumb/v7e-m+fp/hard/crtbegin.o
                0x0000000008004780                PROVIDE (__init_array_end = .)
                0x0000000008004780                . = ALIGN (0x4)

.fini_array     0x0000000008004780        0x4
                0x0000000008004780                . = ALIGN (0x4)
                [!provide]                        PROVIDE (__fini_array_start = .)
 *(SORT_BY_NAME(.fini_array.*))
 *(.fini_array*)
 .fini_array    0x0000000008004780        0x4 d:/st/stm32cubeide_1.8.0/stm32cubeide/plugins/com.st.stm32cube.ide.mcu.externaltools.gnu-tools-for-stm32.9-2020-q2-update.win32_2.0.0.202105311346/tools/bin/../lib/gcc/arm-none-eabi/9.3.1/thumb/v7e-m+fp/hard/crtbegin.o
                [!provide]                        PROVIDE (__fini_array_end = .)
                0x0000000008004784                . = ALIGN (0x4)
                0x0000000008004784                _sidata = LOADADDR (.data)

.data           0x0000000020000000        0xc load address 0x0000000008004784
                0x0000000020000000                . = ALIGN (0x4)
                0x0000000020000000                _sdata = .
 *(.data)
 *(.data*)
 .data.SystemCoreClock
                0x0000000020000000        0x4 ./Core/Src/system_stm32f3xx.o
                0x0000000020000000                SystemCoreClock
 .data.uwTickPrio
                0x0000000020000004        0x4 ./Drivers/STM32F3xx_HAL_Driver/Src/stm32f3xx_hal.o
                0x0000000020000004                uwTickPrio
 .data.uwTickFreq
                0x0000000020000008        0x1 ./Drivers/STM32F3xx_HAL_Driver/Src/stm32f3xx_hal.o
                0x0000000020000008                uwTickFreq
 *(.RamFunc)
 *(.RamFunc*)
                0x000000002000000c                . = ALIGN (0x4)
 *fill*         0x0000000020000009        0x3 
                0x000000002000000c                _edata = .
                0x0000000008004790                _siccmram = LOADADDR (.ccmram)

.igot.plt       0x000000002000000c        0x0 load address 0x0000000008004790
 .igot.plt      0x000000002000000c        0x0 d:/st/stm32cubeide_1.8.0/stm32cubeide/plugins/com.st.stm32cube.ide.mcu.externaltools.gnu-tools-for-stm32.9-2020-q2-update.win32_2.0.0.202105311346/tools/bin/../lib/gcc/arm-none-eabi/9.3.1/thumb/v7e-m+fp/hard/crtbegin.o

.ccmram         0x0000000010000000        0x0 load address 0x0000000008004790
                0x0000000010000000                . = ALIGN (0x4)
                0x0000000010000000                _sccmram = .
 *(.ccmram)
 *(.ccmram*)
                0x0000000010000000                . = ALIGN (0x4)
                0x0000000010000000                _eccmram = .
                0x0000000010000000                . = ALIGN (0x4)

.bss            0x000000002000000c      0x284
                0x000000002000000c                _sbss = .
                0x000000002000000c                __bss_start__ = _sbss
 *(.bss)
 .bss           0x000000002000000c       0x1c d:/st/stm32cubeide_1.8.0/stm32cubeide/plugins/com.st.stm32cube.ide.mcu.externaltools.gnu-tools-for-stm32.9-2020-q2-update.win32_2.0.0.202105311346/tools/bin/../lib/gcc/arm-none-eabi/9.3.1/thumb/v7e-m+fp/hard/crtbegin.o
 *(.bss*)
 .bss.Tour_Counter.8301
                0x0000000020000028        0x4 ./Core/Src/SixStepCommutation.o
 .bss.Tour_Counter.8304
                0x000000002000002c        0x4 ./Core/Src/SixStepCommutation.o
 .bss.Next_State_Index.8307
                0x0000000020000030        0x1 ./Core/Src/SixStepCommutation.o
 *(COMMON)
 *fill*         0x0000000020000031        0x3 
 COMMON         0x0000000020000034      0x258 ./Core/Src/SixStepCommutation.o
                0x0000000020000034                PeriphClkInit
                0x000000002000008c                Start_Up_Time_Task
                0x0000000020000090                htim4
                0x00000000200000dc                hcomp1
                0x000000002000010c                htim3
                0x0000000020000158                timerCounter
                0x000000002000015c                htim1
                0x00000000200001a8                Start_Up
                0x00000000200001b8                hcomp3
                0x00000000200001e8                htim2
                0x0000000020000234                Time
                0x0000000020000238                hcomp5
                0x0000000020000268                Motor_Control
 COMMON         0x000000002000028c        0x4 ./Drivers/STM32F3xx_HAL_Driver/Src/stm32f3xx_hal.o
                0x000000002000028c                uwTick
                0x0000000020000290                . = ALIGN (0x4)
                0x0000000020000290                _ebss = .
                0x0000000020000290                __bss_end__ = _ebss

._user_heap_stack
                0x0000000020000290      0x600
                0x0000000020000290                . = ALIGN (0x8)
                [!provide]                        PROVIDE (end = .)
                0x0000000020000290                PROVIDE (_end = .)
                0x0000000020000490                . = (. + _Min_Heap_Size)
 *fill*         0x0000000020000290      0x200 
                0x0000000020000890                . = (. + _Min_Stack_Size)
 *fill*         0x0000000020000490      0x400 
                0x0000000020000890                . = ALIGN (0x8)

/DISCARD/
 libc.a(*)
 libm.a(*)
 libgcc.a(*)

.ARM.attributes
                0x0000000000000000       0x30
 *(.ARM.attributes)
 .ARM.attributes
                0x0000000000000000       0x1e d:/st/stm32cubeide_1.8.0/stm32cubeide/plugins/com.st.stm32cube.ide.mcu.externaltools.gnu-tools-for-stm32.9-2020-q2-update.win32_2.0.0.202105311346/tools/bin/../lib/gcc/arm-none-eabi/9.3.1/thumb/v7e-m+fp/hard/crti.o
 .ARM.attributes
                0x000000000000001e       0x34 d:/st/stm32cubeide_1.8.0/stm32cubeide/plugins/com.st.stm32cube.ide.mcu.externaltools.gnu-tools-for-stm32.9-2020-q2-update.win32_2.0.0.202105311346/tools/bin/../lib/gcc/arm-none-eabi/9.3.1/thumb/v7e-m+fp/hard/crtbegin.o
 .ARM.attributes
                0x0000000000000052       0x34 ./Core/Src/SixStepCommutation.o
 .ARM.attributes
                0x0000000000000086       0x34 ./Core/Src/TimeTask.o
 .ARM.attributes
                0x00000000000000ba       0x34 ./Core/Src/main.o
 .ARM.attributes
                0x00000000000000ee       0x34 ./Core/Src/stm32f3xx_hal_msp.o
 .ARM.attributes
                0x0000000000000122       0x34 ./Core/Src/stm32f3xx_it.o
 .ARM.attributes
                0x0000000000000156       0x34 ./Core/Src/system_stm32f3xx.o
 .ARM.attributes
                0x000000000000018a       0x21 ./Core/Startup/startup_stm32f303retx.o
 .ARM.attributes
                0x00000000000001ab       0x34 ./Drivers/STM32F3xx_HAL_Driver/Src/stm32f3xx_hal.o
 .ARM.attributes
                0x00000000000001df       0x34 ./Drivers/STM32F3xx_HAL_Driver/Src/stm32f3xx_hal_comp.o
 .ARM.attributes
                0x0000000000000213       0x34 ./Drivers/STM32F3xx_HAL_Driver/Src/stm32f3xx_hal_cortex.o
 .ARM.attributes
                0x0000000000000247       0x34 ./Drivers/STM32F3xx_HAL_Driver/Src/stm32f3xx_hal_gpio.o
 .ARM.attributes
                0x000000000000027b       0x34 ./Drivers/STM32F3xx_HAL_Driver/Src/stm32f3xx_hal_rcc.o
 .ARM.attributes
                0x00000000000002af       0x34 ./Drivers/STM32F3xx_HAL_Driver/Src/stm32f3xx_hal_rcc_ex.o
 .ARM.attributes
                0x00000000000002e3       0x34 ./Drivers/STM32F3xx_HAL_Driver/Src/stm32f3xx_hal_tim.o
 .ARM.attributes
                0x0000000000000317       0x34 ./Drivers/STM32F3xx_HAL_Driver/Src/stm32f3xx_hal_tim_ex.o
 .ARM.attributes
                0x000000000000034b       0x34 d:/st/stm32cubeide_1.8.0/stm32cubeide/plugins/com.st.stm32cube.ide.mcu.externaltools.gnu-tools-for-stm32.9-2020-q2-update.win32_2.0.0.202105311346/tools/bin/../lib/gcc/arm-none-eabi/9.3.1/../../../../arm-none-eabi/lib/thumb/v7e-m+fp/hard\libc_nano.a(lib_a-init.o)
 .ARM.attributes
                0x000000000000037f       0x34 d:/st/stm32cubeide_1.8.0/stm32cubeide/plugins/com.st.stm32cube.ide.mcu.externaltools.gnu-tools-for-stm32.9-2020-q2-update.win32_2.0.0.202105311346/tools/bin/../lib/gcc/arm-none-eabi/9.3.1/../../../../arm-none-eabi/lib/thumb/v7e-m+fp/hard\libc_nano.a(lib_a-memset.o)
 .ARM.attributes
                0x00000000000003b3       0x1e d:/st/stm32cubeide_1.8.0/stm32cubeide/plugins/com.st.stm32cube.ide.mcu.externaltools.gnu-tools-for-stm32.9-2020-q2-update.win32_2.0.0.202105311346/tools/bin/../lib/gcc/arm-none-eabi/9.3.1/thumb/v7e-m+fp/hard/crtn.o
OUTPUT(BLDC_6_Step_Control.elf elf32-littlearm)
LOAD linker stubs
LOAD d:/st/stm32cubeide_1.8.0/stm32cubeide/plugins/com.st.stm32cube.ide.mcu.externaltools.gnu-tools-for-stm32.9-2020-q2-update.win32_2.0.0.202105311346/tools/bin/../lib/gcc/arm-none-eabi/9.3.1/../../../../arm-none-eabi/lib/thumb/v7e-m+fp/hard\libc.a
LOAD d:/st/stm32cubeide_1.8.0/stm32cubeide/plugins/com.st.stm32cube.ide.mcu.externaltools.gnu-tools-for-stm32.9-2020-q2-update.win32_2.0.0.202105311346/tools/bin/../lib/gcc/arm-none-eabi/9.3.1/../../../../arm-none-eabi/lib/thumb/v7e-m+fp/hard\libm.a
LOAD d:/st/stm32cubeide_1.8.0/stm32cubeide/plugins/com.st.stm32cube.ide.mcu.externaltools.gnu-tools-for-stm32.9-2020-q2-update.win32_2.0.0.202105311346/tools/bin/../lib/gcc/arm-none-eabi/9.3.1/thumb/v7e-m+fp/hard\libgcc.a

.debug_info     0x0000000000000000     0xd1d6
 .debug_info    0x0000000000000000      0xdd2 ./Core/Src/SixStepCommutation.o
 .debug_info    0x0000000000000dd2      0xce3 ./Core/Src/TimeTask.o
 .debug_info    0x0000000000001ab5     0x13c0 ./Core/Src/main.o
 .debug_info    0x0000000000002e75      0xf43 ./Core/Src/stm32f3xx_hal_msp.o
 .debug_info    0x0000000000003db8      0x802 ./Core/Src/stm32f3xx_it.o
 .debug_info    0x00000000000045ba      0x49a ./Core/Src/system_stm32f3xx.o
 .debug_info    0x0000000000004a54       0x22 ./Core/Startup/startup_stm32f303retx.o
 .debug_info    0x0000000000004a76      0x86d ./Drivers/STM32F3xx_HAL_Driver/Src/stm32f3xx_hal.o
 .debug_info    0x00000000000052e3      0x832 ./Drivers/STM32F3xx_HAL_Driver/Src/stm32f3xx_hal_comp.o
 .debug_info    0x0000000000005b15      0xe74 ./Drivers/STM32F3xx_HAL_Driver/Src/stm32f3xx_hal_cortex.o
 .debug_info    0x0000000000006989      0x83d ./Drivers/STM32F3xx_HAL_Driver/Src/stm32f3xx_hal_gpio.o
 .debug_info    0x00000000000071c6     0x15c6 ./Drivers/STM32F3xx_HAL_Driver/Src/stm32f3xx_hal_rcc.o
 .debug_info    0x000000000000878c      0x716 ./Drivers/STM32F3xx_HAL_Driver/Src/stm32f3xx_hal_rcc_ex.o
 .debug_info    0x0000000000008ea2     0x2cf6 ./Drivers/STM32F3xx_HAL_Driver/Src/stm32f3xx_hal_tim.o
 .debug_info    0x000000000000bb98     0x163e ./Drivers/STM32F3xx_HAL_Driver/Src/stm32f3xx_hal_tim_ex.o

.debug_abbrev   0x0000000000000000     0x1e35
 .debug_abbrev  0x0000000000000000      0x212 ./Core/Src/SixStepCommutation.o
 .debug_abbrev  0x0000000000000212      0x1c0 ./Core/Src/TimeTask.o
 .debug_abbrev  0x00000000000003d2      0x29a ./Core/Src/main.o
 .debug_abbrev  0x000000000000066c      0x23e ./Core/Src/stm32f3xx_hal_msp.o
 .debug_abbrev  0x00000000000008aa      0x176 ./Core/Src/stm32f3xx_it.o
 .debug_abbrev  0x0000000000000a20      0x145 ./Core/Src/system_stm32f3xx.o
 .debug_abbrev  0x0000000000000b65       0x12 ./Core/Startup/startup_stm32f303retx.o
 .debug_abbrev  0x0000000000000b77      0x1ed ./Drivers/STM32F3xx_HAL_Driver/Src/stm32f3xx_hal.o
 .debug_abbrev  0x0000000000000d64      0x1e7 ./Drivers/STM32F3xx_HAL_Driver/Src/stm32f3xx_hal_comp.o
 .debug_abbrev  0x0000000000000f4b      0x33c ./Drivers/STM32F3xx_HAL_Driver/Src/stm32f3xx_hal_cortex.o
 .debug_abbrev  0x0000000000001287      0x1e8 ./Drivers/STM32F3xx_HAL_Driver/Src/stm32f3xx_hal_gpio.o
 .debug_abbrev  0x000000000000146f      0x2c4 ./Drivers/STM32F3xx_HAL_Driver/Src/stm32f3xx_hal_rcc.o
 .debug_abbrev  0x0000000000001733      0x23e ./Drivers/STM32F3xx_HAL_Driver/Src/stm32f3xx_hal_rcc_ex.o
 .debug_abbrev  0x0000000000001971      0x25e ./Drivers/STM32F3xx_HAL_Driver/Src/stm32f3xx_hal_tim.o
 .debug_abbrev  0x0000000000001bcf      0x266 ./Drivers/STM32F3xx_HAL_Driver/Src/stm32f3xx_hal_tim_ex.o

.debug_aranges  0x0000000000000000      0xad0
 .debug_aranges
                0x0000000000000000       0x48 ./Core/Src/SixStepCommutation.o
 .debug_aranges
                0x0000000000000048       0x20 ./Core/Src/TimeTask.o
 .debug_aranges
                0x0000000000000068       0x68 ./Core/Src/main.o
 .debug_aranges
                0x00000000000000d0       0x58 ./Core/Src/stm32f3xx_hal_msp.o
 .debug_aranges
                0x0000000000000128       0x68 ./Core/Src/stm32f3xx_it.o
 .debug_aranges
                0x0000000000000190       0x28 ./Core/Src/system_stm32f3xx.o
 .debug_aranges
                0x00000000000001b8       0x28 ./Core/Startup/startup_stm32f303retx.o
 .debug_aranges
                0x00000000000001e0       0xe0 ./Drivers/STM32F3xx_HAL_Driver/Src/stm32f3xx_hal.o
 .debug_aranges
                0x00000000000002c0       0x88 ./Drivers/STM32F3xx_HAL_Driver/Src/stm32f3xx_hal_comp.o
 .debug_aranges
                0x0000000000000348      0x118 ./Drivers/STM32F3xx_HAL_Driver/Src/stm32f3xx_hal_cortex.o
 .debug_aranges
                0x0000000000000460       0x58 ./Drivers/STM32F3xx_HAL_Driver/Src/stm32f3xx_hal_gpio.o
 .debug_aranges
                0x00000000000004b8       0x88 ./Drivers/STM32F3xx_HAL_Driver/Src/stm32f3xx_hal_rcc.o
 .debug_aranges
                0x0000000000000540       0x38 ./Drivers/STM32F3xx_HAL_Driver/Src/stm32f3xx_hal_rcc_ex.o
 .debug_aranges
                0x0000000000000578      0x3e0 ./Drivers/STM32F3xx_HAL_Driver/Src/stm32f3xx_hal_tim.o
 .debug_aranges
                0x0000000000000958      0x178 ./Drivers/STM32F3xx_HAL_Driver/Src/stm32f3xx_hal_tim_ex.o

.debug_ranges   0x0000000000000000      0x9e8
 .debug_ranges  0x0000000000000000       0x38 ./Core/Src/SixStepCommutation.o
 .debug_ranges  0x0000000000000038       0x10 ./Core/Src/TimeTask.o
 .debug_ranges  0x0000000000000048       0x58 ./Core/Src/main.o
 .debug_ranges  0x00000000000000a0       0x48 ./Core/Src/stm32f3xx_hal_msp.o
 .debug_ranges  0x00000000000000e8       0x58 ./Core/Src/stm32f3xx_it.o
 .debug_ranges  0x0000000000000140       0x18 ./Core/Src/system_stm32f3xx.o
 .debug_ranges  0x0000000000000158       0x20 ./Core/Startup/startup_stm32f303retx.o
 .debug_ranges  0x0000000000000178       0xd0 ./Drivers/STM32F3xx_HAL_Driver/Src/stm32f3xx_hal.o
 .debug_ranges  0x0000000000000248       0x78 ./Drivers/STM32F3xx_HAL_Driver/Src/stm32f3xx_hal_comp.o
 .debug_ranges  0x00000000000002c0      0x108 ./Drivers/STM32F3xx_HAL_Driver/Src/stm32f3xx_hal_cortex.o
 .debug_ranges  0x00000000000003c8       0x48 ./Drivers/STM32F3xx_HAL_Driver/Src/stm32f3xx_hal_gpio.o
 .debug_ranges  0x0000000000000410       0x78 ./Drivers/STM32F3xx_HAL_Driver/Src/stm32f3xx_hal_rcc.o
 .debug_ranges  0x0000000000000488       0x28 ./Drivers/STM32F3xx_HAL_Driver/Src/stm32f3xx_hal_rcc_ex.o
 .debug_ranges  0x00000000000004b0      0x3d0 ./Drivers/STM32F3xx_HAL_Driver/Src/stm32f3xx_hal_tim.o
 .debug_ranges  0x0000000000000880      0x168 ./Drivers/STM32F3xx_HAL_Driver/Src/stm32f3xx_hal_tim_ex.o

.debug_macro    0x0000000000000000    0x200bf
 .debug_macro   0x0000000000000000      0x20b ./Core/Src/SixStepCommutation.o
 .debug_macro   0x000000000000020b      0xaa8 ./Core/Src/SixStepCommutation.o
 .debug_macro   0x0000000000000cb3      0x157 ./Core/Src/SixStepCommutation.o
 .debug_macro   0x0000000000000e0a       0x2e ./Core/Src/SixStepCommutation.o
 .debug_macro   0x0000000000000e38       0x28 ./Core/Src/SixStepCommutation.o
 .debug_macro   0x0000000000000e60       0x22 ./Core/Src/SixStepCommutation.o
 .debug_macro   0x0000000000000e82       0x8e ./Core/Src/SixStepCommutation.o
 .debug_macro   0x0000000000000f10       0x51 ./Core/Src/SixStepCommutation.o
 .debug_macro   0x0000000000000f61      0x103 ./Core/Src/SixStepCommutation.o
 .debug_macro   0x0000000000001064       0x6a ./Core/Src/SixStepCommutation.o
 .debug_macro   0x00000000000010ce      0x1df ./Core/Src/SixStepCommutation.o
 .debug_macro   0x00000000000012ad       0x1c ./Core/Src/SixStepCommutation.o
 .debug_macro   0x00000000000012c9       0x22 ./Core/Src/SixStepCommutation.o
 .debug_macro   0x00000000000012eb       0xdf ./Core/Src/SixStepCommutation.o
 .debug_macro   0x00000000000013ca     0x102d ./Core/Src/SixStepCommutation.o
 .debug_macro   0x00000000000023f7      0x11f ./Core/Src/SixStepCommutation.o
 .debug_macro   0x0000000000002516    0x1535a ./Core/Src/SixStepCommutation.o
 .debug_macro   0x0000000000017870       0x6d ./Core/Src/SixStepCommutation.o
 .debug_macro   0x00000000000178dd     0x3540 ./Core/Src/SixStepCommutation.o
 .debug_macro   0x000000000001ae1d      0x174 ./Core/Src/SixStepCommutation.o
 .debug_macro   0x000000000001af91       0x55 ./Core/Src/SixStepCommutation.o
 .debug_macro   0x000000000001afe6      0x954 ./Core/Src/SixStepCommutation.o
 .debug_macro   0x000000000001b93a      0x84a ./Core/Src/SixStepCommutation.o
 .debug_macro   0x000000000001c184      0x1b6 ./Core/Src/SixStepCommutation.o
 .debug_macro   0x000000000001c33a      0x23a ./Core/Src/SixStepCommutation.o
 .debug_macro   0x000000000001c574      0x1ea ./Core/Src/SixStepCommutation.o
 .debug_macro   0x000000000001c75e      0x1bc ./Core/Src/SixStepCommutation.o
 .debug_macro   0x000000000001c91a       0x30 ./Core/Src/SixStepCommutation.o
 .debug_macro   0x000000000001c94a       0x3c ./Core/Src/SixStepCommutation.o
 .debug_macro   0x000000000001c986      0x236 ./Core/Src/SixStepCommutation.o
 .debug_macro   0x000000000001cbbc       0x73 ./Core/Src/SixStepCommutation.o
 .debug_macro   0x000000000001cc2f      0x56a ./Core/Src/SixStepCommutation.o
 .debug_macro   0x000000000001d199       0x12 ./Core/Src/SixStepCommutation.o
 .debug_macro   0x000000000001d1ab       0xc5 ./Core/Src/SixStepCommutation.o
 .debug_macro   0x000000000001d270      0x21d ./Core/Src/SixStepCommutation.o
 .debug_macro   0x000000000001d48d      0x22c ./Core/Src/SixStepCommutation.o
 .debug_macro   0x000000000001d6b9       0x5b ./Core/Src/SixStepCommutation.o
 .debug_macro   0x000000000001d714       0xa5 ./Core/Src/SixStepCommutation.o
 .debug_macro   0x000000000001d7b9       0x81 ./Core/Src/SixStepCommutation.o
 .debug_macro   0x000000000001d83a       0xd3 ./Core/Src/SixStepCommutation.o
 .debug_macro   0x000000000001d90d      0xa3d ./Core/Src/SixStepCommutation.o
 .debug_macro   0x000000000001e34a       0xbb ./Core/Src/SixStepCommutation.o
 .debug_macro   0x000000000001e405      0x347 ./Core/Src/SixStepCommutation.o
 .debug_macro   0x000000000001e74c       0x34 ./Core/Src/SixStepCommutation.o
 .debug_macro   0x000000000001e780       0x22 ./Core/Src/SixStepCommutation.o
 .debug_macro   0x000000000001e7a2       0x10 ./Core/Src/SixStepCommutation.o
 .debug_macro   0x000000000001e7b2      0x207 ./Core/Src/TimeTask.o
 .debug_macro   0x000000000001e9b9      0x20b ./Core/Src/main.o
 .debug_macro   0x000000000001ebc4      0x1eb ./Core/Src/stm32f3xx_hal_msp.o
 .debug_macro   0x000000000001edaf      0x1f5 ./Core/Src/stm32f3xx_it.o
 .debug_macro   0x000000000001efa4      0x1dc ./Core/Src/system_stm32f3xx.o
 .debug_macro   0x000000000001f180      0x200 ./Drivers/STM32F3xx_HAL_Driver/Src/stm32f3xx_hal.o
 .debug_macro   0x000000000001f380      0x1eb ./Drivers/STM32F3xx_HAL_Driver/Src/stm32f3xx_hal_comp.o
 .debug_macro   0x000000000001f56b      0x1dc ./Drivers/STM32F3xx_HAL_Driver/Src/stm32f3xx_hal_cortex.o
 .debug_macro   0x000000000001f747      0x1e3 ./Drivers/STM32F3xx_HAL_Driver/Src/stm32f3xx_hal_gpio.o
 .debug_macro   0x000000000001f92a      0x200 ./Drivers/STM32F3xx_HAL_Driver/Src/stm32f3xx_hal_rcc.o
 .debug_macro   0x000000000001fb2a      0x1dc ./Drivers/STM32F3xx_HAL_Driver/Src/stm32f3xx_hal_rcc_ex.o
 .debug_macro   0x000000000001fd06      0x1dd ./Drivers/STM32F3xx_HAL_Driver/Src/stm32f3xx_hal_tim.o
 .debug_macro   0x000000000001fee3      0x1dc ./Drivers/STM32F3xx_HAL_Driver/Src/stm32f3xx_hal_tim_ex.o

.debug_line     0x0000000000000000     0xdbab
 .debug_line    0x0000000000000000      0x953 ./Core/Src/SixStepCommutation.o
 .debug_line    0x0000000000000953      0x71f ./Core/Src/TimeTask.o
 .debug_line    0x0000000000001072      0xa15 ./Core/Src/main.o
 .debug_line    0x0000000000001a87      0x8b9 ./Core/Src/stm32f3xx_hal_msp.o
 .debug_line    0x0000000000002340      0x7cd ./Core/Src/stm32f3xx_it.o
 .debug_line    0x0000000000002b0d      0x76d ./Core/Src/system_stm32f3xx.o
 .debug_line    0x000000000000327a       0x88 ./Core/Startup/startup_stm32f303retx.o
 .debug_line    0x0000000000003302      0x99d ./Drivers/STM32F3xx_HAL_Driver/Src/stm32f3xx_hal.o
 .debug_line    0x0000000000003c9f      0xccd ./Drivers/STM32F3xx_HAL_Driver/Src/stm32f3xx_hal_comp.o
 .debug_line    0x000000000000496c      0xc62 ./Drivers/STM32F3xx_HAL_Driver/Src/stm32f3xx_hal_cortex.o
 .debug_line    0x00000000000055ce      0xb26 ./Drivers/STM32F3xx_HAL_Driver/Src/stm32f3xx_hal_gpio.o
 .debug_line    0x00000000000060f4     0x138e ./Drivers/STM32F3xx_HAL_Driver/Src/stm32f3xx_hal_rcc.o
 .debug_line    0x0000000000007482      0xeb9 ./Drivers/STM32F3xx_HAL_Driver/Src/stm32f3xx_hal_rcc_ex.o
 .debug_line    0x000000000000833b     0x3dae ./Drivers/STM32F3xx_HAL_Driver/Src/stm32f3xx_hal_tim.o
 .debug_line    0x000000000000c0e9     0x1ac2 ./Drivers/STM32F3xx_HAL_Driver/Src/stm32f3xx_hal_tim_ex.o

.debug_str      0x0000000000000000    0xc7a11
 .debug_str     0x0000000000000000    0xc4f2d ./Core/Src/SixStepCommutation.o
                                      0xc56c7 (size before relaxing)
 .debug_str     0x00000000000c4f2d       0x3a ./Core/Src/TimeTask.o
                                      0xc5621 (size before relaxing)
 .debug_str     0x00000000000c4f67      0x47d ./Core/Src/main.o
                                      0xc5a80 (size before relaxing)
 .debug_str     0x00000000000c53e4      0x43a ./Core/Src/stm32f3xx_hal_msp.o
                                      0xc580e (size before relaxing)
 .debug_str     0x00000000000c581e       0xcd ./Core/Src/stm32f3xx_it.o
                                      0xc5164 (size before relaxing)
 .debug_str     0x00000000000c58eb       0xbd ./Core/Src/system_stm32f3xx.o
                                      0xc4bfd (size before relaxing)
 .debug_str     0x00000000000c59a8       0x7c ./Core/Startup/startup_stm32f303retx.o
 .debug_str     0x00000000000c5a24      0x317 ./Drivers/STM32F3xx_HAL_Driver/Src/stm32f3xx_hal.o
                                      0xc5404 (size before relaxing)
 .debug_str     0x00000000000c5d3b      0x1af ./Drivers/STM32F3xx_HAL_Driver/Src/stm32f3xx_hal_comp.o
                                      0xc4eee (size before relaxing)
 .debug_str     0x00000000000c5eea      0x3b6 ./Drivers/STM32F3xx_HAL_Driver/Src/stm32f3xx_hal_cortex.o
                                      0xc5512 (size before relaxing)
 .debug_str     0x00000000000c62a0      0x195 ./Drivers/STM32F3xx_HAL_Driver/Src/stm32f3xx_hal_gpio.o
                                      0xc4e20 (size before relaxing)
 .debug_str     0x00000000000c6435      0x303 ./Drivers/STM32F3xx_HAL_Driver/Src/stm32f3xx_hal_rcc.o
                                      0xc506f (size before relaxing)
 .debug_str     0x00000000000c6738       0xd8 ./Drivers/STM32F3xx_HAL_Driver/Src/stm32f3xx_hal_rcc_ex.o
                                      0xc4eb9 (size before relaxing)
 .debug_str     0x00000000000c6810      0xd6d ./Drivers/STM32F3xx_HAL_Driver/Src/stm32f3xx_hal_tim.o
                                      0xc5fc0 (size before relaxing)
 .debug_str     0x00000000000c757d      0x494 ./Drivers/STM32F3xx_HAL_Driver/Src/stm32f3xx_hal_tim_ex.o
                                      0xc57c4 (size before relaxing)

.comment        0x0000000000000000       0x53
 .comment       0x0000000000000000       0x53 ./Core/Src/SixStepCommutation.o
                                         0x54 (size before relaxing)
 .comment       0x0000000000000053       0x54 ./Core/Src/TimeTask.o
 .comment       0x0000000000000053       0x54 ./Core/Src/main.o
 .comment       0x0000000000000053       0x54 ./Core/Src/stm32f3xx_hal_msp.o
 .comment       0x0000000000000053       0x54 ./Core/Src/stm32f3xx_it.o
 .comment       0x0000000000000053       0x54 ./Core/Src/system_stm32f3xx.o
 .comment       0x0000000000000053       0x54 ./Drivers/STM32F3xx_HAL_Driver/Src/stm32f3xx_hal.o
 .comment       0x0000000000000053       0x54 ./Drivers/STM32F3xx_HAL_Driver/Src/stm32f3xx_hal_comp.o
 .comment       0x0000000000000053       0x54 ./Drivers/STM32F3xx_HAL_Driver/Src/stm32f3xx_hal_cortex.o
 .comment       0x0000000000000053       0x54 ./Drivers/STM32F3xx_HAL_Driver/Src/stm32f3xx_hal_gpio.o
 .comment       0x0000000000000053       0x54 ./Drivers/STM32F3xx_HAL_Driver/Src/stm32f3xx_hal_rcc.o
 .comment       0x0000000000000053       0x54 ./Drivers/STM32F3xx_HAL_Driver/Src/stm32f3xx_hal_rcc_ex.o
 .comment       0x0000000000000053       0x54 ./Drivers/STM32F3xx_HAL_Driver/Src/stm32f3xx_hal_tim.o
 .comment       0x0000000000000053       0x54 ./Drivers/STM32F3xx_HAL_Driver/Src/stm32f3xx_hal_tim_ex.o

.debug_frame    0x0000000000000000     0x2bfc
 .debug_frame   0x0000000000000000       0xc4 ./Core/Src/SixStepCommutation.o
 .debug_frame   0x00000000000000c4       0x38 ./Core/Src/TimeTask.o
 .debug_frame   0x00000000000000fc      0x150 ./Core/Src/main.o
 .debug_frame   0x000000000000024c      0x138 ./Core/Src/stm32f3xx_hal_msp.o
 .debug_frame   0x0000000000000384      0x120 ./Core/Src/stm32f3xx_it.o
 .debug_frame   0x00000000000004a4       0x58 ./Core/Src/system_stm32f3xx.o
 .debug_frame   0x00000000000004fc      0x334 ./Drivers/STM32F3xx_HAL_Driver/Src/stm32f3xx_hal.o
 .debug_frame   0x0000000000000830      0x230 ./Drivers/STM32F3xx_HAL_Driver/Src/stm32f3xx_hal_comp.o
 .debug_frame   0x0000000000000a60      0x498 ./Drivers/STM32F3xx_HAL_Driver/Src/stm32f3xx_hal_cortex.o
 .debug_frame   0x0000000000000ef8      0x14c ./Drivers/STM32F3xx_HAL_Driver/Src/stm32f3xx_hal_gpio.o
 .debug_frame   0x0000000000001044      0x214 ./Drivers/STM32F3xx_HAL_Driver/Src/stm32f3xx_hal_rcc.o
 .debug_frame   0x0000000000001258       0xb4 ./Drivers/STM32F3xx_HAL_Driver/Src/stm32f3xx_hal_rcc_ex.o
 .debug_frame   0x000000000000130c     0x121c ./Drivers/STM32F3xx_HAL_Driver/Src/stm32f3xx_hal_tim.o
 .debug_frame   0x0000000000002528      0x688 ./Drivers/STM32F3xx_HAL_Driver/Src/stm32f3xx_hal_tim_ex.o
 .debug_frame   0x0000000000002bb0       0x2c d:/st/stm32cubeide_1.8.0/stm32cubeide/plugins/com.st.stm32cube.ide.mcu.externaltools.gnu-tools-for-stm32.9-2020-q2-update.win32_2.0.0.202105311346/tools/bin/../lib/gcc/arm-none-eabi/9.3.1/../../../../arm-none-eabi/lib/thumb/v7e-m+fp/hard\libc_nano.a(lib_a-init.o)
 .debug_frame   0x0000000000002bdc       0x20 d:/st/stm32cubeide_1.8.0/stm32cubeide/plugins/com.st.stm32cube.ide.mcu.externaltools.gnu-tools-for-stm32.9-2020-q2-update.win32_2.0.0.202105311346/tools/bin/../lib/gcc/arm-none-eabi/9.3.1/../../../../arm-none-eabi/lib/thumb/v7e-m+fp/hard\libc_nano.a(lib_a-memset.o)
