Archive member included to satisfy reference by file (symbol)

d:/st/stm32cubeide_1.8.0/stm32cubeide/plugins/com.st.stm32cube.ide.mcu.externaltools.gnu-tools-for-stm32.9-2020-q2-update.win32_2.0.0.202105311346/tools/bin/../lib/gcc/arm-none-eabi/9.3.1/../../../../arm-none-eabi/lib/thumb/v7e-m+fp/hard\libc_nano.a(lib_a-errno.o)
                              ./Core/Src/syscalls.o (__errno)
d:/st/stm32cubeide_1.8.0/stm32cubeide/plugins/com.st.stm32cube.ide.mcu.externaltools.gnu-tools-for-stm32.9-2020-q2-update.win32_2.0.0.202105311346/tools/bin/../lib/gcc/arm-none-eabi/9.3.1/../../../../arm-none-eabi/lib/thumb/v7e-m+fp/hard\libc_nano.a(lib_a-exit.o)
                              d:/st/stm32cubeide_1.8.0/stm32cubeide/plugins/com.st.stm32cube.ide.mcu.externaltools.gnu-tools-for-stm32.9-2020-q2-update.win32_2.0.0.202105311346/tools/bin/../lib/gcc/arm-none-eabi/9.3.1/../../../../arm-none-eabi/lib/thumb/v7e-m+fp/hard/crt0.o (exit)
d:/st/stm32cubeide_1.8.0/stm32cubeide/plugins/com.st.stm32cube.ide.mcu.externaltools.gnu-tools-for-stm32.9-2020-q2-update.win32_2.0.0.202105311346/tools/bin/../lib/gcc/arm-none-eabi/9.3.1/../../../../arm-none-eabi/lib/thumb/v7e-m+fp/hard\libc_nano.a(lib_a-impure.o)
                              d:/st/stm32cubeide_1.8.0/stm32cubeide/plugins/com.st.stm32cube.ide.mcu.externaltools.gnu-tools-for-stm32.9-2020-q2-update.win32_2.0.0.202105311346/tools/bin/../lib/gcc/arm-none-eabi/9.3.1/../../../../arm-none-eabi/lib/thumb/v7e-m+fp/hard\libc_nano.a(lib_a-exit.o) (_global_impure_ptr)
d:/st/stm32cubeide_1.8.0/stm32cubeide/plugins/com.st.stm32cube.ide.mcu.externaltools.gnu-tools-for-stm32.9-2020-q2-update.win32_2.0.0.202105311346/tools/bin/../lib/gcc/arm-none-eabi/9.3.1/../../../../arm-none-eabi/lib/thumb/v7e-m+fp/hard\libc_nano.a(lib_a-init.o)
                              d:/st/stm32cubeide_1.8.0/stm32cubeide/plugins/com.st.stm32cube.ide.mcu.externaltools.gnu-tools-for-stm32.9-2020-q2-update.win32_2.0.0.202105311346/tools/bin/../lib/gcc/arm-none-eabi/9.3.1/../../../../arm-none-eabi/lib/thumb/v7e-m+fp/hard/crt0.o (__libc_init_array)
d:/st/stm32cubeide_1.8.0/stm32cubeide/plugins/com.st.stm32cube.ide.mcu.externaltools.gnu-tools-for-stm32.9-2020-q2-update.win32_2.0.0.202105311346/tools/bin/../lib/gcc/arm-none-eabi/9.3.1/../../../../arm-none-eabi/lib/thumb/v7e-m+fp/hard\libc_nano.a(lib_a-memset.o)
                              d:/st/stm32cubeide_1.8.0/stm32cubeide/plugins/com.st.stm32cube.ide.mcu.externaltools.gnu-tools-for-stm32.9-2020-q2-update.win32_2.0.0.202105311346/tools/bin/../lib/gcc/arm-none-eabi/9.3.1/../../../../arm-none-eabi/lib/thumb/v7e-m+fp/hard/crt0.o (memset)

Allocating common symbols
Common symbol       size              file

saniye2             0x4               ./Core/Src/SixStepCommutation.o
PeriphClkInit       0x34              ./Core/Src/SixStepCommutation.o
Start_Up_Time_Task  0x4               ./Core/Src/SixStepCommutation.o
elapsedtime         0x4               ./Core/Src/SixStepCommutation.o
htim15              0x4c              ./Core/Src/SixStepCommutation.o
saniye              0x4               ./Core/Src/SixStepCommutation.o
hcomp6              0x30              ./Core/Src/SixStepCommutation.o
uwTick              0x4               ./Drivers/STM32F3xx_HAL_Driver/Src/stm32f3xx_hal.o
pFlash              0x20              ./Drivers/STM32F3xx_HAL_Driver/Src/stm32f3xx_hal_flash.o
RpmFlag             0x4               ./Core/Src/SixStepCommutation.o
rpmvalue            0x4               ./Core/Src/SixStepCommutation.o
hcomp4              0x30              ./Core/Src/SixStepCommutation.o
timerCounter        0x4               ./Core/Src/SixStepCommutation.o
RpmFlagOld          0x4               ./Core/Src/SixStepCommutation.o
htim1               0x4c              ./Core/Src/SixStepCommutation.o
Start_Up            0x10              ./Core/Src/SixStepCommutation.o
hcomp2              0x30              ./Core/Src/SixStepCommutation.o
htim2               0x4c              ./Core/Src/SixStepCommutation.o
Time                0x1               ./Core/Src/SixStepCommutation.o
Motor_Control       0x38              ./Core/Src/SixStepCommutation.o

Discarded input sections

 .text          0x0000000000000000        0x0 d:/st/stm32cubeide_1.8.0/stm32cubeide/plugins/com.st.stm32cube.ide.mcu.externaltools.gnu-tools-for-stm32.9-2020-q2-update.win32_2.0.0.202105311346/tools/bin/../lib/gcc/arm-none-eabi/9.3.1/thumb/v7e-m+fp/hard/crti.o
 .data          0x0000000000000000        0x0 d:/st/stm32cubeide_1.8.0/stm32cubeide/plugins/com.st.stm32cube.ide.mcu.externaltools.gnu-tools-for-stm32.9-2020-q2-update.win32_2.0.0.202105311346/tools/bin/../lib/gcc/arm-none-eabi/9.3.1/thumb/v7e-m+fp/hard/crti.o
 .bss           0x0000000000000000        0x0 d:/st/stm32cubeide_1.8.0/stm32cubeide/plugins/com.st.stm32cube.ide.mcu.externaltools.gnu-tools-for-stm32.9-2020-q2-update.win32_2.0.0.202105311346/tools/bin/../lib/gcc/arm-none-eabi/9.3.1/thumb/v7e-m+fp/hard/crti.o
[...]
Memory Configuration

Name             Origin             Length             Attributes
RAM              0x0000000020000000 0x0000000000004000 xrw
FLASH            0x0000000008000000 0x0000000000010000 xr
*default*        0x0000000000000000 0xffffffffffffffff

Linker script and memory map

LOAD d:/st/stm32cubeide_1.8.0/stm32cubeide/plugins/com.st.stm32cube.ide.mcu.externaltools.gnu-tools-for-stm32.9-2020-q2-update.win32_2.0.0.202105311346/tools/bin/../lib/gcc/arm-none-eabi/9.3.1/thumb/v7e-m+fp/hard/crti.o
LOAD d:/st/stm32cubeide_1.8.0/stm32cubeide/plugins/com.st.stm32cube.ide.mcu.externaltools.gnu-tools-for-stm32.9-2020-q2-update.win32_2.0.0.202105311346/tools/bin/../lib/gcc/arm-none-eabi/9.3.1/thumb/v7e-m+fp/hard/crtbegin.o
LOAD d:/st/stm32cubeide_1.8.0/stm32cubeide/plugins/com.st.stm32cube.ide.mcu.externaltools.gnu-tools-for-stm32.9-2020-q2-update.win32_2.0.0.202105311346/tools/bin/../lib/gcc/arm-none-eabi/9.3.1/../../../../arm-none-eabi/lib/thumb/v7e-m+fp/hard/crt0.o
LOAD ./Core/Src/SixStepCommutation.o
LOAD ./Core/Src/TimeTask.o
LOAD ./Core/Src/main.o
LOAD ./Core/Src/stm32f3xx_hal_msp.o
LOAD ./Core/Src/stm32f3xx_it.o
LOAD ./Core/Src/syscalls.o
LOAD ./Core/Src/sysmem.o
LOAD ./Core/Src/system_stm32f3xx.o
LOAD ./Core/Startup/startup_stm32f302r8tx.o
LOAD ./Drivers/STM32F3xx_HAL_Driver/Src/stm32f3xx_hal.o
LOAD ./Drivers/STM32F3xx_HAL_Driver/Src/stm32f3xx_hal_comp.o
LOAD ./Drivers/STM32F3xx_HAL_Driver/Src/stm32f3xx_hal_cortex.o
LOAD ./Drivers/STM32F3xx_HAL_Driver/Src/stm32f3xx_hal_dma.o
LOAD ./Drivers/STM32F3xx_HAL_Driver/Src/stm32f3xx_hal_exti.o
LOAD ./Drivers/STM32F3xx_HAL_Driver/Src/stm32f3xx_hal_flash.o
LOAD ./Drivers/STM32F3xx_HAL_Driver/Src/stm32f3xx_hal_flash_ex.o
LOAD ./Drivers/STM32F3xx_HAL_Driver/Src/stm32f3xx_hal_gpio.o
LOAD ./Drivers/STM32F3xx_HAL_Driver/Src/stm32f3xx_hal_i2c.o
LOAD ./Drivers/STM32F3xx_HAL_Driver/Src/stm32f3xx_hal_i2c_ex.o
LOAD ./Drivers/STM32F3xx_HAL_Driver/Src/stm32f3xx_hal_pwr.o
LOAD ./Drivers/STM32F3xx_HAL_Driver/Src/stm32f3xx_hal_pwr_ex.o
LOAD ./Drivers/STM32F3xx_HAL_Driver/Src/stm32f3xx_hal_rcc.o
LOAD ./Drivers/STM32F3xx_HAL_Driver/Src/stm32f3xx_hal_rcc_ex.o
LOAD ./Drivers/STM32F3xx_HAL_Driver/Src/stm32f3xx_hal_tim.o
LOAD ./Drivers/STM32F3xx_HAL_Driver/Src/stm32f3xx_hal_tim_ex.o
START GROUP
LOAD d:/st/stm32cubeide_1.8.0/stm32cubeide/plugins/com.st.stm32cube.ide.mcu.externaltools.gnu-tools-for-stm32.9-2020-q2-update.win32_2.0.0.202105311346/tools/bin/../lib/gcc/arm-none-eabi/9.3.1/../../../../arm-none-eabi/lib/thumb/v7e-m+fp/hard\libc_nano.a
LOAD d:/st/stm32cubeide_1.8.0/stm32cubeide/plugins/com.st.stm32cube.ide.mcu.externaltools.gnu-tools-for-stm32.9-2020-q2-update.win32_2.0.0.202105311346/tools/bin/../lib/gcc/arm-none-eabi/9.3.1/../../../../arm-none-eabi/lib/thumb/v7e-m+fp/hard\libm.a
END GROUP
START GROUP
LOAD d:/st/stm32cubeide_1.8.0/stm32cubeide/plugins/com.st.stm32cube.ide.mcu.externaltools.gnu-tools-for-stm32.9-2020-q2-update.win32_2.0.0.202105311346/tools/bin/../lib/gcc/arm-none-eabi/9.3.1/thumb/v7e-m+fp/hard\libgcc.a
LOAD d:/st/stm32cubeide_1.8.0/stm32cubeide/plugins/com.st.stm32cube.ide.mcu.externaltools.gnu-tools-for-stm32.9-2020-q2-update.win32_2.0.0.202105311346/tools/bin/../lib/gcc/arm-none-eabi/9.3.1/../../../../arm-none-eabi/lib/thumb/v7e-m+fp/hard\libc_nano.a
END GROUP
START GROUP
LOAD d:/st/stm32cubeide_1.8.0/stm32cubeide/plugins/com.st.stm32cube.ide.mcu.externaltools.gnu-tools-for-stm32.9-2020-q2-update.win32_2.0.0.202105311346/tools/bin/../lib/gcc/arm-none-eabi/9.3.1/thumb/v7e-m+fp/hard\libgcc.a
LOAD d:/st/stm32cubeide_1.8.0/stm32cubeide/plugins/com.st.stm32cube.ide.mcu.externaltools.gnu-tools-for-stm32.9-2020-q2-update.win32_2.0.0.202105311346/tools/bin/../lib/gcc/arm-none-eabi/9.3.1/../../../../arm-none-eabi/lib/thumb/v7e-m+fp/hard\libc_nano.a
LOAD d:/st/stm32cubeide_1.8.0/stm32cubeide/plugins/com.st.stm32cube.ide.mcu.externaltools.gnu-tools-for-stm32.9-2020-q2-update.win32_2.0.0.202105311346/tools/bin/../lib/gcc/arm-none-eabi/9.3.1/../../../../arm-none-eabi/lib/thumb/v7e-m+fp/hard\libnosys.a
END GROUP
START GROUP
LOAD d:/st/stm32cubeide_1.8.0/stm32cubeide/plugins/com.st.stm32cube.ide.mcu.externaltools.gnu-tools-for-stm32.9-2020-q2-update.win32_2.0.0.202105311346/tools/bin/../lib/gcc/arm-none-eabi/9.3.1/thumb/v7e-m+fp/hard\libgcc.a
LOAD d:/st/stm32cubeide_1.8.0/stm32cubeide/plugins/com.st.stm32cube.ide.mcu.externaltools.gnu-tools-for-stm32.9-2020-q2-update.win32_2.0.0.202105311346/tools/bin/../lib/gcc/arm-none-eabi/9.3.1/../../../../arm-none-eabi/lib/thumb/v7e-m+fp/hard\libc_nano.a
LOAD d:/st/stm32cubeide_1.8.0/stm32cubeide/plugins/com.st.stm32cube.ide.mcu.externaltools.gnu-tools-for-stm32.9-2020-q2-update.win32_2.0.0.202105311346/tools/bin/../lib/gcc/arm-none-eabi/9.3.1/../../../../arm-none-eabi/lib/thumb/v7e-m+fp/hard\libnosys.a
END GROUP
LOAD d:/st/stm32cubeide_1.8.0/stm32cubeide/plugins/com.st.stm32cube.ide.mcu.externaltools.gnu-tools-for-stm32.9-2020-q2-update.win32_2.0.0.202105311346/tools/bin/../lib/gcc/arm-none-eabi/9.3.1/thumb/v7e-m+fp/hard/crtend.o
LOAD d:/st/stm32cubeide_1.8.0/stm32cubeide/plugins/com.st.stm32cube.ide.mcu.externaltools.gnu-tools-for-stm32.9-2020-q2-update.win32_2.0.0.202105311346/tools/bin/../lib/gcc/arm-none-eabi/9.3.1/thumb/v7e-m+fp/hard/crtn.o
                0x0000000020004000                _estack = (ORIGIN (RAM) + LENGTH (RAM))
                0x0000000000000200                _Min_Heap_Size = 0x200
                0x0000000000000400                _Min_Stack_Size = 0x400

.isr_vector     0x0000000008000000      0x188
                0x0000000008000000                . = ALIGN (0x4)
 *(.isr_vector)
 .isr_vector    0x0000000008000000      0x188 ./Core/Startup/startup_stm32f302r8tx.o
                0x0000000008000000                g_pfnVectors
                0x0000000008000188                . = ALIGN (0x4)

.text           0x0000000008000188     0x4354
                0x0000000008000188                . = ALIGN (0x4)
 *(.text)
 .text          0x0000000008000188       0x40 d:/st/stm32cubeide_1.8.0/stm32cubeide/plugins/com.st.stm32cube.ide.mcu.externaltools.gnu-tools-for-stm32.9-2020-q2-update.win32_2.0.0.202105311346/tools/bin/../lib/gcc/arm-none-eabi/9.3.1/thumb/v7e-m+fp/hard/crtbegin.o
 *(.text*)
 .text.PeripheralsStart
                0x00000000080001c8       0xa8 ./Core/Src/SixStepCommutation.o
                0x00000000080001c8                PeripheralsStart
 .text.Stop_Motor
                0x0000000008000270       0x54 ./Core/Src/SixStepCommutation.o
                0x0000000008000270                Stop_Motor
 .text.Start_Up_Motor
                0x00000000080002c4       0xc4 ./Core/Src/SixStepCommutation.o
                0x00000000080002c4                Start_Up_Motor
 .text.Align_Motor
                0x0000000008000388       0xcc ./Core/Src/SixStepCommutation.o
                0x0000000008000388                Align_Motor
 .text.Run_Motor
                0x0000000008000454       0xe8 ./Core/Src/SixStepCommutation.o
                0x0000000008000454                Run_Motor
 .text.Blinde_Mode
                0x000000000800053c      0x104 ./Core/Src/SixStepCommutation.o
                0x000000000800053c                Blinde_Mode
 .text.Set_Motor_State
                0x0000000008000640      0x208 ./Core/Src/SixStepCommutation.o
                0x0000000008000640                Set_Motor_State
 .text.HAL_TIM_PeriodElapsedCallback
                0x0000000008000848       0x68 ./Core/Src/TimeTask.o
                0x0000000008000848                HAL_TIM_PeriodElapsedCallback
 .text.main     0x00000000080008b0       0xd0 ./Core/Src/main.o
                0x00000000080008b0                main
 .text.SystemClock_Config
                0x0000000008000980       0xba ./Core/Src/main.o
                0x0000000008000980                SystemClock_Config
 *fill*         0x0000000008000a3a        0x2 
 .text.MX_COMP2_Init
                0x0000000008000a3c       0x4c ./Core/Src/main.o
 .text.MX_COMP4_Init
                0x0000000008000a88       0x4c ./Core/Src/main.o
 .text.MX_COMP6_Init
                0x0000000008000ad4       0x4c ./Core/Src/main.o
 .text.MX_TIM1_Init
                0x0000000008000b20      0x14c ./Core/Src/main.o
 .text.MX_TIM2_Init
                0x0000000008000c6c       0xdc ./Core/Src/main.o
 .text.MX_TIM15_Init
                0x0000000008000d48       0xa4 ./Core/Src/main.o
 .text.MX_GPIO_Init
                0x0000000008000dec       0x78 ./Core/Src/main.o
 .text.Error_Handler
                0x0000000008000e64        0xa ./Core/Src/main.o
                0x0000000008000e64                Error_Handler
 *fill*         0x0000000008000e6e        0x2 
 .text.HAL_MspInit
                0x0000000008000e70       0x48 ./Core/Src/stm32f3xx_hal_msp.o
                0x0000000008000e70                HAL_MspInit
 .text.HAL_COMP_MspInit
                0x0000000008000eb8      0x1d0 ./Core/Src/stm32f3xx_hal_msp.o
                0x0000000008000eb8                HAL_COMP_MspInit
 .text.HAL_TIM_PWM_MspInit
                0x0000000008001088       0x70 ./Core/Src/stm32f3xx_hal_msp.o
                0x0000000008001088                HAL_TIM_PWM_MspInit
 .text.HAL_TIM_Base_MspInit
                0x00000000080010f8       0x4c ./Core/Src/stm32f3xx_hal_msp.o
                0x00000000080010f8                HAL_TIM_Base_MspInit
 .text.HAL_TIM_MspPostInit
                0x0000000008001144       0xf4 ./Core/Src/stm32f3xx_hal_msp.o
                0x0000000008001144                HAL_TIM_MspPostInit
 .text.NMI_Handler
                0x0000000008001238        0x6 ./Core/Src/stm32f3xx_it.o
                0x0000000008001238                NMI_Handler
 .text.HardFault_Handler
                0x000000000800123e        0x6 ./Core/Src/stm32f3xx_it.o
                0x000000000800123e                HardFault_Handler
 .text.MemManage_Handler
                0x0000000008001244        0x6 ./Core/Src/stm32f3xx_it.o
                0x0000000008001244                MemManage_Handler
 .text.BusFault_Handler
                0x000000000800124a        0x6 ./Core/Src/stm32f3xx_it.o
                0x000000000800124a                BusFault_Handler
 .text.UsageFault_Handler
                0x0000000008001250        0x6 ./Core/Src/stm32f3xx_it.o
                0x0000000008001250                UsageFault_Handler
 .text.SVC_Handler
                0x0000000008001256        0xe ./Core/Src/stm32f3xx_it.o
                0x0000000008001256                SVC_Handler
 .text.DebugMon_Handler
                0x0000000008001264        0xe ./Core/Src/stm32f3xx_it.o
                0x0000000008001264                DebugMon_Handler
 .text.PendSV_Handler
                0x0000000008001272        0xe ./Core/Src/stm32f3xx_it.o
                0x0000000008001272                PendSV_Handler
 .text.SysTick_Handler
                0x0000000008001280        0xc ./Core/Src/stm32f3xx_it.o
                0x0000000008001280                SysTick_Handler
 .text.TIM1_BRK_TIM15_IRQHandler
                0x000000000800128c       0x1c ./Core/Src/stm32f3xx_it.o
                0x000000000800128c                TIM1_BRK_TIM15_IRQHandler
 .text.SystemInit
                0x00000000080012a8       0x24 ./Core/Src/system_stm32f3xx.o
                0x00000000080012a8                SystemInit
 .text.Reset_Handler
                0x00000000080012cc       0x50 ./Core/Startup/startup_stm32f302r8tx.o
                0x00000000080012cc                Reset_Handler
 .text.Default_Handler
                0x000000000800131c        0x2 ./Core/Startup/startup_stm32f302r8tx.o
                0x000000000800131c                RTC_Alarm_IRQHandler
                0x000000000800131c                TIM1_CC_IRQHandler
                0x000000000800131c                USB_HP_IRQHandler
                0x000000000800131c                PVD_IRQHandler
                0x000000000800131c                TAMP_STAMP_IRQHandler
                0x000000000800131c                EXTI3_IRQHandler
                0x000000000800131c                I2C3_ER_IRQHandler
                0x000000000800131c                USB_HP_CAN_TX_IRQHandler
                0x000000000800131c                EXTI0_IRQHandler
                0x000000000800131c                I2C2_EV_IRQHandler
                0x000000000800131c                FPU_IRQHandler
                0x000000000800131c                TIM1_UP_TIM16_IRQHandler
                0x000000000800131c                CAN_SCE_IRQHandler
                0x000000000800131c                TIM6_DAC_IRQHandler
                0x000000000800131c                DMA1_Channel4_IRQHandler
                0x000000000800131c                ADC1_IRQHandler
                0x000000000800131c                USART3_IRQHandler
                0x000000000800131c                DMA1_Channel7_IRQHandler
                0x000000000800131c                CAN_RX1_IRQHandler
                0x000000000800131c                I2C1_EV_IRQHandler
                0x000000000800131c                DMA1_Channel6_IRQHandler
                0x000000000800131c                RCC_IRQHandler
                0x000000000800131c                DMA1_Channel1_IRQHandler
                0x000000000800131c                Default_Handler
                0x000000000800131c                USBWakeUp_RMP_IRQHandler
                0x000000000800131c                EXTI15_10_IRQHandler
                0x000000000800131c                COMP2_IRQHandler
                0x000000000800131c                I2C3_EV_IRQHandler
                0x000000000800131c                EXTI9_5_IRQHandler
                0x000000000800131c                RTC_WKUP_IRQHandler
                0x000000000800131c                SPI2_IRQHandler
                0x000000000800131c                USB_LP_CAN_RX0_IRQHandler
                0x000000000800131c                DMA1_Channel5_IRQHandler
                0x000000000800131c                USB_LP_IRQHandler
                0x000000000800131c                EXTI4_IRQHandler
                0x000000000800131c                TIM1_TRG_COM_TIM17_IRQHandler
                0x000000000800131c                DMA1_Channel3_IRQHandler
                0x000000000800131c                WWDG_IRQHandler
                0x000000000800131c                TIM2_IRQHandler
                0x000000000800131c                EXTI1_IRQHandler
                0x000000000800131c                COMP4_6_IRQHandler
                0x000000000800131c                USART2_IRQHandler
                0x000000000800131c                I2C2_ER_IRQHandler
                0x000000000800131c                DMA1_Channel2_IRQHandler
                0x000000000800131c                FLASH_IRQHandler
                0x000000000800131c                USART1_IRQHandler
                0x000000000800131c                SPI3_IRQHandler
                0x000000000800131c                I2C1_ER_IRQHandler
                0x000000000800131c                USBWakeUp_IRQHandler
                0x000000000800131c                EXTI2_TSC_IRQHandler
 *fill*         0x000000000800131e        0x2 
 .text.HAL_Init
                0x0000000008001320       0x2c ./Drivers/STM32F3xx_HAL_Driver/Src/stm32f3xx_hal.o
                0x0000000008001320                HAL_Init
 .text.HAL_InitTick
                0x000000000800134c       0x60 ./Drivers/STM32F3xx_HAL_Driver/Src/stm32f3xx_hal.o
                0x000000000800134c                HAL_InitTick
 .text.HAL_IncTick
                0x00000000080013ac       0x28 ./Drivers/STM32F3xx_HAL_Driver/Src/stm32f3xx_hal.o
                0x00000000080013ac                HAL_IncTick
 .text.HAL_GetTick
                0x00000000080013d4       0x18 ./Drivers/STM32F3xx_HAL_Driver/Src/stm32f3xx_hal.o
                0x00000000080013d4                HAL_GetTick
 .text.HAL_COMP_Init
                0x00000000080013ec       0xf4 ./Drivers/STM32F3xx_HAL_Driver/Src/stm32f3xx_hal_comp.o
                0x00000000080013ec                HAL_COMP_Init
 .text.HAL_COMP_Start
                0x00000000080014e0      0x194 ./Drivers/STM32F3xx_HAL_Driver/Src/stm32f3xx_hal_comp.o
                0x00000000080014e0                HAL_COMP_Start
 .text.__NVIC_SetPriorityGrouping
                0x0000000008001674       0x48 ./Drivers/STM32F3xx_HAL_Driver/Src/stm32f3xx_hal_cortex.o
 .text.__NVIC_GetPriorityGrouping
                0x00000000080016bc       0x1c ./Drivers/STM32F3xx_HAL_Driver/Src/stm32f3xx_hal_cortex.o
 .text.__NVIC_EnableIRQ
                0x00000000080016d8       0x3c ./Drivers/STM32F3xx_HAL_Driver/Src/stm32f3xx_hal_cortex.o
 .text.__NVIC_SetPriority
                0x0000000008001714       0x54 ./Drivers/STM32F3xx_HAL_Driver/Src/stm32f3xx_hal_cortex.o
 .text.NVIC_EncodePriority
                0x0000000008001768       0x66 ./Drivers/STM32F3xx_HAL_Driver/Src/stm32f3xx_hal_cortex.o
 *fill*         0x00000000080017ce        0x2 
 .text.SysTick_Config
                0x00000000080017d0       0x44 ./Drivers/STM32F3xx_HAL_Driver/Src/stm32f3xx_hal_cortex.o
 .text.HAL_NVIC_SetPriorityGrouping
                0x0000000008001814       0x16 ./Drivers/STM32F3xx_HAL_Driver/Src/stm32f3xx_hal_cortex.o
                0x0000000008001814                HAL_NVIC_SetPriorityGrouping
 .text.HAL_NVIC_SetPriority
                0x000000000800182a       0x38 ./Drivers/STM32F3xx_HAL_Driver/Src/stm32f3xx_hal_cortex.o
                0x000000000800182a                HAL_NVIC_SetPriority
 .text.HAL_NVIC_EnableIRQ
                0x0000000008001862       0x1c ./Drivers/STM32F3xx_HAL_Driver/Src/stm32f3xx_hal_cortex.o
                0x0000000008001862                HAL_NVIC_EnableIRQ
 .text.HAL_SYSTICK_Config
                0x000000000800187e       0x18 ./Drivers/STM32F3xx_HAL_Driver/Src/stm32f3xx_hal_cortex.o
                0x000000000800187e                HAL_SYSTICK_Config
 *fill*         0x0000000008001896        0x2 
 .text.HAL_GPIO_Init
                0x0000000008001898      0x2e4 ./Drivers/STM32F3xx_HAL_Driver/Src/stm32f3xx_hal_gpio.o
                0x0000000008001898                HAL_GPIO_Init
 .text.HAL_GPIO_ReadPin
                0x0000000008001b7c       0x30 ./Drivers/STM32F3xx_HAL_Driver/Src/stm32f3xx_hal_gpio.o
                0x0000000008001b7c                HAL_GPIO_ReadPin
 .text.HAL_RCC_OscConfig
                0x0000000008001bac      0xe10 ./Drivers/STM32F3xx_HAL_Driver/Src/stm32f3xx_hal_rcc.o
                0x0000000008001bac                HAL_RCC_OscConfig
 .text.HAL_RCC_ClockConfig
                0x00000000080029bc      0x2f8 ./Drivers/STM32F3xx_HAL_Driver/Src/stm32f3xx_hal_rcc.o
                0x00000000080029bc                HAL_RCC_ClockConfig
 .text.HAL_RCC_GetSysClockFreq
                0x0000000008002cb4       0xd4 ./Drivers/STM32F3xx_HAL_Driver/Src/stm32f3xx_hal_rcc.o
                0x0000000008002cb4                HAL_RCC_GetSysClockFreq
 .text.HAL_RCCEx_PeriphCLKConfig
                0x0000000008002d88      0x324 ./Drivers/STM32F3xx_HAL_Driver/Src/stm32f3xx_hal_rcc_ex.o
                0x0000000008002d88                HAL_RCCEx_PeriphCLKConfig
 .text.HAL_TIM_Base_Init
                0x00000000080030ac       0xae ./Drivers/STM32F3xx_HAL_Driver/Src/stm32f3xx_hal_tim.o
                0x00000000080030ac                HAL_TIM_Base_Init
 *fill*         0x000000000800315a        0x2 
 .text.HAL_TIM_Base_Start_IT
                0x000000000800315c       0xa8 ./Drivers/STM32F3xx_HAL_Driver/Src/stm32f3xx_hal_tim.o
                0x000000000800315c                HAL_TIM_Base_Start_IT
 .text.HAL_TIM_PWM_Init
                0x0000000008003204       0xae ./Drivers/STM32F3xx_HAL_Driver/Src/stm32f3xx_hal_tim.o
                0x0000000008003204                HAL_TIM_PWM_Init
 *fill*         0x00000000080032b2        0x2 
 .text.HAL_TIM_PWM_Start
                0x00000000080032b4      0x1cc ./Drivers/STM32F3xx_HAL_Driver/Src/stm32f3xx_hal_tim.o
                0x00000000080032b4                HAL_TIM_PWM_Start
 .text.HAL_TIM_IRQHandler
                0x0000000008003480      0x23e ./Drivers/STM32F3xx_HAL_Driver/Src/stm32f3xx_hal_tim.o
                0x0000000008003480                HAL_TIM_IRQHandler
 *fill*         0x00000000080036be        0x2 
 .text.HAL_TIM_PWM_ConfigChannel
                0x00000000080036c0      0x228 ./Drivers/STM32F3xx_HAL_Driver/Src/stm32f3xx_hal_tim.o
                0x00000000080036c0                HAL_TIM_PWM_ConfigChannel
 .text.HAL_TIM_ConfigClockSource
                0x00000000080038e8      0x192 ./Drivers/STM32F3xx_HAL_Driver/Src/stm32f3xx_hal_tim.o
                0x00000000080038e8                HAL_TIM_ConfigClockSource
 .text.HAL_TIM_OC_DelayElapsedCallback
                0x0000000008003a7a       0x14 ./Drivers/STM32F3xx_HAL_Driver/Src/stm32f3xx_hal_tim.o
                0x0000000008003a7a                HAL_TIM_OC_DelayElapsedCallback
 .text.HAL_TIM_IC_CaptureCallback
                0x0000000008003a8e       0x14 ./Drivers/STM32F3xx_HAL_Driver/Src/stm32f3xx_hal_tim.o
                0x0000000008003a8e                HAL_TIM_IC_CaptureCallback
 .text.HAL_TIM_PWM_PulseFinishedCallback
                0x0000000008003aa2       0x14 ./Drivers/STM32F3xx_HAL_Driver/Src/stm32f3xx_hal_tim.o
                0x0000000008003aa2                HAL_TIM_PWM_PulseFinishedCallback
 .text.HAL_TIM_TriggerCallback
                0x0000000008003ab6       0x14 ./Drivers/STM32F3xx_HAL_Driver/Src/stm32f3xx_hal_tim.o
                0x0000000008003ab6                HAL_TIM_TriggerCallback
 *fill*         0x0000000008003aca        0x2 
 .text.TIM_Base_SetConfig
                0x0000000008003acc       0xdc ./Drivers/STM32F3xx_HAL_Driver/Src/stm32f3xx_hal_tim.o
                0x0000000008003acc                TIM_Base_SetConfig
 .text.TIM_OC1_SetConfig
                0x0000000008003ba8      0x10c ./Drivers/STM32F3xx_HAL_Driver/Src/stm32f3xx_hal_tim.o
 .text.TIM_OC2_SetConfig
                0x0000000008003cb4      0x100 ./Drivers/STM32F3xx_HAL_Driver/Src/stm32f3xx_hal_tim.o
                0x0000000008003cb4                TIM_OC2_SetConfig
 .text.TIM_OC3_SetConfig
                0x0000000008003db4       0xfc ./Drivers/STM32F3xx_HAL_Driver/Src/stm32f3xx_hal_tim.o
 .text.TIM_OC4_SetConfig
                0x0000000008003eb0       0xc8 ./Drivers/STM32F3xx_HAL_Driver/Src/stm32f3xx_hal_tim.o
 .text.TIM_OC5_SetConfig
                0x0000000008003f78       0xbc ./Drivers/STM32F3xx_HAL_Driver/Src/stm32f3xx_hal_tim.o
 .text.TIM_OC6_SetConfig
                0x0000000008004034       0xc0 ./Drivers/STM32F3xx_HAL_Driver/Src/stm32f3xx_hal_tim.o
 .text.TIM_TI1_ConfigInputStage
                0x00000000080040f4       0x5e ./Drivers/STM32F3xx_HAL_Driver/Src/stm32f3xx_hal_tim.o
 .text.TIM_TI2_ConfigInputStage
                0x0000000008004152       0x60 ./Drivers/STM32F3xx_HAL_Driver/Src/stm32f3xx_hal_tim.o
 .text.TIM_ITRx_SetConfig
                0x00000000080041b2       0x36 ./Drivers/STM32F3xx_HAL_Driver/Src/stm32f3xx_hal_tim.o
 .text.TIM_ETR_SetConfig
                0x00000000080041e8       0x40 ./Drivers/STM32F3xx_HAL_Driver/Src/stm32f3xx_hal_tim.o
                0x00000000080041e8                TIM_ETR_SetConfig
 .text.TIM_CCxChannelCmd
                0x0000000008004228       0x4a ./Drivers/STM32F3xx_HAL_Driver/Src/stm32f3xx_hal_tim.o
                0x0000000008004228                TIM_CCxChannelCmd
 *fill*         0x0000000008004272        0x2 
 .text.HAL_TIMEx_MasterConfigSynchronization
                0x0000000008004274       0xcc ./Drivers/STM32F3xx_HAL_Driver/Src/stm32f3xx_hal_tim_ex.o
                0x0000000008004274                HAL_TIMEx_MasterConfigSynchronization
 .text.HAL_TIMEx_ConfigBreakDeadTime
                0x0000000008004340       0xf0 ./Drivers/STM32F3xx_HAL_Driver/Src/stm32f3xx_hal_tim_ex.o
                0x0000000008004340                HAL_TIMEx_ConfigBreakDeadTime
 .text.HAL_TIMEx_CommutCallback
                0x0000000008004430       0x14 ./Drivers/STM32F3xx_HAL_Driver/Src/stm32f3xx_hal_tim_ex.o
                0x0000000008004430                HAL_TIMEx_CommutCallback
 .text.HAL_TIMEx_BreakCallback
                0x0000000008004444       0x14 ./Drivers/STM32F3xx_HAL_Driver/Src/stm32f3xx_hal_tim_ex.o
                0x0000000008004444                HAL_TIMEx_BreakCallback
 .text.HAL_TIMEx_Break2Callback
                0x0000000008004458       0x14 ./Drivers/STM32F3xx_HAL_Driver/Src/stm32f3xx_hal_tim_ex.o
                0x0000000008004458                HAL_TIMEx_Break2Callback
 .text.__libc_init_array
                0x000000000800446c       0x48 d:/st/stm32cubeide_1.8.0/stm32cubeide/plugins/com.st.stm32cube.ide.mcu.externaltools.gnu-tools-for-stm32.9-2020-q2-update.win32_2.0.0.202105311346/tools/bin/../lib/gcc/arm-none-eabi/9.3.1/../../../../arm-none-eabi/lib/thumb/v7e-m+fp/hard\libc_nano.a(lib_a-init.o)
                0x000000000800446c                __libc_init_array
 .text.memset   0x00000000080044b4       0x10 d:/st/stm32cubeide_1.8.0/stm32cubeide/plugins/com.st.stm32cube.ide.mcu.externaltools.gnu-tools-for-stm32.9-2020-q2-update.win32_2.0.0.202105311346/tools/bin/../lib/gcc/arm-none-eabi/9.3.1/../../../../arm-none-eabi/lib/thumb/v7e-m+fp/hard\libc_nano.a(lib_a-memset.o)
                0x00000000080044b4                memset
 *(.glue_7)
 .glue_7        0x00000000080044c4        0x0 linker stubs
 *(.glue_7t)
 .glue_7t       0x00000000080044c4        0x0 linker stubs
 *(.eh_frame)
 .eh_frame      0x00000000080044c4        0x0 d:/st/stm32cubeide_1.8.0/stm32cubeide/plugins/com.st.stm32cube.ide.mcu.externaltools.gnu-tools-for-stm32.9-2020-q2-update.win32_2.0.0.202105311346/tools/bin/../lib/gcc/arm-none-eabi/9.3.1/thumb/v7e-m+fp/hard/crtbegin.o
 *(.init)
 .init          0x00000000080044c4        0x4 d:/st/stm32cubeide_1.8.0/stm32cubeide/plugins/com.st.stm32cube.ide.mcu.externaltools.gnu-tools-for-stm32.9-2020-q2-update.win32_2.0.0.202105311346/tools/bin/../lib/gcc/arm-none-eabi/9.3.1/thumb/v7e-m+fp/hard/crti.o
                0x00000000080044c4                _init
 .init          0x00000000080044c8        0x8 d:/st/stm32cubeide_1.8.0/stm32cubeide/plugins/com.st.stm32cube.ide.mcu.externaltools.gnu-tools-for-stm32.9-2020-q2-update.win32_2.0.0.202105311346/tools/bin/../lib/gcc/arm-none-eabi/9.3.1/thumb/v7e-m+fp/hard/crtn.o
 *(.fini)
 .fini          0x00000000080044d0        0x4 d:/st/stm32cubeide_1.8.0/stm32cubeide/plugins/com.st.stm32cube.ide.mcu.externaltools.gnu-tools-for-stm32.9-2020-q2-update.win32_2.0.0.202105311346/tools/bin/../lib/gcc/arm-none-eabi/9.3.1/thumb/v7e-m+fp/hard/crti.o
                0x00000000080044d0                _fini
 .fini          0x00000000080044d4        0x8 d:/st/stm32cubeide_1.8.0/stm32cubeide/plugins/com.st.stm32cube.ide.mcu.externaltools.gnu-tools-for-stm32.9-2020-q2-update.win32_2.0.0.202105311346/tools/bin/../lib/gcc/arm-none-eabi/9.3.1/thumb/v7e-m+fp/hard/crtn.o
                0x00000000080044dc                . = ALIGN (0x4)
                0x00000000080044dc                _etext = .

.vfp11_veneer   0x00000000080044dc        0x0
 .vfp11_veneer  0x00000000080044dc        0x0 linker stubs

.v4_bx          0x00000000080044dc        0x0
 .v4_bx         0x00000000080044dc        0x0 linker stubs

.iplt           0x00000000080044dc        0x0
 .iplt          0x00000000080044dc        0x0 d:/st/stm32cubeide_1.8.0/stm32cubeide/plugins/com.st.stm32cube.ide.mcu.externaltools.gnu-tools-for-stm32.9-2020-q2-update.win32_2.0.0.202105311346/tools/bin/../lib/gcc/arm-none-eabi/9.3.1/thumb/v7e-m+fp/hard/crtbegin.o

.rodata         0x00000000080044dc       0x38
                0x00000000080044dc                . = ALIGN (0x4)
 *(.rodata)
 *(.rodata*)
 .rodata.Trigger_Control_State
                0x00000000080044dc        0x6 ./Core/Src/SixStepCommutation.o
                0x00000000080044dc                Trigger_Control_State
 *fill*         0x00000000080044e2        0x2 
 .rodata.AHBPrescTable
                0x00000000080044e4       0x10 ./Core/Src/system_stm32f3xx.o
                0x00000000080044e4                AHBPrescTable
 .rodata.aPLLMULFactorTable
                0x00000000080044f4       0x10 ./Drivers/STM32F3xx_HAL_Driver/Src/stm32f3xx_hal_rcc.o
                0x00000000080044f4                aPLLMULFactorTable
 .rodata.aPredivFactorTable
                0x0000000008004504       0x10 ./Drivers/STM32F3xx_HAL_Driver/Src/stm32f3xx_hal_rcc.o
                0x0000000008004504                aPredivFactorTable
                0x0000000008004514                . = ALIGN (0x4)

.rel.dyn        0x0000000008004514        0x0
 .rel.iplt      0x0000000008004514        0x0 d:/st/stm32cubeide_1.8.0/stm32cubeide/plugins/com.st.stm32cube.ide.mcu.externaltools.gnu-tools-for-stm32.9-2020-q2-update.win32_2.0.0.202105311346/tools/bin/../lib/gcc/arm-none-eabi/9.3.1/thumb/v7e-m+fp/hard/crtbegin.o

.ARM.extab      0x0000000008004514        0x0
                0x0000000008004514                . = ALIGN (0x4)
 *(.ARM.extab* .gnu.linkonce.armextab.*)
                0x0000000008004514                . = ALIGN (0x4)

.ARM            0x0000000008004514        0x0
                0x0000000008004514                . = ALIGN (0x4)
                0x0000000008004514                __exidx_start = .
 *(.ARM.exidx*)
                0x0000000008004514                __exidx_end = .
                0x0000000008004514                . = ALIGN (0x4)

.preinit_array  0x0000000008004514        0x0
                0x0000000008004514                . = ALIGN (0x4)
                0x0000000008004514                PROVIDE (__preinit_array_start = .)
 *(.preinit_array*)
                0x0000000008004514                PROVIDE (__preinit_array_end = .)
                0x0000000008004514                . = ALIGN (0x4)

.init_array     0x0000000008004514        0x4
                0x0000000008004514                . = ALIGN (0x4)
                0x0000000008004514                PROVIDE (__init_array_start = .)
 *(SORT_BY_NAME(.init_array.*))
 *(.init_array*)
 .init_array    0x0000000008004514        0x4 d:/st/stm32cubeide_1.8.0/stm32cubeide/plugins/com.st.stm32cube.ide.mcu.externaltools.gnu-tools-for-stm32.9-2020-q2-update.win32_2.0.0.202105311346/tools/bin/../lib/gcc/arm-none-eabi/9.3.1/thumb/v7e-m+fp/hard/crtbegin.o
                0x0000000008004518                PROVIDE (__init_array_end = .)
                0x0000000008004518                . = ALIGN (0x4)

.fini_array     0x0000000008004518        0x4
                0x0000000008004518                . = ALIGN (0x4)
                [!provide]                        PROVIDE (__fini_array_start = .)
 *(SORT_BY_NAME(.fini_array.*))
 *(.fini_array*)
 .fini_array    0x0000000008004518        0x4 d:/st/stm32cubeide_1.8.0/stm32cubeide/plugins/com.st.stm32cube.ide.mcu.externaltools.gnu-tools-for-stm32.9-2020-q2-update.win32_2.0.0.202105311346/tools/bin/../lib/gcc/arm-none-eabi/9.3.1/thumb/v7e-m+fp/hard/crtbegin.o
                [!provide]                        PROVIDE (__fini_array_end = .)
                0x000000000800451c                . = ALIGN (0x4)
                0x000000000800451c                _sidata = LOADADDR (.data)

.data           0x0000000020000000       0x1c load address 0x000000000800451c
                0x0000000020000000                . = ALIGN (0x4)
                0x0000000020000000                _sdata = .
 *(.data)
 *(.data*)
 .data.DWT_CONTROL
                0x0000000020000000        0x4 ./Core/Src/main.o
                0x0000000020000000                DWT_CONTROL
 .data.DWT_CYCCNT
                0x0000000020000004        0x4 ./Core/Src/main.o
                0x0000000020000004                DWT_CYCCNT
 .data.DEMCR    0x0000000020000008        0x4 ./Core/Src/main.o
                0x0000000020000008                DEMCR
 .data.LAR      0x000000002000000c        0x4 ./Core/Src/main.o
                0x000000002000000c                LAR
 .data.SystemCoreClock
                0x0000000020000010        0x4 ./Core/Src/system_stm32f3xx.o
                0x0000000020000010                SystemCoreClock
 .data.uwTickPrio
                0x0000000020000014        0x4 ./Drivers/STM32F3xx_HAL_Driver/Src/stm32f3xx_hal.o
                0x0000000020000014                uwTickPrio
 .data.uwTickFreq
                0x0000000020000018        0x1 ./Drivers/STM32F3xx_HAL_Driver/Src/stm32f3xx_hal.o
                0x0000000020000018                uwTickFreq
 *(.RamFunc)
 *(.RamFunc*)
                0x000000002000001c                . = ALIGN (0x4)
 *fill*         0x0000000020000019        0x3 
                0x000000002000001c                _edata = .

.igot.plt       0x000000002000001c        0x0 load address 0x0000000008004538
 .igot.plt      0x000000002000001c        0x0 d:/st/stm32cubeide_1.8.0/stm32cubeide/plugins/com.st.stm32cube.ide.mcu.externaltools.gnu-tools-for-stm32.9-2020-q2-update.win32_2.0.0.202105311346/tools/bin/../lib/gcc/arm-none-eabi/9.3.1/thumb/v7e-m+fp/hard/crtbegin.o
                0x000000002000001c                . = ALIGN (0x4)

.bss            0x000000002000001c      0x244 load address 0x0000000008004538
                0x000000002000001c                _sbss = .
                0x000000002000001c                __bss_start__ = _sbss
 *(.bss)
 .bss           0x000000002000001c       0x1c d:/st/stm32cubeide_1.8.0/stm32cubeide/plugins/com.st.stm32cube.ide.mcu.externaltools.gnu-tools-for-stm32.9-2020-q2-update.win32_2.0.0.202105311346/tools/bin/../lib/gcc/arm-none-eabi/9.3.1/thumb/v7e-m+fp/hard/crtbegin.o
 *(.bss*)
 .bss.Tour_Counter.8166
                0x0000000020000038        0x4 ./Core/Src/SixStepCommutation.o
 .bss.Tour_Counter.8169
                0x000000002000003c        0x4 ./Core/Src/SixStepCommutation.o
 .bss.Next_State_Index.8172
                0x0000000020000040        0x1 ./Core/Src/SixStepCommutation.o
 *fill*         0x0000000020000041        0x3 
 .bss.h.8177    0x0000000020000044        0x4 ./Core/Src/SixStepCommutation.o
 *(COMMON)
 COMMON         0x0000000020000048      0x214 ./Core/Src/SixStepCommutation.o
                0x0000000020000048                saniye2
                0x000000002000004c                PeriphClkInit
                0x0000000020000080                Start_Up_Time_Task
                0x0000000020000084                elapsedtime
                0x0000000020000088                htim15
                0x00000000200000d4                saniye
                0x00000000200000d8                hcomp6
                0x0000000020000108                RpmFlag
                0x000000002000010c                rpmvalue
                0x0000000020000110                hcomp4
                0x0000000020000140                timerCounter
                0x0000000020000144                RpmFlagOld
                0x0000000020000148                htim1
                0x0000000020000194                Start_Up
                0x00000000200001a4                hcomp2
                0x00000000200001d4                htim2
                0x0000000020000220                Time
                0x0000000020000224                Motor_Control
 COMMON         0x000000002000025c        0x4 ./Drivers/STM32F3xx_HAL_Driver/Src/stm32f3xx_hal.o
                0x000000002000025c                uwTick
                0x0000000020000260                . = ALIGN (0x4)
                0x0000000020000260                _ebss = .
                0x0000000020000260                __bss_end__ = _ebss

._user_heap_stack
                0x0000000020000260      0x600 load address 0x0000000008004538
                0x0000000020000260                . = ALIGN (0x8)
                [!provide]                        PROVIDE (end = .)
                0x0000000020000260                PROVIDE (_end = .)
                0x0000000020000460                . = (. + _Min_Heap_Size)
 *fill*         0x0000000020000260      0x200 
                0x0000000020000860                . = (. + _Min_Stack_Size)
 *fill*         0x0000000020000460      0x400 
                0x0000000020000860                . = ALIGN (0x8)

/DISCARD/
 libc.a(*)
 libm.a(*)
 libgcc.a(*)

.ARM.attributes
                0x0000000000000000       0x30
 *(.ARM.attributes)
 .ARM.attributes
                0x0000000000000000       0x1e d:/st/stm32cubeide_1.8.0/stm32cubeide/plugins/com.st.stm32cube.ide.mcu.externaltools.gnu-tools-for-stm32.9-2020-q2-update.win32_2.0.0.202105311346/tools/bin/../lib/gcc/arm-none-eabi/9.3.1/thumb/v7e-m+fp/hard/crti.o
 .ARM.attributes
                0x000000000000001e       0x34 d:/st/stm32cubeide_1.8.0/stm32cubeide/plugins/com.st.stm32cube.ide.mcu.externaltools.gnu-tools-for-stm32.9-2020-q2-update.win32_2.0.0.202105311346/tools/bin/../lib/gcc/arm-none-eabi/9.3.1/thumb/v7e-m+fp/hard/crtbegin.o
 .ARM.attributes
                0x0000000000000052       0x34 ./Core/Src/SixStepCommutation.o
 .ARM.attributes
                0x0000000000000086       0x34 ./Core/Src/TimeTask.o
 .ARM.attributes
                0x00000000000000ba       0x34 ./Core/Src/main.o
 .ARM.attributes
                0x00000000000000ee       0x34 ./Core/Src/stm32f3xx_hal_msp.o
 .ARM.attributes
                0x0000000000000122       0x34 ./Core/Src/stm32f3xx_it.o
 .ARM.attributes
                0x0000000000000156       0x34 ./Core/Src/system_stm32f3xx.o
 .ARM.attributes
                0x000000000000018a       0x21 ./Core/Startup/startup_stm32f302r8tx.o
 .ARM.attributes
                0x00000000000001ab       0x34 ./Drivers/STM32F3xx_HAL_Driver/Src/stm32f3xx_hal.o
 .ARM.attributes
                0x00000000000001df       0x34 ./Drivers/STM32F3xx_HAL_Driver/Src/stm32f3xx_hal_comp.o
 .ARM.attributes
                0x0000000000000213       0x34 ./Drivers/STM32F3xx_HAL_Driver/Src/stm32f3xx_hal_cortex.o
 .ARM.attributes
                0x0000000000000247       0x34 ./Drivers/STM32F3xx_HAL_Driver/Src/stm32f3xx_hal_gpio.o
 .ARM.attributes
                0x000000000000027b       0x34 ./Drivers/STM32F3xx_HAL_Driver/Src/stm32f3xx_hal_rcc.o
 .ARM.attributes
                0x00000000000002af       0x34 ./Drivers/STM32F3xx_HAL_Driver/Src/stm32f3xx_hal_rcc_ex.o
 .ARM.attributes
                0x00000000000002e3       0x34 ./Drivers/STM32F3xx_HAL_Driver/Src/stm32f3xx_hal_tim.o
 .ARM.attributes
                0x0000000000000317       0x34 ./Drivers/STM32F3xx_HAL_Driver/Src/stm32f3xx_hal_tim_ex.o
 .ARM.attributes
                0x000000000000034b       0x34 d:/st/stm32cubeide_1.8.0/stm32cubeide/plugins/com.st.stm32cube.ide.mcu.externaltools.gnu-tools-for-stm32.9-2020-q2-update.win32_2.0.0.202105311346/tools/bin/../lib/gcc/arm-none-eabi/9.3.1/../../../../arm-none-eabi/lib/thumb/v7e-m+fp/hard\libc_nano.a(lib_a-init.o)
 .ARM.attributes
                0x000000000000037f       0x34 d:/st/stm32cubeide_1.8.0/stm32cubeide/plugins/com.st.stm32cube.ide.mcu.externaltools.gnu-tools-for-stm32.9-2020-q2-update.win32_2.0.0.202105311346/tools/bin/../lib/gcc/arm-none-eabi/9.3.1/../../../../arm-none-eabi/lib/thumb/v7e-m+fp/hard\libc_nano.a(lib_a-memset.o)
 .ARM.attributes
                0x00000000000003b3       0x1e d:/st/stm32cubeide_1.8.0/stm32cubeide/plugins/com.st.stm32cube.ide.mcu.externaltools.gnu-tools-for-stm32.9-2020-q2-update.win32_2.0.0.202105311346/tools/bin/../lib/gcc/arm-none-eabi/9.3.1/thumb/v7e-m+fp/hard/crtn.o
OUTPUT(ESC_Software_F302R8.elf elf32-littlearm)
LOAD linker stubs
LOAD d:/st/stm32cubeide_1.8.0/stm32cubeide/plugins/com.st.stm32cube.ide.mcu.externaltools.gnu-tools-for-stm32.9-2020-q2-update.win32_2.0.0.202105311346/tools/bin/../lib/gcc/arm-none-eabi/9.3.1/../../../../arm-none-eabi/lib/thumb/v7e-m+fp/hard\libc.a
LOAD d:/st/stm32cubeide_1.8.0/stm32cubeide/plugins/com.st.stm32cube.ide.mcu.externaltools.gnu-tools-for-stm32.9-2020-q2-update.win32_2.0.0.202105311346/tools/bin/../lib/gcc/arm-none-eabi/9.3.1/../../../../arm-none-eabi/lib/thumb/v7e-m+fp/hard\libm.a
LOAD d:/st/stm32cubeide_1.8.0/stm32cubeide/plugins/com.st.stm32cube.ide.mcu.externaltools.gnu-tools-for-stm32.9-2020-q2-update.win32_2.0.0.202105311346/tools/bin/../lib/gcc/arm-none-eabi/9.3.1/thumb/v7e-m+fp/hard\libgcc.a

.debug_info     0x0000000000000000     0xcda5
 .debug_info    0x0000000000000000      0xf0d ./Core/Src/SixStepCommutation.o
 .debug_info    0x0000000000000f0d      0xd10 ./Core/Src/TimeTask.o
 .debug_info    0x0000000000001c1d     0x1301 ./Core/Src/main.o
 .debug_info    0x0000000000002f1e      0xed2 ./Core/Src/stm32f3xx_hal_msp.o
 .debug_info    0x0000000000003df0      0x80e ./Core/Src/stm32f3xx_it.o
 .debug_info    0x00000000000045fe      0x49a ./Core/Src/system_stm32f3xx.o
 .debug_info    0x0000000000004a98       0x22 ./Core/Startup/startup_stm32f302r8tx.o
 .debug_info    0x0000000000004aba      0x7dd ./Drivers/STM32F3xx_HAL_Driver/Src/stm32f3xx_hal.o
 .debug_info    0x0000000000005297      0x832 ./Drivers/STM32F3xx_HAL_Driver/Src/stm32f3xx_hal_comp.o
 .debug_info    0x0000000000005ac9      0xc09 ./Drivers/STM32F3xx_HAL_Driver/Src/stm32f3xx_hal_cortex.o
 .debug_info    0x00000000000066d2      0x779 ./Drivers/STM32F3xx_HAL_Driver/Src/stm32f3xx_hal_gpio.o
 .debug_info    0x0000000000006e4b     0x15b5 ./Drivers/STM32F3xx_HAL_Driver/Src/stm32f3xx_hal_rcc.o
 .debug_info    0x0000000000008400      0x671 ./Drivers/STM32F3xx_HAL_Driver/Src/stm32f3xx_hal_rcc_ex.o
 .debug_info    0x0000000000008a71     0x2cf6 ./Drivers/STM32F3xx_HAL_Driver/Src/stm32f3xx_hal_tim.o
 .debug_info    0x000000000000b767     0x163e ./Drivers/STM32F3xx_HAL_Driver/Src/stm32f3xx_hal_tim_ex.o

.debug_abbrev   0x0000000000000000     0x1e5e
 .debug_abbrev  0x0000000000000000      0x255 ./Core/Src/SixStepCommutation.o
 .debug_abbrev  0x0000000000000255      0x1d1 ./Core/Src/TimeTask.o
 .debug_abbrev  0x0000000000000426      0x2c7 ./Core/Src/main.o
 .debug_abbrev  0x00000000000006ed      0x222 ./Core/Src/stm32f3xx_hal_msp.o
 .debug_abbrev  0x000000000000090f      0x176 ./Core/Src/stm32f3xx_it.o
 .debug_abbrev  0x0000000000000a85      0x145 ./Core/Src/system_stm32f3xx.o
 .debug_abbrev  0x0000000000000bca       0x12 ./Core/Startup/startup_stm32f302r8tx.o
 .debug_abbrev  0x0000000000000bdc      0x1ed ./Drivers/STM32F3xx_HAL_Driver/Src/stm32f3xx_hal.o
 .debug_abbrev  0x0000000000000dc9      0x1e7 ./Drivers/STM32F3xx_HAL_Driver/Src/stm32f3xx_hal_comp.o
 .debug_abbrev  0x0000000000000fb0      0x313 ./Drivers/STM32F3xx_HAL_Driver/Src/stm32f3xx_hal_cortex.o
 .debug_abbrev  0x00000000000012c3      0x1e8 ./Drivers/STM32F3xx_HAL_Driver/Src/stm32f3xx_hal_gpio.o
 .debug_abbrev  0x00000000000014ab      0x2c4 ./Drivers/STM32F3xx_HAL_Driver/Src/stm32f3xx_hal_rcc.o
 .debug_abbrev  0x000000000000176f      0x22b ./Drivers/STM32F3xx_HAL_Driver/Src/stm32f3xx_hal_rcc_ex.o
 .debug_abbrev  0x000000000000199a      0x25e ./Drivers/STM32F3xx_HAL_Driver/Src/stm32f3xx_hal_tim.o
 .debug_abbrev  0x0000000000001bf8      0x266 ./Drivers/STM32F3xx_HAL_Driver/Src/stm32f3xx_hal_tim_ex.o

.debug_aranges  0x0000000000000000      0xac8
 .debug_aranges
                0x0000000000000000       0x58 ./Core/Src/SixStepCommutation.o
 .debug_aranges
                0x0000000000000058       0x20 ./Core/Src/TimeTask.o
 .debug_aranges
                0x0000000000000078       0x68 ./Core/Src/main.o
 .debug_aranges
                0x00000000000000e0       0x58 ./Core/Src/stm32f3xx_hal_msp.o
 .debug_aranges
                0x0000000000000138       0x68 ./Core/Src/stm32f3xx_it.o
 .debug_aranges
                0x00000000000001a0       0x28 ./Core/Src/system_stm32f3xx.o
 .debug_aranges
                0x00000000000001c8       0x28 ./Core/Startup/startup_stm32f302r8tx.o
 .debug_aranges
                0x00000000000001f0       0xe0 ./Drivers/STM32F3xx_HAL_Driver/Src/stm32f3xx_hal.o
 .debug_aranges
                0x00000000000002d0       0x88 ./Drivers/STM32F3xx_HAL_Driver/Src/stm32f3xx_hal_comp.o
 .debug_aranges
                0x0000000000000358      0x100 ./Drivers/STM32F3xx_HAL_Driver/Src/stm32f3xx_hal_cortex.o
 .debug_aranges
                0x0000000000000458       0x58 ./Drivers/STM32F3xx_HAL_Driver/Src/stm32f3xx_hal_gpio.o
 .debug_aranges
                0x00000000000004b0       0x88 ./Drivers/STM32F3xx_HAL_Driver/Src/stm32f3xx_hal_rcc.o
 .debug_aranges
                0x0000000000000538       0x38 ./Drivers/STM32F3xx_HAL_Driver/Src/stm32f3xx_hal_rcc_ex.o
 .debug_aranges
                0x0000000000000570      0x3e0 ./Drivers/STM32F3xx_HAL_Driver/Src/stm32f3xx_hal_tim.o
 .debug_aranges
                0x0000000000000950      0x178 ./Drivers/STM32F3xx_HAL_Driver/Src/stm32f3xx_hal_tim_ex.o

.debug_ranges   0x0000000000000000      0x9e0
 .debug_ranges  0x0000000000000000       0x48 ./Core/Src/SixStepCommutation.o
 .debug_ranges  0x0000000000000048       0x10 ./Core/Src/TimeTask.o
 .debug_ranges  0x0000000000000058       0x58 ./Core/Src/main.o
 .debug_ranges  0x00000000000000b0       0x48 ./Core/Src/stm32f3xx_hal_msp.o
 .debug_ranges  0x00000000000000f8       0x58 ./Core/Src/stm32f3xx_it.o
 .debug_ranges  0x0000000000000150       0x18 ./Core/Src/system_stm32f3xx.o
 .debug_ranges  0x0000000000000168       0x20 ./Core/Startup/startup_stm32f302r8tx.o
 .debug_ranges  0x0000000000000188       0xd0 ./Drivers/STM32F3xx_HAL_Driver/Src/stm32f3xx_hal.o
 .debug_ranges  0x0000000000000258       0x78 ./Drivers/STM32F3xx_HAL_Driver/Src/stm32f3xx_hal_comp.o
 .debug_ranges  0x00000000000002d0       0xf0 ./Drivers/STM32F3xx_HAL_Driver/Src/stm32f3xx_hal_cortex.o
 .debug_ranges  0x00000000000003c0       0x48 ./Drivers/STM32F3xx_HAL_Driver/Src/stm32f3xx_hal_gpio.o
 .debug_ranges  0x0000000000000408       0x78 ./Drivers/STM32F3xx_HAL_Driver/Src/stm32f3xx_hal_rcc.o
 .debug_ranges  0x0000000000000480       0x28 ./Drivers/STM32F3xx_HAL_Driver/Src/stm32f3xx_hal_rcc_ex.o
 .debug_ranges  0x00000000000004a8      0x3d0 ./Drivers/STM32F3xx_HAL_Driver/Src/stm32f3xx_hal_tim.o
 .debug_ranges  0x0000000000000878      0x168 ./Drivers/STM32F3xx_HAL_Driver/Src/stm32f3xx_hal_tim_ex.o

.debug_macro    0x0000000000000000    0x1afc0
 .debug_macro   0x0000000000000000      0x1fa ./Core/Src/SixStepCommutation.o
 .debug_macro   0x00000000000001fa      0xaa8 ./Core/Src/SixStepCommutation.o
 .debug_macro   0x0000000000000ca2      0x157 ./Core/Src/SixStepCommutation.o
 .debug_macro   0x0000000000000df9       0x2e ./Core/Src/SixStepCommutation.o
 .debug_macro   0x0000000000000e27       0x28 ./Core/Src/SixStepCommutation.o
 .debug_macro   0x0000000000000e4f       0x22 ./Core/Src/SixStepCommutation.o
 .debug_macro   0x0000000000000e71       0x8e ./Core/Src/SixStepCommutation.o
 .debug_macro   0x0000000000000eff       0x51 ./Core/Src/SixStepCommutation.o
 .debug_macro   0x0000000000000f50      0x103 ./Core/Src/SixStepCommutation.o
 .debug_macro   0x0000000000001053       0x6a ./Core/Src/SixStepCommutation.o
 .debug_macro   0x00000000000010bd      0x1df ./Core/Src/SixStepCommutation.o
 .debug_macro   0x000000000000129c       0x1c ./Core/Src/SixStepCommutation.o
 .debug_macro   0x00000000000012b8       0x22 ./Core/Src/SixStepCommutation.o
 .debug_macro   0x00000000000012da       0xdf ./Core/Src/SixStepCommutation.o
 .debug_macro   0x00000000000013b9      0xf07 ./Core/Src/SixStepCommutation.o
 .debug_macro   0x00000000000022c0    0x110e8 ./Core/Src/SixStepCommutation.o
 .debug_macro   0x00000000000133a8       0x6d ./Core/Src/SixStepCommutation.o
 .debug_macro   0x0000000000013415     0x3540 ./Core/Src/SixStepCommutation.o
 .debug_macro   0x0000000000016955      0x174 ./Core/Src/SixStepCommutation.o
 .debug_macro   0x0000000000016ac9       0x55 ./Core/Src/SixStepCommutation.o
 .debug_macro   0x0000000000016b1e      0x8f9 ./Core/Src/SixStepCommutation.o
 .debug_macro   0x0000000000017417      0x41b ./Core/Src/SixStepCommutation.o
 .debug_macro   0x0000000000017832      0x1b6 ./Core/Src/SixStepCommutation.o
 .debug_macro   0x00000000000179e8      0x161 ./Core/Src/SixStepCommutation.o
 .debug_macro   0x0000000000017b49      0x1d5 ./Core/Src/SixStepCommutation.o
 .debug_macro   0x0000000000017d1e      0x1bc ./Core/Src/SixStepCommutation.o
 .debug_macro   0x0000000000017eda       0x34 ./Core/Src/SixStepCommutation.o
 .debug_macro   0x0000000000017f0e       0x3c ./Core/Src/SixStepCommutation.o
 .debug_macro   0x0000000000017f4a       0x57 ./Core/Src/SixStepCommutation.o
 .debug_macro   0x0000000000017fa1       0x73 ./Core/Src/SixStepCommutation.o
 .debug_macro   0x0000000000018014      0x327 ./Core/Src/SixStepCommutation.o
 .debug_macro   0x000000000001833b       0x12 ./Core/Src/SixStepCommutation.o
 .debug_macro   0x000000000001834d       0xc5 ./Core/Src/SixStepCommutation.o
 .debug_macro   0x0000000000018412      0x19f ./Core/Src/SixStepCommutation.o
 .debug_macro   0x00000000000185b1      0x22c ./Core/Src/SixStepCommutation.o
 .debug_macro   0x00000000000187dd       0x5b ./Core/Src/SixStepCommutation.o
 .debug_macro   0x0000000000018838       0xa5 ./Core/Src/SixStepCommutation.o
 .debug_macro   0x00000000000188dd       0x81 ./Core/Src/SixStepCommutation.o
 .debug_macro   0x000000000001895e       0xd3 ./Core/Src/SixStepCommutation.o
 .debug_macro   0x0000000000018a31      0xa3d ./Core/Src/SixStepCommutation.o
 .debug_macro   0x000000000001946e       0x41 ./Core/Src/SixStepCommutation.o
 .debug_macro   0x00000000000194af      0x1f7 ./Core/Src/SixStepCommutation.o
 .debug_macro   0x00000000000196a6       0xb8 ./Core/Src/SixStepCommutation.o
 .debug_macro   0x000000000001975e       0x22 ./Core/Src/SixStepCommutation.o
 .debug_macro   0x0000000000019780       0x10 ./Core/Src/SixStepCommutation.o
 .debug_macro   0x0000000000019790      0x1f6 ./Core/Src/TimeTask.o
 .debug_macro   0x0000000000019986      0x1fa ./Core/Src/main.o
 .debug_macro   0x0000000000019b80      0x1da ./Core/Src/stm32f3xx_hal_msp.o
 .debug_macro   0x0000000000019d5a      0x1e4 ./Core/Src/stm32f3xx_it.o
 .debug_macro   0x0000000000019f3e      0x1cb ./Core/Src/system_stm32f3xx.o
 .debug_macro   0x000000000001a109      0x1ef ./Drivers/STM32F3xx_HAL_Driver/Src/stm32f3xx_hal.o
 .debug_macro   0x000000000001a2f8      0x1da ./Drivers/STM32F3xx_HAL_Driver/Src/stm32f3xx_hal_comp.o
 .debug_macro   0x000000000001a4d2      0x1cb ./Drivers/STM32F3xx_HAL_Driver/Src/stm32f3xx_hal_cortex.o
 .debug_macro   0x000000000001a69d      0x1d2 ./Drivers/STM32F3xx_HAL_Driver/Src/stm32f3xx_hal_gpio.o
 .debug_macro   0x000000000001a86f      0x1ef ./Drivers/STM32F3xx_HAL_Driver/Src/stm32f3xx_hal_rcc.o
 .debug_macro   0x000000000001aa5e      0x1cb ./Drivers/STM32F3xx_HAL_Driver/Src/stm32f3xx_hal_rcc_ex.o
 .debug_macro   0x000000000001ac29      0x1cc ./Drivers/STM32F3xx_HAL_Driver/Src/stm32f3xx_hal_tim.o
 .debug_macro   0x000000000001adf5      0x1cb ./Drivers/STM32F3xx_HAL_Driver/Src/stm32f3xx_hal_tim_ex.o

.debug_line     0x0000000000000000     0xd390
 .debug_line    0x0000000000000000      0x9fc ./Core/Src/SixStepCommutation.o
 .debug_line    0x00000000000009fc      0x71f ./Core/Src/TimeTask.o
 .debug_line    0x000000000000111b      0xa24 ./Core/Src/main.o
 .debug_line    0x0000000000001b3f      0x8c4 ./Core/Src/stm32f3xx_hal_msp.o
 .debug_line    0x0000000000002403      0x7be ./Core/Src/stm32f3xx_it.o
 .debug_line    0x0000000000002bc1      0x759 ./Core/Src/system_stm32f3xx.o
 .debug_line    0x000000000000331a       0x88 ./Core/Startup/startup_stm32f302r8tx.o
 .debug_line    0x00000000000033a2      0x98e ./Drivers/STM32F3xx_HAL_Driver/Src/stm32f3xx_hal.o
 .debug_line    0x0000000000003d30      0xba6 ./Drivers/STM32F3xx_HAL_Driver/Src/stm32f3xx_hal_comp.o
 .debug_line    0x00000000000048d6      0xb76 ./Drivers/STM32F3xx_HAL_Driver/Src/stm32f3xx_hal_cortex.o
 .debug_line    0x000000000000544c      0xadb ./Drivers/STM32F3xx_HAL_Driver/Src/stm32f3xx_hal_gpio.o
 .debug_line    0x0000000000005f27     0x1368 ./Drivers/STM32F3xx_HAL_Driver/Src/stm32f3xx_hal_rcc.o
 .debug_line    0x000000000000728f      0xbcc ./Drivers/STM32F3xx_HAL_Driver/Src/stm32f3xx_hal_rcc_ex.o
 .debug_line    0x0000000000007e5b     0x3b67 ./Drivers/STM32F3xx_HAL_Driver/Src/stm32f3xx_hal_tim.o
 .debug_line    0x000000000000b9c2     0x19ce ./Drivers/STM32F3xx_HAL_Driver/Src/stm32f3xx_hal_tim_ex.o

.debug_str      0x0000000000000000    0xa13eb
 .debug_str     0x0000000000000000    0x9ebdf ./Core/Src/SixStepCommutation.o
                                      0x9ef58 (size before relaxing)
 .debug_str     0x000000000009ebdf       0x3a ./Core/Src/TimeTask.o
                                      0x9ee67 (size before relaxing)
 .debug_str     0x000000000009ec19      0x41b ./Core/Src/main.o
                                      0x9f268 (size before relaxing)
 .debug_str     0x000000000009f034      0x378 ./Core/Src/stm32f3xx_hal_msp.o
                                      0x9ef46 (size before relaxing)
 .debug_str     0x000000000009f3ac       0xbd ./Core/Src/stm32f3xx_it.o
                                      0x9e9fc (size before relaxing)
 .debug_str     0x000000000009f469       0xbd ./Core/Src/system_stm32f3xx.o
                                      0x9e254 (size before relaxing)
 .debug_str     0x000000000009f526       0x36 ./Core/Startup/startup_stm32f302r8tx.o
                                         0x7d (size before relaxing)
 .debug_str     0x000000000009f55c      0x317 ./Drivers/STM32F3xx_HAL_Driver/Src/stm32f3xx_hal.o
                                      0x9e90c (size before relaxing)
 .debug_str     0x000000000009f873      0x1af ./Drivers/STM32F3xx_HAL_Driver/Src/stm32f3xx_hal_comp.o
                                      0x9e545 (size before relaxing)
 .debug_str     0x000000000009fa22      0x2a2 ./Drivers/STM32F3xx_HAL_Driver/Src/stm32f3xx_hal_cortex.o
                                      0x9e8ed (size before relaxing)
 .debug_str     0x000000000009fcc4      0x157 ./Drivers/STM32F3xx_HAL_Driver/Src/stm32f3xx_hal_gpio.o
                                      0x9e408 (size before relaxing)
 .debug_str     0x000000000009fe1b      0x2f7 ./Drivers/STM32F3xx_HAL_Driver/Src/stm32f3xx_hal_rcc.o
                                      0x9e6c2 (size before relaxing)
 .debug_str     0x00000000000a0112       0xd8 ./Drivers/STM32F3xx_HAL_Driver/Src/stm32f3xx_hal_rcc_ex.o
                                      0x9e45b (size before relaxing)
 .debug_str     0x00000000000a01ea      0xd6d ./Drivers/STM32F3xx_HAL_Driver/Src/stm32f3xx_hal_tim.o
                                      0x9f617 (size before relaxing)
 .debug_str     0x00000000000a0f57      0x494 ./Drivers/STM32F3xx_HAL_Driver/Src/stm32f3xx_hal_tim_ex.o
                                      0x9ee1b (size before relaxing)

.comment        0x0000000000000000       0x53
 .comment       0x0000000000000000       0x53 ./Core/Src/SixStepCommutation.o
                                         0x54 (size before relaxing)
 .comment       0x0000000000000053       0x54 ./Core/Src/TimeTask.o
 .comment       0x0000000000000053       0x54 ./Core/Src/main.o
 .comment       0x0000000000000053       0x54 ./Core/Src/stm32f3xx_hal_msp.o
 .comment       0x0000000000000053       0x54 ./Core/Src/stm32f3xx_it.o
 .comment       0x0000000000000053       0x54 ./Core/Src/system_stm32f3xx.o
 .comment       0x0000000000000053       0x54 ./Drivers/STM32F3xx_HAL_Driver/Src/stm32f3xx_hal.o
 .comment       0x0000000000000053       0x54 ./Drivers/STM32F3xx_HAL_Driver/Src/stm32f3xx_hal_comp.o
 .comment       0x0000000000000053       0x54 ./Drivers/STM32F3xx_HAL_Driver/Src/stm32f3xx_hal_cortex.o
 .comment       0x0000000000000053       0x54 ./Drivers/STM32F3xx_HAL_Driver/Src/stm32f3xx_hal_gpio.o
 .comment       0x0000000000000053       0x54 ./Drivers/STM32F3xx_HAL_Driver/Src/stm32f3xx_hal_rcc.o
 .comment       0x0000000000000053       0x54 ./Drivers/STM32F3xx_HAL_Driver/Src/stm32f3xx_hal_rcc_ex.o
 .comment       0x0000000000000053       0x54 ./Drivers/STM32F3xx_HAL_Driver/Src/stm32f3xx_hal_tim.o
 .comment       0x0000000000000053       0x54 ./Drivers/STM32F3xx_HAL_Driver/Src/stm32f3xx_hal_tim_ex.o

.debug_frame    0x0000000000000000     0x2bcc
 .debug_frame   0x0000000000000000      0x104 ./Core/Src/SixStepCommutation.o
 .debug_frame   0x0000000000000104       0x38 ./Core/Src/TimeTask.o
 .debug_frame   0x000000000000013c      0x150 ./Core/Src/main.o
 .debug_frame   0x000000000000028c      0x138 ./Core/Src/stm32f3xx_hal_msp.o
 .debug_frame   0x00000000000003c4      0x120 ./Core/Src/stm32f3xx_it.o
 .debug_frame   0x00000000000004e4       0x58 ./Core/Src/system_stm32f3xx.o
 .debug_frame   0x000000000000053c      0x334 ./Drivers/STM32F3xx_HAL_Driver/Src/stm32f3xx_hal.o
 .debug_frame   0x0000000000000870      0x230 ./Drivers/STM32F3xx_HAL_Driver/Src/stm32f3xx_hal_comp.o
 .debug_frame   0x0000000000000aa0      0x428 ./Drivers/STM32F3xx_HAL_Driver/Src/stm32f3xx_hal_cortex.o
 .debug_frame   0x0000000000000ec8      0x14c ./Drivers/STM32F3xx_HAL_Driver/Src/stm32f3xx_hal_gpio.o
 .debug_frame   0x0000000000001014      0x214 ./Drivers/STM32F3xx_HAL_Driver/Src/stm32f3xx_hal_rcc.o
 .debug_frame   0x0000000000001228       0xb4 ./Drivers/STM32F3xx_HAL_Driver/Src/stm32f3xx_hal_rcc_ex.o
 .debug_frame   0x00000000000012dc     0x121c ./Drivers/STM32F3xx_HAL_Driver/Src/stm32f3xx_hal_tim.o
 .debug_frame   0x00000000000024f8      0x688 ./Drivers/STM32F3xx_HAL_Driver/Src/stm32f3xx_hal_tim_ex.o
 .debug_frame   0x0000000000002b80       0x2c d:/st/stm32cubeide_1.8.0/stm32cubeide/plugins/com.st.stm32cube.ide.mcu.externaltools.gnu-tools-for-stm32.9-2020-q2-update.win32_2.0.0.202105311346/tools/bin/../lib/gcc/arm-none-eabi/9.3.1/../../../../arm-none-eabi/lib/thumb/v7e-m+fp/hard\libc_nano.a(lib_a-init.o)
 .debug_frame   0x0000000000002bac       0x20 d:/st/stm32cubeide_1.8.0/stm32cubeide/plugins/com.st.stm32cube.ide.mcu.externaltools.gnu-tools-for-stm32.9-2020-q2-update.win32_2.0.0.202105311346/tools/bin/../lib/gcc/arm-none-eabi/9.3.1/../../../../arm-none-eabi/lib/thumb/v7e-m+fp/hard\libc_nano.a(lib_a-memset.o)
