Archive member included to satisfy reference by file (symbol)

d:/st/stm32cubeide_1.8.0/stm32cubeide/plugins/com.st.stm32cube.ide.mcu.externaltools.gnu-tools-for-stm32.9-2020-q2-update.win32_2.0.0.202105311346/tools/bin/../lib/gcc/arm-none-eabi/9.3.1/../../../../arm-none-eabi/lib/thumb/v7e-m+fp/hard\libc_nano.a(lib_a-errno.o)
                              ./Core/Src/syscalls.o (__errno)
d:/st/stm32cubeide_1.8.0/stm32cubeide/plugins/com.st.stm32cube.ide.mcu.externaltools.gnu-tools-for-stm32.9-2020-q2-update.win32_2.0.0.202105311346/tools/bin/../lib/gcc/arm-none-eabi/9.3.1/../../../../arm-none-eabi/lib/thumb/v7e-m+fp/hard\libc_nano.a(lib_a-exit.o)
                              d:/st/stm32cubeide_1.8.0/stm32cubeide/plugins/com.st.stm32cube.ide.mcu.externaltools.gnu-tools-for-stm32.9-2020-q2-update.win32_2.0.0.202105311346/tools/bin/../lib/gcc/arm-none-eabi/9.3.1/../../../../arm-none-eabi/lib/thumb/v7e-m+fp/hard/crt0.o (exit)
d:/st/stm32cubeide_1.8.0/stm32cubeide/plugins/com.st.stm32cube.ide.mcu.externaltools.gnu-tools-for-stm32.9-2020-q2-update.win32_2.0.0.202105311346/tools/bin/../lib/gcc/arm-none-eabi/9.3.1/../../../../arm-none-eabi/lib/thumb/v7e-m+fp/hard\libc_nano.a(lib_a-impure.o)
                              d:/st/stm32cubeide_1.8.0/stm32cubeide/plugins/com.st.stm32cube.ide.mcu.externaltools.gnu-tools-for-stm32.9-2020-q2-update.win32_2.0.0.202105311346/tools/bin/../lib/gcc/arm-none-eabi/9.3.1/../../../../arm-none-eabi/lib/thumb/v7e-m+fp/hard\libc_nano.a(lib_a-exit.o) (_global_impure_ptr)
d:/st/stm32cubeide_1.8.0/stm32cubeide/plugins/com.st.stm32cube.ide.mcu.externaltools.gnu-tools-for-stm32.9-2020-q2-update.win32_2.0.0.202105311346/tools/bin/../lib/gcc/arm-none-eabi/9.3.1/../../../../arm-none-eabi/lib/thumb/v7e-m+fp/hard\libc_nano.a(lib_a-init.o)
                              d:/st/stm32cubeide_1.8.0/stm32cubeide/plugins/com.st.stm32cube.ide.mcu.externaltools.gnu-tools-for-stm32.9-2020-q2-update.win32_2.0.0.202105311346/tools/bin/../lib/gcc/arm-none-eabi/9.3.1/../../../../arm-none-eabi/lib/thumb/v7e-m+fp/hard/crt0.o (__libc_init_array)
d:/st/stm32cubeide_1.8.0/stm32cubeide/plugins/com.st.stm32cube.ide.mcu.externaltools.gnu-tools-for-stm32.9-2020-q2-update.win32_2.0.0.202105311346/tools/bin/../lib/gcc/arm-none-eabi/9.3.1/../../../../arm-none-eabi/lib/thumb/v7e-m+fp/hard\libc_nano.a(lib_a-memset.o)
                              d:/st/stm32cubeide_1.8.0/stm32cubeide/plugins/com.st.stm32cube.ide.mcu.externaltools.gnu-tools-for-stm32.9-2020-q2-update.win32_2.0.0.202105311346/tools/bin/../lib/gcc/arm-none-eabi/9.3.1/../../../../arm-none-eabi/lib/thumb/v7e-m+fp/hard/crt0.o (memset)

Allocating common symbols
Common symbol       size              file

saniye2             0x4               ./Core/Src/SixStepCommutation.o
PeriphClkInit       0x34              ./Core/Src/SixStepCommutation.o
Start_Up_Time_Task  0x4               ./Core/Src/SixStepCommutation.o
elapsedtime         0x4               ./Core/Src/SixStepCommutation.o
htim15              0x4c              ./Core/Src/SixStepCommutation.o
saniye              0x4               ./Core/Src/SixStepCommutation.o
hcomp6              0x30              ./Core/Src/SixStepCommutation.o
uwTick              0x4               ./Drivers/STM32F3xx_HAL_Driver/Src/stm32f3xx_hal.o
pFlash              0x20              ./Drivers/STM32F3xx_HAL_Driver/Src/stm32f3xx_hal_flash.o
RpmFlag             0x4               ./Core/Src/SixStepCommutation.o
rpmvalue            0x4               ./Core/Src/SixStepCommutation.o
hcomp4              0x30              ./Core/Src/SixStepCommutation.o
timerCounter        0x4               ./Core/Src/SixStepCommutation.o
RpmFlagOld          0x4               ./Core/Src/SixStepCommutation.o
htim1               0x4c              ./Core/Src/SixStepCommutation.o
Start_Up            0x10              ./Core/Src/SixStepCommutation.o
hcomp2              0x30              ./Core/Src/SixStepCommutation.o
htim2               0x4c              ./Core/Src/SixStepCommutation.o
Time                0x1               ./Core/Src/SixStepCommutation.o
Motor_Control       0x38              ./Core/Src/SixStepCommutation.o

Discarded input sections

 .text          0x0000000000000000        0x0 d:/st/stm32cubeide_1.8.0/stm32cubeide/plugins/com.st.stm32cube.ide.mcu.externaltools.gnu-tools-for-stm32.9-2020-q2-update.win32_2.0.0.202105311346/tools/bin/../lib/gcc/arm-none-eabi/9.3.1/thumb/v7e-m+fp/hard/crti.o
 .data          0x0000000000000000        0x0 d:/st/stm32cubeide_1.8.0/stm32cubeide/plugins/com.st.stm32cube.ide.mcu.externaltools.gnu-tools-for-stm32.9-2020-q2-update.win32_2.0.0.202105311346/tools/bin/../lib/gcc/arm-none-eabi/9.3.1/thumb/v7e-m+fp/hard/crti.o
 .bss           0x0000000000000000        0x0 d:/st/stm32cubeide_1.8.0/stm32cubeide/plugins/com.st.stm32cube.ide.mcu.externaltools.gnu-tools-for-stm32.9-2020-q2-update.win32_2.0.0.202105311346/tools/bin/../lib/gcc/arm-none-eabi/9.3.1/thumb/v7e-m+fp/hard/crti.o
[...]
Memory Configuration

Name             Origin             Length             Attributes
RAM              0x0000000020000000 0x0000000000004000 xrw
FLASH            0x0000000008000000 0x0000000000010000 xr
*default*        0x0000000000000000 0xffffffffffffffff

Linker script and memory map

LOAD d:/st/stm32cubeide_1.8.0/stm32cubeide/plugins/com.st.stm32cube.ide.mcu.externaltools.gnu-tools-for-stm32.9-2020-q2-update.win32_2.0.0.202105311346/tools/bin/../lib/gcc/arm-none-eabi/9.3.1/thumb/v7e-m+fp/hard/crti.o
LOAD d:/st/stm32cubeide_1.8.0/stm32cubeide/plugins/com.st.stm32cube.ide.mcu.externaltools.gnu-tools-for-stm32.9-2020-q2-update.win32_2.0.0.202105311346/tools/bin/../lib/gcc/arm-none-eabi/9.3.1/thumb/v7e-m+fp/hard/crtbegin.o
LOAD d:/st/stm32cubeide_1.8.0/stm32cubeide/plugins/com.st.stm32cube.ide.mcu.externaltools.gnu-tools-for-stm32.9-2020-q2-update.win32_2.0.0.202105311346/tools/bin/../lib/gcc/arm-none-eabi/9.3.1/../../../../arm-none-eabi/lib/thumb/v7e-m+fp/hard/crt0.o
LOAD ./Core/Src/SixStepCommutation.o
LOAD ./Core/Src/TimeTask.o
LOAD ./Core/Src/main.o
LOAD ./Core/Src/stm32f3xx_hal_msp.o
LOAD ./Core/Src/stm32f3xx_it.o
LOAD ./Core/Src/syscalls.o
LOAD ./Core/Src/sysmem.o
LOAD ./Core/Src/system_stm32f3xx.o
LOAD ./Core/Startup/startup_stm32f302r8tx.o
LOAD ./Drivers/STM32F3xx_HAL_Driver/Src/stm32f3xx_hal.o
LOAD ./Drivers/STM32F3xx_HAL_Driver/Src/stm32f3xx_hal_comp.o
LOAD ./Drivers/STM32F3xx_HAL_Driver/Src/stm32f3xx_hal_cortex.o
LOAD ./Drivers/STM32F3xx_HAL_Driver/Src/stm32f3xx_hal_dma.o
LOAD ./Drivers/STM32F3xx_HAL_Driver/Src/stm32f3xx_hal_exti.o
LOAD ./Drivers/STM32F3xx_HAL_Driver/Src/stm32f3xx_hal_flash.o
LOAD ./Drivers/STM32F3xx_HAL_Driver/Src/stm32f3xx_hal_flash_ex.o
LOAD ./Drivers/STM32F3xx_HAL_Driver/Src/stm32f3xx_hal_gpio.o
LOAD ./Drivers/STM32F3xx_HAL_Driver/Src/stm32f3xx_hal_i2c.o
LOAD ./Drivers/STM32F3xx_HAL_Driver/Src/stm32f3xx_hal_i2c_ex.o
LOAD ./Drivers/STM32F3xx_HAL_Driver/Src/stm32f3xx_hal_pwr.o
LOAD ./Drivers/STM32F3xx_HAL_Driver/Src/stm32f3xx_hal_pwr_ex.o
LOAD ./Drivers/STM32F3xx_HAL_Driver/Src/stm32f3xx_hal_rcc.o
LOAD ./Drivers/STM32F3xx_HAL_Driver/Src/stm32f3xx_hal_rcc_ex.o
LOAD ./Drivers/STM32F3xx_HAL_Driver/Src/stm32f3xx_hal_tim.o
LOAD ./Drivers/STM32F3xx_HAL_Driver/Src/stm32f3xx_hal_tim_ex.o
START GROUP
LOAD d:/st/stm32cubeide_1.8.0/stm32cubeide/plugins/com.st.stm32cube.ide.mcu.externaltools.gnu-tools-for-stm32.9-2020-q2-update.win32_2.0.0.202105311346/tools/bin/../lib/gcc/arm-none-eabi/9.3.1/../../../../arm-none-eabi/lib/thumb/v7e-m+fp/hard\libc_nano.a
LOAD d:/st/stm32cubeide_1.8.0/stm32cubeide/plugins/com.st.stm32cube.ide.mcu.externaltools.gnu-tools-for-stm32.9-2020-q2-update.win32_2.0.0.202105311346/tools/bin/../lib/gcc/arm-none-eabi/9.3.1/../../../../arm-none-eabi/lib/thumb/v7e-m+fp/hard\libm.a
END GROUP
START GROUP
LOAD d:/st/stm32cubeide_1.8.0/stm32cubeide/plugins/com.st.stm32cube.ide.mcu.externaltools.gnu-tools-for-stm32.9-2020-q2-update.win32_2.0.0.202105311346/tools/bin/../lib/gcc/arm-none-eabi/9.3.1/thumb/v7e-m+fp/hard\libgcc.a
LOAD d:/st/stm32cubeide_1.8.0/stm32cubeide/plugins/com.st.stm32cube.ide.mcu.externaltools.gnu-tools-for-stm32.9-2020-q2-update.win32_2.0.0.202105311346/tools/bin/../lib/gcc/arm-none-eabi/9.3.1/../../../../arm-none-eabi/lib/thumb/v7e-m+fp/hard\libc_nano.a
END GROUP
START GROUP
LOAD d:/st/stm32cubeide_1.8.0/stm32cubeide/plugins/com.st.stm32cube.ide.mcu.externaltools.gnu-tools-for-stm32.9-2020-q2-update.win32_2.0.0.202105311346/tools/bin/../lib/gcc/arm-none-eabi/9.3.1/thumb/v7e-m+fp/hard\libgcc.a
LOAD d:/st/stm32cubeide_1.8.0/stm32cubeide/plugins/com.st.stm32cube.ide.mcu.externaltools.gnu-tools-for-stm32.9-2020-q2-update.win32_2.0.0.202105311346/tools/bin/../lib/gcc/arm-none-eabi/9.3.1/../../../../arm-none-eabi/lib/thumb/v7e-m+fp/hard\libc_nano.a
LOAD d:/st/stm32cubeide_1.8.0/stm32cubeide/plugins/com.st.stm32cube.ide.mcu.externaltools.gnu-tools-for-stm32.9-2020-q2-update.win32_2.0.0.202105311346/tools/bin/../lib/gcc/arm-none-eabi/9.3.1/../../../../arm-none-eabi/lib/thumb/v7e-m+fp/hard\libnosys.a
END GROUP
START GROUP
LOAD d:/st/stm32cubeide_1.8.0/stm32cubeide/plugins/com.st.stm32cube.ide.mcu.externaltools.gnu-tools-for-stm32.9-2020-q2-update.win32_2.0.0.202105311346/tools/bin/../lib/gcc/arm-none-eabi/9.3.1/thumb/v7e-m+fp/hard\libgcc.a
LOAD d:/st/stm32cubeide_1.8.0/stm32cubeide/plugins/com.st.stm32cube.ide.mcu.externaltools.gnu-tools-for-stm32.9-2020-q2-update.win32_2.0.0.202105311346/tools/bin/../lib/gcc/arm-none-eabi/9.3.1/../../../../arm-none-eabi/lib/thumb/v7e-m+fp/hard\libc_nano.a
LOAD d:/st/stm32cubeide_1.8.0/stm32cubeide/plugins/com.st.stm32cube.ide.mcu.externaltools.gnu-tools-for-stm32.9-2020-q2-update.win32_2.0.0.202105311346/tools/bin/../lib/gcc/arm-none-eabi/9.3.1/../../../../arm-none-eabi/lib/thumb/v7e-m+fp/hard\libnosys.a
END GROUP
LOAD d:/st/stm32cubeide_1.8.0/stm32cubeide/plugins/com.st.stm32cube.ide.mcu.externaltools.gnu-tools-for-stm32.9-2020-q2-update.win32_2.0.0.202105311346/tools/bin/../lib/gcc/arm-none-eabi/9.3.1/thumb/v7e-m+fp/hard/crtend.o
LOAD d:/st/stm32cubeide_1.8.0/stm32cubeide/plugins/com.st.stm32cube.ide.mcu.externaltools.gnu-tools-for-stm32.9-2020-q2-update.win32_2.0.0.202105311346/tools/bin/../lib/gcc/arm-none-eabi/9.3.1/thumb/v7e-m+fp/hard/crtn.o
                0x0000000020004000                _estack = (ORIGIN (RAM) + LENGTH (RAM))
                0x0000000000000200                _Min_Heap_Size = 0x200
                0x0000000000000400                _Min_Stack_Size = 0x400

.isr_vector     0x0000000008000000      0x188
                0x0000000008000000                . = ALIGN (0x4)
 *(.isr_vector)
 .isr_vector    0x0000000008000000      0x188 ./Core/Startup/startup_stm32f302r8tx.o
                0x0000000008000000                g_pfnVectors
                0x0000000008000188                . = ALIGN (0x4)

.text           0x0000000008000188     0x4370
                0x0000000008000188                . = ALIGN (0x4)
 *(.text)
 .text          0x0000000008000188       0x40 d:/st/stm32cubeide_1.8.0/stm32cubeide/plugins/com.st.stm32cube.ide.mcu.externaltools.gnu-tools-for-stm32.9-2020-q2-update.win32_2.0.0.202105311346/tools/bin/../lib/gcc/arm-none-eabi/9.3.1/thumb/v7e-m+fp/hard/crtbegin.o
 *(.text*)
 .text.PeripheralsStart
                0x00000000080001c8       0xa8 ./Core/Src/SixStepCommutation.o
                0x00000000080001c8                PeripheralsStart
 .text.Stop_Motor
                0x0000000008000270       0x54 ./Core/Src/SixStepCommutation.o
                0x0000000008000270                Stop_Motor
 .text.Start_Up_Motor
                0x00000000080002c4       0xc4 ./Core/Src/SixStepCommutation.o
                0x00000000080002c4                Start_Up_Motor
 .text.Align_Motor
                0x0000000008000388       0xcc ./Core/Src/SixStepCommutation.o
                0x0000000008000388                Align_Motor
 .text.Run_Motor
                0x0000000008000454       0xd4 ./Core/Src/SixStepCommutation.o
                0x0000000008000454                Run_Motor
 .text.Blinde_Mode
                0x0000000008000528      0x104 ./Core/Src/SixStepCommutation.o
                0x0000000008000528                Blinde_Mode
 .text.Set_Motor_State
                0x000000000800062c      0x208 ./Core/Src/SixStepCommutation.o
                0x000000000800062c                Set_Motor_State
 .text.HAL_TIM_PeriodElapsedCallback
                0x0000000008000834       0x8c ./Core/Src/TimeTask.o
                0x0000000008000834                HAL_TIM_PeriodElapsedCallback
 .text.main     0x00000000080008c0       0xdc ./Core/Src/main.o
                0x00000000080008c0                main
 .text.SystemClock_Config
                0x000000000800099c       0xba ./Core/Src/main.o
                0x000000000800099c                SystemClock_Config
 *fill*         0x0000000008000a56        0x2 
 .text.MX_COMP2_Init
                0x0000000008000a58       0x4c ./Core/Src/main.o
 .text.MX_COMP4_Init
                0x0000000008000aa4       0x4c ./Core/Src/main.o
 .text.MX_COMP6_Init
                0x0000000008000af0       0x4c ./Core/Src/main.o
 .text.MX_TIM1_Init
                0x0000000008000b3c      0x14c ./Core/Src/main.o
 .text.MX_TIM2_Init
                0x0000000008000c88       0xdc ./Core/Src/main.o
 .text.MX_TIM15_Init
                0x0000000008000d64       0xa4 ./Core/Src/main.o
 .text.MX_GPIO_Init
                0x0000000008000e08       0x78 ./Core/Src/main.o
 .text.Error_Handler
                0x0000000008000e80        0xa ./Core/Src/main.o
                0x0000000008000e80                Error_Handler
 *fill*         0x0000000008000e8a        0x2 
 .text.HAL_MspInit
                0x0000000008000e8c       0x48 ./Core/Src/stm32f3xx_hal_msp.o
                0x0000000008000e8c                HAL_MspInit
 .text.HAL_COMP_MspInit
                0x0000000008000ed4      0x1d0 ./Core/Src/stm32f3xx_hal_msp.o
                0x0000000008000ed4                HAL_COMP_MspInit
 .text.HAL_TIM_PWM_MspInit
                0x00000000080010a4       0x70 ./Core/Src/stm32f3xx_hal_msp.o
                0x00000000080010a4                HAL_TIM_PWM_MspInit
 .text.HAL_TIM_Base_MspInit
                0x0000000008001114       0x4c ./Core/Src/stm32f3xx_hal_msp.o
                0x0000000008001114                HAL_TIM_Base_MspInit
 .text.HAL_TIM_MspPostInit
                0x0000000008001160       0xf4 ./Core/Src/stm32f3xx_hal_msp.o
                0x0000000008001160                HAL_TIM_MspPostInit
 .text.NMI_Handler
                0x0000000008001254        0x6 ./Core/Src/stm32f3xx_it.o
                0x0000000008001254                NMI_Handler
 .text.HardFault_Handler
                0x000000000800125a        0x6 ./Core/Src/stm32f3xx_it.o
                0x000000000800125a                HardFault_Handler
 .text.MemManage_Handler
                0x0000000008001260        0x6 ./Core/Src/stm32f3xx_it.o
                0x0000000008001260                MemManage_Handler
 .text.BusFault_Handler
                0x0000000008001266        0x6 ./Core/Src/stm32f3xx_it.o
                0x0000000008001266                BusFault_Handler
 .text.UsageFault_Handler
                0x000000000800126c        0x6 ./Core/Src/stm32f3xx_it.o
                0x000000000800126c                UsageFault_Handler
 .text.SVC_Handler
                0x0000000008001272        0xe ./Core/Src/stm32f3xx_it.o
                0x0000000008001272                SVC_Handler
 .text.DebugMon_Handler
                0x0000000008001280        0xe ./Core/Src/stm32f3xx_it.o
                0x0000000008001280                DebugMon_Handler
 .text.PendSV_Handler
                0x000000000800128e        0xe ./Core/Src/stm32f3xx_it.o
                0x000000000800128e                PendSV_Handler
 .text.SysTick_Handler
                0x000000000800129c        0xc ./Core/Src/stm32f3xx_it.o
                0x000000000800129c                SysTick_Handler
 .text.TIM1_BRK_TIM15_IRQHandler
                0x00000000080012a8       0x1c ./Core/Src/stm32f3xx_it.o
                0x00000000080012a8                TIM1_BRK_TIM15_IRQHandler
 .text.SystemInit
                0x00000000080012c4       0x24 ./Core/Src/system_stm32f3xx.o
                0x00000000080012c4                SystemInit
 .text.Reset_Handler
                0x00000000080012e8       0x50 ./Core/Startup/startup_stm32f302r8tx.o
                0x00000000080012e8                Reset_Handler
 .text.Default_Handler
                0x0000000008001338        0x2 ./Core/Startup/startup_stm32f302r8tx.o
                0x0000000008001338                RTC_Alarm_IRQHandler
                0x0000000008001338                TIM1_CC_IRQHandler
                0x0000000008001338                USB_HP_IRQHandler
                0x0000000008001338                PVD_IRQHandler
                0x0000000008001338                TAMP_STAMP_IRQHandler
                0x0000000008001338                EXTI3_IRQHandler
                0x0000000008001338                I2C3_ER_IRQHandler
                0x0000000008001338                USB_HP_CAN_TX_IRQHandler
                0x0000000008001338                EXTI0_IRQHandler
                0x0000000008001338                I2C2_EV_IRQHandler
                0x0000000008001338                FPU_IRQHandler
                0x0000000008001338                TIM1_UP_TIM16_IRQHandler
                0x0000000008001338                CAN_SCE_IRQHandler
                0x0000000008001338                TIM6_DAC_IRQHandler
                0x0000000008001338                DMA1_Channel4_IRQHandler
                0x0000000008001338                ADC1_IRQHandler
                0x0000000008001338                USART3_IRQHandler
                0x0000000008001338                DMA1_Channel7_IRQHandler
                0x0000000008001338                CAN_RX1_IRQHandler
                0x0000000008001338                I2C1_EV_IRQHandler
                0x0000000008001338                DMA1_Channel6_IRQHandler
                0x0000000008001338                RCC_IRQHandler
                0x0000000008001338                DMA1_Channel1_IRQHandler
                0x0000000008001338                Default_Handler
                0x0000000008001338                USBWakeUp_RMP_IRQHandler
                0x0000000008001338                EXTI15_10_IRQHandler
                0x0000000008001338                COMP2_IRQHandler
                0x0000000008001338                I2C3_EV_IRQHandler
                0x0000000008001338                EXTI9_5_IRQHandler
                0x0000000008001338                RTC_WKUP_IRQHandler
                0x0000000008001338                SPI2_IRQHandler
                0x0000000008001338                USB_LP_CAN_RX0_IRQHandler
                0x0000000008001338                DMA1_Channel5_IRQHandler
                0x0000000008001338                USB_LP_IRQHandler
                0x0000000008001338                EXTI4_IRQHandler
                0x0000000008001338                TIM1_TRG_COM_TIM17_IRQHandler
                0x0000000008001338                DMA1_Channel3_IRQHandler
                0x0000000008001338                WWDG_IRQHandler
                0x0000000008001338                TIM2_IRQHandler
                0x0000000008001338                EXTI1_IRQHandler
                0x0000000008001338                COMP4_6_IRQHandler
                0x0000000008001338                USART2_IRQHandler
                0x0000000008001338                I2C2_ER_IRQHandler
                0x0000000008001338                DMA1_Channel2_IRQHandler
                0x0000000008001338                FLASH_IRQHandler
                0x0000000008001338                USART1_IRQHandler
                0x0000000008001338                SPI3_IRQHandler
                0x0000000008001338                I2C1_ER_IRQHandler
                0x0000000008001338                USBWakeUp_IRQHandler
                0x0000000008001338                EXTI2_TSC_IRQHandler
 *fill*         0x000000000800133a        0x2 
 .text.HAL_Init
                0x000000000800133c       0x2c ./Drivers/STM32F3xx_HAL_Driver/Src/stm32f3xx_hal.o
                0x000000000800133c                HAL_Init
 .text.HAL_InitTick
                0x0000000008001368       0x60 ./Drivers/STM32F3xx_HAL_Driver/Src/stm32f3xx_hal.o
                0x0000000008001368                HAL_InitTick
 .text.HAL_IncTick
                0x00000000080013c8       0x28 ./Drivers/STM32F3xx_HAL_Driver/Src/stm32f3xx_hal.o
                0x00000000080013c8                HAL_IncTick
 .text.HAL_GetTick
                0x00000000080013f0       0x18 ./Drivers/STM32F3xx_HAL_Driver/Src/stm32f3xx_hal.o
                0x00000000080013f0                HAL_GetTick
 .text.HAL_COMP_Init
                0x0000000008001408       0xf4 ./Drivers/STM32F3xx_HAL_Driver/Src/stm32f3xx_hal_comp.o
                0x0000000008001408                HAL_COMP_Init
 .text.HAL_COMP_Start
                0x00000000080014fc      0x194 ./Drivers/STM32F3xx_HAL_Driver/Src/stm32f3xx_hal_comp.o
                0x00000000080014fc                HAL_COMP_Start
 .text.__NVIC_SetPriorityGrouping
                0x0000000008001690       0x48 ./Drivers/STM32F3xx_HAL_Driver/Src/stm32f3xx_hal_cortex.o
 .text.__NVIC_GetPriorityGrouping
                0x00000000080016d8       0x1c ./Drivers/STM32F3xx_HAL_Driver/Src/stm32f3xx_hal_cortex.o
 .text.__NVIC_EnableIRQ
                0x00000000080016f4       0x3c ./Drivers/STM32F3xx_HAL_Driver/Src/stm32f3xx_hal_cortex.o
 .text.__NVIC_SetPriority
                0x0000000008001730       0x54 ./Drivers/STM32F3xx_HAL_Driver/Src/stm32f3xx_hal_cortex.o
 .text.NVIC_EncodePriority
                0x0000000008001784       0x66 ./Drivers/STM32F3xx_HAL_Driver/Src/stm32f3xx_hal_cortex.o
 *fill*         0x00000000080017ea        0x2 
 .text.SysTick_Config
                0x00000000080017ec       0x44 ./Drivers/STM32F3xx_HAL_Driver/Src/stm32f3xx_hal_cortex.o
 .text.HAL_NVIC_SetPriorityGrouping
                0x0000000008001830       0x16 ./Drivers/STM32F3xx_HAL_Driver/Src/stm32f3xx_hal_cortex.o
                0x0000000008001830                HAL_NVIC_SetPriorityGrouping
 .text.HAL_NVIC_SetPriority
                0x0000000008001846       0x38 ./Drivers/STM32F3xx_HAL_Driver/Src/stm32f3xx_hal_cortex.o
                0x0000000008001846                HAL_NVIC_SetPriority
 .text.HAL_NVIC_EnableIRQ
                0x000000000800187e       0x1c ./Drivers/STM32F3xx_HAL_Driver/Src/stm32f3xx_hal_cortex.o
                0x000000000800187e                HAL_NVIC_EnableIRQ
 .text.HAL_SYSTICK_Config
                0x000000000800189a       0x18 ./Drivers/STM32F3xx_HAL_Driver/Src/stm32f3xx_hal_cortex.o
                0x000000000800189a                HAL_SYSTICK_Config
 *fill*         0x00000000080018b2        0x2 
 .text.HAL_GPIO_Init
                0x00000000080018b4      0x2e4 ./Drivers/STM32F3xx_HAL_Driver/Src/stm32f3xx_hal_gpio.o
                0x00000000080018b4                HAL_GPIO_Init
 .text.HAL_GPIO_ReadPin
                0x0000000008001b98       0x30 ./Drivers/STM32F3xx_HAL_Driver/Src/stm32f3xx_hal_gpio.o
                0x0000000008001b98                HAL_GPIO_ReadPin
 .text.HAL_RCC_OscConfig
                0x0000000008001bc8      0xe10 ./Drivers/STM32F3xx_HAL_Driver/Src/stm32f3xx_hal_rcc.o
                0x0000000008001bc8                HAL_RCC_OscConfig
 .text.HAL_RCC_ClockConfig
                0x00000000080029d8      0x2f8 ./Drivers/STM32F3xx_HAL_Driver/Src/stm32f3xx_hal_rcc.o
                0x00000000080029d8                HAL_RCC_ClockConfig
 .text.HAL_RCC_GetSysClockFreq
                0x0000000008002cd0       0xd4 ./Drivers/STM32F3xx_HAL_Driver/Src/stm32f3xx_hal_rcc.o
                0x0000000008002cd0                HAL_RCC_GetSysClockFreq
 .text.HAL_RCCEx_PeriphCLKConfig
                0x0000000008002da4      0x324 ./Drivers/STM32F3xx_HAL_Driver/Src/stm32f3xx_hal_rcc_ex.o
                0x0000000008002da4                HAL_RCCEx_PeriphCLKConfig
 .text.HAL_TIM_Base_Init
                0x00000000080030c8       0xae ./Drivers/STM32F3xx_HAL_Driver/Src/stm32f3xx_hal_tim.o
                0x00000000080030c8                HAL_TIM_Base_Init
 *fill*         0x0000000008003176        0x2 
 .text.HAL_TIM_Base_Start_IT
                0x0000000008003178       0xa8 ./Drivers/STM32F3xx_HAL_Driver/Src/stm32f3xx_hal_tim.o
                0x0000000008003178                HAL_TIM_Base_Start_IT
 .text.HAL_TIM_PWM_Init
                0x0000000008003220       0xae ./Drivers/STM32F3xx_HAL_Driver/Src/stm32f3xx_hal_tim.o
                0x0000000008003220                HAL_TIM_PWM_Init
 *fill*         0x00000000080032ce        0x2 
 .text.HAL_TIM_PWM_Start
                0x00000000080032d0      0x1cc ./Drivers/STM32F3xx_HAL_Driver/Src/stm32f3xx_hal_tim.o
                0x00000000080032d0                HAL_TIM_PWM_Start
 .text.HAL_TIM_IRQHandler
                0x000000000800349c      0x23e ./Drivers/STM32F3xx_HAL_Driver/Src/stm32f3xx_hal_tim.o
                0x000000000800349c                HAL_TIM_IRQHandler
 *fill*         0x00000000080036da        0x2 
 .text.HAL_TIM_PWM_ConfigChannel
                0x00000000080036dc      0x228 ./Drivers/STM32F3xx_HAL_Driver/Src/stm32f3xx_hal_tim.o
                0x00000000080036dc                HAL_TIM_PWM_ConfigChannel
 .text.HAL_TIM_ConfigClockSource
                0x0000000008003904      0x192 ./Drivers/STM32F3xx_HAL_Driver/Src/stm32f3xx_hal_tim.o
                0x0000000008003904                HAL_TIM_ConfigClockSource
 .text.HAL_TIM_OC_DelayElapsedCallback
                0x0000000008003a96       0x14 ./Drivers/STM32F3xx_HAL_Driver/Src/stm32f3xx_hal_tim.o
                0x0000000008003a96                HAL_TIM_OC_DelayElapsedCallback
 .text.HAL_TIM_IC_CaptureCallback
                0x0000000008003aaa       0x14 ./Drivers/STM32F3xx_HAL_Driver/Src/stm32f3xx_hal_tim.o
                0x0000000008003aaa                HAL_TIM_IC_CaptureCallback
 .text.HAL_TIM_PWM_PulseFinishedCallback
                0x0000000008003abe       0x14 ./Drivers/STM32F3xx_HAL_Driver/Src/stm32f3xx_hal_tim.o
                0x0000000008003abe                HAL_TIM_PWM_PulseFinishedCallback
 .text.HAL_TIM_TriggerCallback
                0x0000000008003ad2       0x14 ./Drivers/STM32F3xx_HAL_Driver/Src/stm32f3xx_hal_tim.o
                0x0000000008003ad2                HAL_TIM_TriggerCallback
 *fill*         0x0000000008003ae6        0x2 
 .text.TIM_Base_SetConfig
                0x0000000008003ae8       0xdc ./Drivers/STM32F3xx_HAL_Driver/Src/stm32f3xx_hal_tim.o
                0x0000000008003ae8                TIM_Base_SetConfig
 .text.TIM_OC1_SetConfig
                0x0000000008003bc4      0x10c ./Drivers/STM32F3xx_HAL_Driver/Src/stm32f3xx_hal_tim.o
 .text.TIM_OC2_SetConfig
                0x0000000008003cd0      0x100 ./Drivers/STM32F3xx_HAL_Driver/Src/stm32f3xx_hal_tim.o
                0x0000000008003cd0                TIM_OC2_SetConfig
 .text.TIM_OC3_SetConfig
                0x0000000008003dd0       0xfc ./Drivers/STM32F3xx_HAL_Driver/Src/stm32f3xx_hal_tim.o
 .text.TIM_OC4_SetConfig
                0x0000000008003ecc       0xc8 ./Drivers/STM32F3xx_HAL_Driver/Src/stm32f3xx_hal_tim.o
 .text.TIM_OC5_SetConfig
                0x0000000008003f94       0xbc ./Drivers/STM32F3xx_HAL_Driver/Src/stm32f3xx_hal_tim.o
 .text.TIM_OC6_SetConfig
                0x0000000008004050       0xc0 ./Drivers/STM32F3xx_HAL_Driver/Src/stm32f3xx_hal_tim.o
 .text.TIM_TI1_ConfigInputStage
                0x0000000008004110       0x5e ./Drivers/STM32F3xx_HAL_Driver/Src/stm32f3xx_hal_tim.o
 .text.TIM_TI2_ConfigInputStage
                0x000000000800416e       0x60 ./Drivers/STM32F3xx_HAL_Driver/Src/stm32f3xx_hal_tim.o
 .text.TIM_ITRx_SetConfig
                0x00000000080041ce       0x36 ./Drivers/STM32F3xx_HAL_Driver/Src/stm32f3xx_hal_tim.o
 .text.TIM_ETR_SetConfig
                0x0000000008004204       0x40 ./Drivers/STM32F3xx_HAL_Driver/Src/stm32f3xx_hal_tim.o
                0x0000000008004204                TIM_ETR_SetConfig
 .text.TIM_CCxChannelCmd
                0x0000000008004244       0x4a ./Drivers/STM32F3xx_HAL_Driver/Src/stm32f3xx_hal_tim.o
                0x0000000008004244                TIM_CCxChannelCmd
 *fill*         0x000000000800428e        0x2 
 .text.HAL_TIMEx_MasterConfigSynchronization
                0x0000000008004290       0xcc ./Drivers/STM32F3xx_HAL_Driver/Src/stm32f3xx_hal_tim_ex.o
                0x0000000008004290                HAL_TIMEx_MasterConfigSynchronization
 .text.HAL_TIMEx_ConfigBreakDeadTime
                0x000000000800435c       0xf0 ./Drivers/STM32F3xx_HAL_Driver/Src/stm32f3xx_hal_tim_ex.o
                0x000000000800435c                HAL_TIMEx_ConfigBreakDeadTime
 .text.HAL_TIMEx_CommutCallback
                0x000000000800444c       0x14 ./Drivers/STM32F3xx_HAL_Driver/Src/stm32f3xx_hal_tim_ex.o
                0x000000000800444c                HAL_TIMEx_CommutCallback
 .text.HAL_TIMEx_BreakCallback
                0x0000000008004460       0x14 ./Drivers/STM32F3xx_HAL_Driver/Src/stm32f3xx_hal_tim_ex.o
                0x0000000008004460                HAL_TIMEx_BreakCallback
 .text.HAL_TIMEx_Break2Callback
                0x0000000008004474       0x14 ./Drivers/STM32F3xx_HAL_Driver/Src/stm32f3xx_hal_tim_ex.o
                0x0000000008004474                HAL_TIMEx_Break2Callback
 .text.__libc_init_array
                0x0000000008004488       0x48 d:/st/stm32cubeide_1.8.0/stm32cubeide/plugins/com.st.stm32cube.ide.mcu.externaltools.gnu-tools-for-stm32.9-2020-q2-update.win32_2.0.0.202105311346/tools/bin/../lib/gcc/arm-none-eabi/9.3.1/../../../../arm-none-eabi/lib/thumb/v7e-m+fp/hard\libc_nano.a(lib_a-init.o)
                0x0000000008004488                __libc_init_array
 .text.memset   0x00000000080044d0       0x10 d:/st/stm32cubeide_1.8.0/stm32cubeide/plugins/com.st.stm32cube.ide.mcu.externaltools.gnu-tools-for-stm32.9-2020-q2-update.win32_2.0.0.202105311346/tools/bin/../lib/gcc/arm-none-eabi/9.3.1/../../../../arm-none-eabi/lib/thumb/v7e-m+fp/hard\libc_nano.a(lib_a-memset.o)
                0x00000000080044d0                memset
 *(.glue_7)
 .glue_7        0x00000000080044e0        0x0 linker stubs
 *(.glue_7t)
 .glue_7t       0x00000000080044e0        0x0 linker stubs
 *(.eh_frame)
 .eh_frame      0x00000000080044e0        0x0 d:/st/stm32cubeide_1.8.0/stm32cubeide/plugins/com.st.stm32cube.ide.mcu.externaltools.gnu-tools-for-stm32.9-2020-q2-update.win32_2.0.0.202105311346/tools/bin/../lib/gcc/arm-none-eabi/9.3.1/thumb/v7e-m+fp/hard/crtbegin.o
 *(.init)
 .init          0x00000000080044e0        0x4 d:/st/stm32cubeide_1.8.0/stm32cubeide/plugins/com.st.stm32cube.ide.mcu.externaltools.gnu-tools-for-stm32.9-2020-q2-update.win32_2.0.0.202105311346/tools/bin/../lib/gcc/arm-none-eabi/9.3.1/thumb/v7e-m+fp/hard/crti.o
                0x00000000080044e0                _init
 .init          0x00000000080044e4        0x8 d:/st/stm32cubeide_1.8.0/stm32cubeide/plugins/com.st.stm32cube.ide.mcu.externaltools.gnu-tools-for-stm32.9-2020-q2-update.win32_2.0.0.202105311346/tools/bin/../lib/gcc/arm-none-eabi/9.3.1/thumb/v7e-m+fp/hard/crtn.o
 *(.fini)
 .fini          0x00000000080044ec        0x4 d:/st/stm32cubeide_1.8.0/stm32cubeide/plugins/com.st.stm32cube.ide.mcu.externaltools.gnu-tools-for-stm32.9-2020-q2-update.win32_2.0.0.202105311346/tools/bin/../lib/gcc/arm-none-eabi/9.3.1/thumb/v7e-m+fp/hard/crti.o
                0x00000000080044ec                _fini
 .fini          0x00000000080044f0        0x8 d:/st/stm32cubeide_1.8.0/stm32cubeide/plugins/com.st.stm32cube.ide.mcu.externaltools.gnu-tools-for-stm32.9-2020-q2-update.win32_2.0.0.202105311346/tools/bin/../lib/gcc/arm-none-eabi/9.3.1/thumb/v7e-m+fp/hard/crtn.o
                0x00000000080044f8                . = ALIGN (0x4)
                0x00000000080044f8                _etext = .

.vfp11_veneer   0x00000000080044f8        0x0
 .vfp11_veneer  0x00000000080044f8        0x0 linker stubs

.v4_bx          0x00000000080044f8        0x0
 .v4_bx         0x00000000080044f8        0x0 linker stubs

.iplt           0x00000000080044f8        0x0
 .iplt          0x00000000080044f8        0x0 d:/st/stm32cubeide_1.8.0/stm32cubeide/plugins/com.st.stm32cube.ide.mcu.externaltools.gnu-tools-for-stm32.9-2020-q2-update.win32_2.0.0.202105311346/tools/bin/../lib/gcc/arm-none-eabi/9.3.1/thumb/v7e-m+fp/hard/crtbegin.o

.rodata         0x00000000080044f8       0x38
                0x00000000080044f8                . = ALIGN (0x4)
 *(.rodata)
 *(.rodata*)
 .rodata.Trigger_Control_State
                0x00000000080044f8        0x6 ./Core/Src/SixStepCommutation.o
                0x00000000080044f8                Trigger_Control_State
 *fill*         0x00000000080044fe        0x2 
 .rodata.AHBPrescTable
                0x0000000008004500       0x10 ./Core/Src/system_stm32f3xx.o
                0x0000000008004500                AHBPrescTable
 .rodata.aPLLMULFactorTable
                0x0000000008004510       0x10 ./Drivers/STM32F3xx_HAL_Driver/Src/stm32f3xx_hal_rcc.o
                0x0000000008004510                aPLLMULFactorTable
 .rodata.aPredivFactorTable
                0x0000000008004520       0x10 ./Drivers/STM32F3xx_HAL_Driver/Src/stm32f3xx_hal_rcc.o
                0x0000000008004520                aPredivFactorTable
                0x0000000008004530                . = ALIGN (0x4)

.rel.dyn        0x0000000008004530        0x0
 .rel.iplt      0x0000000008004530        0x0 d:/st/stm32cubeide_1.8.0/stm32cubeide/plugins/com.st.stm32cube.ide.mcu.externaltools.gnu-tools-for-stm32.9-2020-q2-update.win32_2.0.0.202105311346/tools/bin/../lib/gcc/arm-none-eabi/9.3.1/thumb/v7e-m+fp/hard/crtbegin.o

.ARM.extab      0x0000000008004530        0x0
                0x0000000008004530                . = ALIGN (0x4)
 *(.ARM.extab* .gnu.linkonce.armextab.*)
                0x0000000008004530                . = ALIGN (0x4)

.ARM            0x0000000008004530        0x0
                0x0000000008004530                . = ALIGN (0x4)
                0x0000000008004530                __exidx_start = .
 *(.ARM.exidx*)
                0x0000000008004530                __exidx_end = .
                0x0000000008004530                . = ALIGN (0x4)

.preinit_array  0x0000000008004530        0x0
                0x0000000008004530                . = ALIGN (0x4)
                0x0000000008004530                PROVIDE (__preinit_array_start = .)
 *(.preinit_array*)
                0x0000000008004530                PROVIDE (__preinit_array_end = .)
                0x0000000008004530                . = ALIGN (0x4)

.init_array     0x0000000008004530        0x4
                0x0000000008004530                . = ALIGN (0x4)
                0x0000000008004530                PROVIDE (__init_array_start = .)
 *(SORT_BY_NAME(.init_array.*))
 *(.init_array*)
 .init_array    0x0000000008004530        0x4 d:/st/stm32cubeide_1.8.0/stm32cubeide/plugins/com.st.stm32cube.ide.mcu.externaltools.gnu-tools-for-stm32.9-2020-q2-update.win32_2.0.0.202105311346/tools/bin/../lib/gcc/arm-none-eabi/9.3.1/thumb/v7e-m+fp/hard/crtbegin.o
                0x0000000008004534                PROVIDE (__init_array_end = .)
                0x0000000008004534                . = ALIGN (0x4)

.fini_array     0x0000000008004534        0x4
                0x0000000008004534                . = ALIGN (0x4)
                [!provide]                        PROVIDE (__fini_array_start = .)
 *(SORT_BY_NAME(.fini_array.*))
 *(.fini_array*)
 .fini_array    0x0000000008004534        0x4 d:/st/stm32cubeide_1.8.0/stm32cubeide/plugins/com.st.stm32cube.ide.mcu.externaltools.gnu-tools-for-stm32.9-2020-q2-update.win32_2.0.0.202105311346/tools/bin/../lib/gcc/arm-none-eabi/9.3.1/thumb/v7e-m+fp/hard/crtbegin.o
                [!provide]                        PROVIDE (__fini_array_end = .)
                0x0000000008004538                . = ALIGN (0x4)
                0x0000000008004538                _sidata = LOADADDR (.data)

.data           0x0000000020000000       0x1c load address 0x0000000008004538
                0x0000000020000000                . = ALIGN (0x4)
                0x0000000020000000                _sdata = .
 *(.data)
 *(.data*)
 .data.DWT_CONTROL
                0x0000000020000000        0x4 ./Core/Src/main.o
                0x0000000020000000                DWT_CONTROL
 .data.DWT_CYCCNT
                0x0000000020000004        0x4 ./Core/Src/main.o
                0x0000000020000004                DWT_CYCCNT
 .data.DEMCR    0x0000000020000008        0x4 ./Core/Src/main.o
                0x0000000020000008                DEMCR
 .data.LAR      0x000000002000000c        0x4 ./Core/Src/main.o
                0x000000002000000c                LAR
 .data.SystemCoreClock
                0x0000000020000010        0x4 ./Core/Src/system_stm32f3xx.o
                0x0000000020000010                SystemCoreClock
 .data.uwTickPrio
                0x0000000020000014        0x4 ./Drivers/STM32F3xx_HAL_Driver/Src/stm32f3xx_hal.o
                0x0000000020000014                uwTickPrio
 .data.uwTickFreq
                0x0000000020000018        0x1 ./Drivers/STM32F3xx_HAL_Driver/Src/stm32f3xx_hal.o
                0x0000000020000018                uwTickFreq
 *(.RamFunc)
 *(.RamFunc*)
                0x000000002000001c                . = ALIGN (0x4)
 *fill*         0x0000000020000019        0x3 
                0x000000002000001c                _edata = .

.igot.plt       0x000000002000001c        0x0 load address 0x0000000008004554
 .igot.plt      0x000000002000001c        0x0 d:/st/stm32cubeide_1.8.0/stm32cubeide/plugins/com.st.stm32cube.ide.mcu.externaltools.gnu-tools-for-stm32.9-2020-q2-update.win32_2.0.0.202105311346/tools/bin/../lib/gcc/arm-none-eabi/9.3.1/thumb/v7e-m+fp/hard/crtbegin.o
                0x000000002000001c                . = ALIGN (0x4)

.bss            0x000000002000001c      0x244 load address 0x0000000008004554
                0x000000002000001c                _sbss = .
                0x000000002000001c                __bss_start__ = _sbss
 *(.bss)
 .bss           0x000000002000001c       0x1c d:/st/stm32cubeide_1.8.0/stm32cubeide/plugins/com.st.stm32cube.ide.mcu.externaltools.gnu-tools-for-stm32.9-2020-q2-update.win32_2.0.0.202105311346/tools/bin/../lib/gcc/arm-none-eabi/9.3.1/thumb/v7e-m+fp/hard/crtbegin.o
 *(.bss*)
 .bss.Tour_Counter.9207
                0x0000000020000038        0x4 ./Core/Src/SixStepCommutation.o
 .bss.Tour_Counter.9210
                0x000000002000003c        0x4 ./Core/Src/SixStepCommutation.o
 .bss.Next_State_Index.9213
                0x0000000020000040        0x1 ./Core/Src/SixStepCommutation.o
 *fill*         0x0000000020000041        0x3 
 .bss.h.9218    0x0000000020000044        0x4 ./Core/Src/SixStepCommutation.o
 *(COMMON)
 COMMON         0x0000000020000048      0x214 ./Core/Src/SixStepCommutation.o
                0x0000000020000048                saniye2
                0x000000002000004c                PeriphClkInit
                0x0000000020000080                Start_Up_Time_Task
                0x0000000020000084                elapsedtime
                0x0000000020000088                htim15
                0x00000000200000d4                saniye
                0x00000000200000d8                hcomp6
                0x0000000020000108                RpmFlag
                0x000000002000010c                rpmvalue
                0x0000000020000110                hcomp4
                0x0000000020000140                timerCounter
                0x0000000020000144                RpmFlagOld
                0x0000000020000148                htim1
                0x0000000020000194                Start_Up
                0x00000000200001a4                hcomp2
                0x00000000200001d4                htim2
                0x0000000020000220                Time
                0x0000000020000224                Motor_Control
 COMMON         0x000000002000025c        0x4 ./Drivers/STM32F3xx_HAL_Driver/Src/stm32f3xx_hal.o
                0x000000002000025c                uwTick
                0x0000000020000260                . = ALIGN (0x4)
                0x0000000020000260                _ebss = .
                0x0000000020000260                __bss_end__ = _ebss

._user_heap_stack
                0x0000000020000260      0x600 load address 0x0000000008004554
                0x0000000020000260                . = ALIGN (0x8)
                [!provide]                        PROVIDE (end = .)
                0x0000000020000260                PROVIDE (_end = .)
                0x0000000020000460                . = (. + _Min_Heap_Size)
 *fill*         0x0000000020000260      0x200 
                0x0000000020000860                . = (. + _Min_Stack_Size)
 *fill*         0x0000000020000460      0x400 
                0x0000000020000860                . = ALIGN (0x8)

/DISCARD/
 libc.a(*)
 libm.a(*)
 libgcc.a(*)

.ARM.attributes
                0x0000000000000000       0x30
 *(.ARM.attributes)
 .ARM.attributes
                0x0000000000000000       0x1e d:/st/stm32cubeide_1.8.0/stm32cubeide/plugins/com.st.stm32cube.ide.mcu.externaltools.gnu-tools-for-stm32.9-2020-q2-update.win32_2.0.0.202105311346/tools/bin/../lib/gcc/arm-none-eabi/9.3.1/thumb/v7e-m+fp/hard/crti.o
 .ARM.attributes
                0x000000000000001e       0x34 d:/st/stm32cubeide_1.8.0/stm32cubeide/plugins/com.st.stm32cube.ide.mcu.externaltools.gnu-tools-for-stm32.9-2020-q2-update.win32_2.0.0.202105311346/tools/bin/../lib/gcc/arm-none-eabi/9.3.1/thumb/v7e-m+fp/hard/crtbegin.o
 .ARM.attributes
                0x0000000000000052       0x34 ./Core/Src/SixStepCommutation.o
 .ARM.attributes
                0x0000000000000086       0x34 ./Core/Src/TimeTask.o
 .ARM.attributes
                0x00000000000000ba       0x34 ./Core/Src/main.o
 .ARM.attributes
                0x00000000000000ee       0x34 ./Core/Src/stm32f3xx_hal_msp.o
 .ARM.attributes
                0x0000000000000122       0x34 ./Core/Src/stm32f3xx_it.o
 .ARM.attributes
                0x0000000000000156       0x34 ./Core/Src/system_stm32f3xx.o
 .ARM.attributes
                0x000000000000018a       0x21 ./Core/Startup/startup_stm32f302r8tx.o
 .ARM.attributes
                0x00000000000001ab       0x34 ./Drivers/STM32F3xx_HAL_Driver/Src/stm32f3xx_hal.o
 .ARM.attributes
                0x00000000000001df       0x34 ./Drivers/STM32F3xx_HAL_Driver/Src/stm32f3xx_hal_comp.o
 .ARM.attributes
                0x0000000000000213       0x34 ./Drivers/STM32F3xx_HAL_Driver/Src/stm32f3xx_hal_cortex.o
 .ARM.attributes
                0x0000000000000247       0x34 ./Drivers/STM32F3xx_HAL_Driver/Src/stm32f3xx_hal_gpio.o
 .ARM.attributes
                0x000000000000027b       0x34 ./Drivers/STM32F3xx_HAL_Driver/Src/stm32f3xx_hal_rcc.o
 .ARM.attributes
                0x00000000000002af       0x34 ./Drivers/STM32F3xx_HAL_Driver/Src/stm32f3xx_hal_rcc_ex.o
 .ARM.attributes
                0x00000000000002e3       0x34 ./Drivers/STM32F3xx_HAL_Driver/Src/stm32f3xx_hal_tim.o
 .ARM.attributes
                0x0000000000000317       0x34 ./Drivers/STM32F3xx_HAL_Driver/Src/stm32f3xx_hal_tim_ex.o
 .ARM.attributes
                0x000000000000034b       0x34 d:/st/stm32cubeide_1.8.0/stm32cubeide/plugins/com.st.stm32cube.ide.mcu.externaltools.gnu-tools-for-stm32.9-2020-q2-update.win32_2.0.0.202105311346/tools/bin/../lib/gcc/arm-none-eabi/9.3.1/../../../../arm-none-eabi/lib/thumb/v7e-m+fp/hard\libc_nano.a(lib_a-init.o)
 .ARM.attributes
                0x000000000000037f       0x34 d:/st/stm32cubeide_1.8.0/stm32cubeide/plugins/com.st.stm32cube.ide.mcu.externaltools.gnu-tools-for-stm32.9-2020-q2-update.win32_2.0.0.202105311346/tools/bin/../lib/gcc/arm-none-eabi/9.3.1/../../../../arm-none-eabi/lib/thumb/v7e-m+fp/hard\libc_nano.a(lib_a-memset.o)
 .ARM.attributes
                0x00000000000003b3       0x1e d:/st/stm32cubeide_1.8.0/stm32cubeide/plugins/com.st.stm32cube.ide.mcu.externaltools.gnu-tools-for-stm32.9-2020-q2-update.win32_2.0.0.202105311346/tools/bin/../lib/gcc/arm-none-eabi/9.3.1/thumb/v7e-m+fp/hard/crtn.o
OUTPUT(ESC_Software_F302R8.elf elf32-littlearm)
LOAD linker stubs
LOAD d:/st/stm32cubeide_1.8.0/stm32cubeide/plugins/com.st.stm32cube.ide.mcu.externaltools.gnu-tools-for-stm32.9-2020-q2-update.win32_2.0.0.202105311346/tools/bin/../lib/gcc/arm-none-eabi/9.3.1/../../../../arm-none-eabi/lib/thumb/v7e-m+fp/hard\libc.a
LOAD d:/st/stm32cubeide_1.8.0/stm32cubeide/plugins/com.st.stm32cube.ide.mcu.externaltools.gnu-tools-for-stm32.9-2020-q2-update.win32_2.0.0.202105311346/tools/bin/../lib/gcc/arm-none-eabi/9.3.1/../../../../arm-none-eabi/lib/thumb/v7e-m+fp/hard\libm.a
LOAD d:/st/stm32cubeide_1.8.0/stm32cubeide/plugins/com.st.stm32cube.ide.mcu.externaltools.gnu-tools-for-stm32.9-2020-q2-update.win32_2.0.0.202105311346/tools/bin/../lib/gcc/arm-none-eabi/9.3.1/thumb/v7e-m+fp/hard\libgcc.a

.debug_info     0x0000000000000000     0xd918
 .debug_info    0x0000000000000000     0x1a80 ./Core/Src/SixStepCommutation.o
 .debug_info    0x0000000000001a80      0xd10 ./Core/Src/TimeTask.o
 .debug_info    0x0000000000002790     0x1301 ./Core/Src/main.o
 .debug_info    0x0000000000003a91      0xed2 ./Core/Src/stm32f3xx_hal_msp.o
 .debug_info    0x0000000000004963      0x80e ./Core/Src/stm32f3xx_it.o
 .debug_info    0x0000000000005171      0x49a ./Core/Src/system_stm32f3xx.o
 .debug_info    0x000000000000560b       0x22 ./Core/Startup/startup_stm32f302r8tx.o
 .debug_info    0x000000000000562d      0x7dd ./Drivers/STM32F3xx_HAL_Driver/Src/stm32f3xx_hal.o
 .debug_info    0x0000000000005e0a      0x832 ./Drivers/STM32F3xx_HAL_Driver/Src/stm32f3xx_hal_comp.o
 .debug_info    0x000000000000663c      0xc09 ./Drivers/STM32F3xx_HAL_Driver/Src/stm32f3xx_hal_cortex.o
 .debug_info    0x0000000000007245      0x779 ./Drivers/STM32F3xx_HAL_Driver/Src/stm32f3xx_hal_gpio.o
 .debug_info    0x00000000000079be     0x15b5 ./Drivers/STM32F3xx_HAL_Driver/Src/stm32f3xx_hal_rcc.o
 .debug_info    0x0000000000008f73      0x671 ./Drivers/STM32F3xx_HAL_Driver/Src/stm32f3xx_hal_rcc_ex.o
 .debug_info    0x00000000000095e4     0x2cf6 ./Drivers/STM32F3xx_HAL_Driver/Src/stm32f3xx_hal_tim.o
 .debug_info    0x000000000000c2da     0x163e ./Drivers/STM32F3xx_HAL_Driver/Src/stm32f3xx_hal_tim_ex.o

.debug_abbrev   0x0000000000000000     0x1f5e
 .debug_abbrev  0x0000000000000000      0x355 ./Core/Src/SixStepCommutation.o
 .debug_abbrev  0x0000000000000355      0x1d1 ./Core/Src/TimeTask.o
 .debug_abbrev  0x0000000000000526      0x2c7 ./Core/Src/main.o
 .debug_abbrev  0x00000000000007ed      0x222 ./Core/Src/stm32f3xx_hal_msp.o
 .debug_abbrev  0x0000000000000a0f      0x176 ./Core/Src/stm32f3xx_it.o
 .debug_abbrev  0x0000000000000b85      0x145 ./Core/Src/system_stm32f3xx.o
 .debug_abbrev  0x0000000000000cca       0x12 ./Core/Startup/startup_stm32f302r8tx.o
 .debug_abbrev  0x0000000000000cdc      0x1ed ./Drivers/STM32F3xx_HAL_Driver/Src/stm32f3xx_hal.o
 .debug_abbrev  0x0000000000000ec9      0x1e7 ./Drivers/STM32F3xx_HAL_Driver/Src/stm32f3xx_hal_comp.o
 .debug_abbrev  0x00000000000010b0      0x313 ./Drivers/STM32F3xx_HAL_Driver/Src/stm32f3xx_hal_cortex.o
 .debug_abbrev  0x00000000000013c3      0x1e8 ./Drivers/STM32F3xx_HAL_Driver/Src/stm32f3xx_hal_gpio.o
 .debug_abbrev  0x00000000000015ab      0x2c4 ./Drivers/STM32F3xx_HAL_Driver/Src/stm32f3xx_hal_rcc.o
 .debug_abbrev  0x000000000000186f      0x22b ./Drivers/STM32F3xx_HAL_Driver/Src/stm32f3xx_hal_rcc_ex.o
 .debug_abbrev  0x0000000000001a9a      0x25e ./Drivers/STM32F3xx_HAL_Driver/Src/stm32f3xx_hal_tim.o
 .debug_abbrev  0x0000000000001cf8      0x266 ./Drivers/STM32F3xx_HAL_Driver/Src/stm32f3xx_hal_tim_ex.o

.debug_aranges  0x0000000000000000      0xad8
 .debug_aranges
                0x0000000000000000       0x68 ./Core/Src/SixStepCommutation.o
 .debug_aranges
                0x0000000000000068       0x20 ./Core/Src/TimeTask.o
 .debug_aranges
                0x0000000000000088       0x68 ./Core/Src/main.o
 .debug_aranges
                0x00000000000000f0       0x58 ./Core/Src/stm32f3xx_hal_msp.o
 .debug_aranges
                0x0000000000000148       0x68 ./Core/Src/stm32f3xx_it.o
 .debug_aranges
                0x00000000000001b0       0x28 ./Core/Src/system_stm32f3xx.o
 .debug_aranges
                0x00000000000001d8       0x28 ./Core/Startup/startup_stm32f302r8tx.o
 .debug_aranges
                0x0000000000000200       0xe0 ./Drivers/STM32F3xx_HAL_Driver/Src/stm32f3xx_hal.o
 .debug_aranges
                0x00000000000002e0       0x88 ./Drivers/STM32F3xx_HAL_Driver/Src/stm32f3xx_hal_comp.o
 .debug_aranges
                0x0000000000000368      0x100 ./Drivers/STM32F3xx_HAL_Driver/Src/stm32f3xx_hal_cortex.o
 .debug_aranges
                0x0000000000000468       0x58 ./Drivers/STM32F3xx_HAL_Driver/Src/stm32f3xx_hal_gpio.o
 .debug_aranges
                0x00000000000004c0       0x88 ./Drivers/STM32F3xx_HAL_Driver/Src/stm32f3xx_hal_rcc.o
 .debug_aranges
                0x0000000000000548       0x38 ./Drivers/STM32F3xx_HAL_Driver/Src/stm32f3xx_hal_rcc_ex.o
 .debug_aranges
                0x0000000000000580      0x3e0 ./Drivers/STM32F3xx_HAL_Driver/Src/stm32f3xx_hal_tim.o
 .debug_aranges
                0x0000000000000960      0x178 ./Drivers/STM32F3xx_HAL_Driver/Src/stm32f3xx_hal_tim_ex.o

.debug_ranges   0x0000000000000000      0x9f0
 .debug_ranges  0x0000000000000000       0x58 ./Core/Src/SixStepCommutation.o
 .debug_ranges  0x0000000000000058       0x10 ./Core/Src/TimeTask.o
 .debug_ranges  0x0000000000000068       0x58 ./Core/Src/main.o
 .debug_ranges  0x00000000000000c0       0x48 ./Core/Src/stm32f3xx_hal_msp.o
 .debug_ranges  0x0000000000000108       0x58 ./Core/Src/stm32f3xx_it.o
 .debug_ranges  0x0000000000000160       0x18 ./Core/Src/system_stm32f3xx.o
 .debug_ranges  0x0000000000000178       0x20 ./Core/Startup/startup_stm32f302r8tx.o
 .debug_ranges  0x0000000000000198       0xd0 ./Drivers/STM32F3xx_HAL_Driver/Src/stm32f3xx_hal.o
 .debug_ranges  0x0000000000000268       0x78 ./Drivers/STM32F3xx_HAL_Driver/Src/stm32f3xx_hal_comp.o
 .debug_ranges  0x00000000000002e0       0xf0 ./Drivers/STM32F3xx_HAL_Driver/Src/stm32f3xx_hal_cortex.o
 .debug_ranges  0x00000000000003d0       0x48 ./Drivers/STM32F3xx_HAL_Driver/Src/stm32f3xx_hal_gpio.o
 .debug_ranges  0x0000000000000418       0x78 ./Drivers/STM32F3xx_HAL_Driver/Src/stm32f3xx_hal_rcc.o
 .debug_ranges  0x0000000000000490       0x28 ./Drivers/STM32F3xx_HAL_Driver/Src/stm32f3xx_hal_rcc_ex.o
 .debug_ranges  0x00000000000004b8      0x3d0 ./Drivers/STM32F3xx_HAL_Driver/Src/stm32f3xx_hal_tim.o
 .debug_ranges  0x0000000000000888      0x168 ./Drivers/STM32F3xx_HAL_Driver/Src/stm32f3xx_hal_tim_ex.o

.debug_macro    0x0000000000000000    0x1bbac
 .debug_macro   0x0000000000000000      0x359 ./Core/Src/SixStepCommutation.o
 .debug_macro   0x0000000000000359      0xaa8 ./Core/Src/SixStepCommutation.o
 .debug_macro   0x0000000000000e01      0x157 ./Core/Src/SixStepCommutation.o
 .debug_macro   0x0000000000000f58       0x2e ./Core/Src/SixStepCommutation.o
 .debug_macro   0x0000000000000f86       0x28 ./Core/Src/SixStepCommutation.o
 .debug_macro   0x0000000000000fae       0x22 ./Core/Src/SixStepCommutation.o
 .debug_macro   0x0000000000000fd0       0x8e ./Core/Src/SixStepCommutation.o
 .debug_macro   0x000000000000105e       0x51 ./Core/Src/SixStepCommutation.o
 .debug_macro   0x00000000000010af      0x103 ./Core/Src/SixStepCommutation.o
 .debug_macro   0x00000000000011b2       0x6a ./Core/Src/SixStepCommutation.o
 .debug_macro   0x000000000000121c      0x1df ./Core/Src/SixStepCommutation.o
 .debug_macro   0x00000000000013fb       0x1c ./Core/Src/SixStepCommutation.o
 .debug_macro   0x0000000000001417       0x22 ./Core/Src/SixStepCommutation.o
 .debug_macro   0x0000000000001439       0xdf ./Core/Src/SixStepCommutation.o
 .debug_macro   0x0000000000001518      0xf07 ./Core/Src/SixStepCommutation.o
 .debug_macro   0x000000000000241f    0x110e8 ./Core/Src/SixStepCommutation.o
 .debug_macro   0x0000000000013507       0x6d ./Core/Src/SixStepCommutation.o
 .debug_macro   0x0000000000013574     0x3540 ./Core/Src/SixStepCommutation.o
 .debug_macro   0x0000000000016ab4      0x174 ./Core/Src/SixStepCommutation.o
 .debug_macro   0x0000000000016c28       0x55 ./Core/Src/SixStepCommutation.o
 .debug_macro   0x0000000000016c7d      0x8f9 ./Core/Src/SixStepCommutation.o
 .debug_macro   0x0000000000017576      0x41b ./Core/Src/SixStepCommutation.o
 .debug_macro   0x0000000000017991      0x1b6 ./Core/Src/SixStepCommutation.o
 .debug_macro   0x0000000000017b47      0x161 ./Core/Src/SixStepCommutation.o
 .debug_macro   0x0000000000017ca8      0x1d5 ./Core/Src/SixStepCommutation.o
 .debug_macro   0x0000000000017e7d      0x1bc ./Core/Src/SixStepCommutation.o
 .debug_macro   0x0000000000018039       0x34 ./Core/Src/SixStepCommutation.o
 .debug_macro   0x000000000001806d       0x3c ./Core/Src/SixStepCommutation.o
 .debug_macro   0x00000000000180a9       0x57 ./Core/Src/SixStepCommutation.o
 .debug_macro   0x0000000000018100       0x73 ./Core/Src/SixStepCommutation.o
 .debug_macro   0x0000000000018173      0x327 ./Core/Src/SixStepCommutation.o
 .debug_macro   0x000000000001849a       0x12 ./Core/Src/SixStepCommutation.o
 .debug_macro   0x00000000000184ac       0xc5 ./Core/Src/SixStepCommutation.o
 .debug_macro   0x0000000000018571      0x19f ./Core/Src/SixStepCommutation.o
 .debug_macro   0x0000000000018710      0x22c ./Core/Src/SixStepCommutation.o
 .debug_macro   0x000000000001893c       0x5b ./Core/Src/SixStepCommutation.o
 .debug_macro   0x0000000000018997       0xa5 ./Core/Src/SixStepCommutation.o
 .debug_macro   0x0000000000018a3c       0x81 ./Core/Src/SixStepCommutation.o
 .debug_macro   0x0000000000018abd       0xd3 ./Core/Src/SixStepCommutation.o
 .debug_macro   0x0000000000018b90      0xa3d ./Core/Src/SixStepCommutation.o
 .debug_macro   0x00000000000195cd       0x41 ./Core/Src/SixStepCommutation.o
 .debug_macro   0x000000000001960e      0x1f7 ./Core/Src/SixStepCommutation.o
 .debug_macro   0x0000000000019805       0xb8 ./Core/Src/SixStepCommutation.o
 .debug_macro   0x00000000000198bd       0x22 ./Core/Src/SixStepCommutation.o
 .debug_macro   0x00000000000198df       0x10 ./Core/Src/SixStepCommutation.o
 .debug_macro   0x00000000000198ef       0x52 ./Core/Src/SixStepCommutation.o
 .debug_macro   0x0000000000019941       0x18 ./Core/Src/SixStepCommutation.o
 .debug_macro   0x0000000000019959       0x3c ./Core/Src/SixStepCommutation.o
 .debug_macro   0x0000000000019995       0x34 ./Core/Src/SixStepCommutation.o
 .debug_macro   0x00000000000199c9       0x16 ./Core/Src/SixStepCommutation.o
 .debug_macro   0x00000000000199df       0x35 ./Core/Src/SixStepCommutation.o
 .debug_macro   0x0000000000019a14      0x333 ./Core/Src/SixStepCommutation.o
 .debug_macro   0x0000000000019d47       0x10 ./Core/Src/SixStepCommutation.o
 .debug_macro   0x0000000000019d57       0x16 ./Core/Src/SixStepCommutation.o
 .debug_macro   0x0000000000019d6d       0x43 ./Core/Src/SixStepCommutation.o
 .debug_macro   0x0000000000019db0       0x34 ./Core/Src/SixStepCommutation.o
 .debug_macro   0x0000000000019de4       0x10 ./Core/Src/SixStepCommutation.o
 .debug_macro   0x0000000000019df4       0x58 ./Core/Src/SixStepCommutation.o
 .debug_macro   0x0000000000019e4c       0x71 ./Core/Src/SixStepCommutation.o
 .debug_macro   0x0000000000019ebd       0x1c ./Core/Src/SixStepCommutation.o
 .debug_macro   0x0000000000019ed9      0x12a ./Core/Src/SixStepCommutation.o
 .debug_macro   0x000000000001a003       0x10 ./Core/Src/SixStepCommutation.o
 .debug_macro   0x000000000001a013       0x1c ./Core/Src/SixStepCommutation.o
 .debug_macro   0x000000000001a02f       0x52 ./Core/Src/SixStepCommutation.o
 .debug_macro   0x000000000001a081       0x22 ./Core/Src/SixStepCommutation.o
 .debug_macro   0x000000000001a0a3       0x10 ./Core/Src/SixStepCommutation.o
 .debug_macro   0x000000000001a0b3       0x40 ./Core/Src/SixStepCommutation.o
 .debug_macro   0x000000000001a0f3       0xd5 ./Core/Src/SixStepCommutation.o
 .debug_macro   0x000000000001a1c8       0x1c ./Core/Src/SixStepCommutation.o
 .debug_macro   0x000000000001a1e4       0x3d ./Core/Src/SixStepCommutation.o
 .debug_macro   0x000000000001a221       0x16 ./Core/Src/SixStepCommutation.o
 .debug_macro   0x000000000001a237      0x145 ./Core/Src/SixStepCommutation.o
 .debug_macro   0x000000000001a37c      0x1f6 ./Core/Src/TimeTask.o
 .debug_macro   0x000000000001a572      0x1fa ./Core/Src/main.o
 .debug_macro   0x000000000001a76c      0x1da ./Core/Src/stm32f3xx_hal_msp.o
 .debug_macro   0x000000000001a946      0x1e4 ./Core/Src/stm32f3xx_it.o
 .debug_macro   0x000000000001ab2a      0x1cb ./Core/Src/system_stm32f3xx.o
 .debug_macro   0x000000000001acf5      0x1ef ./Drivers/STM32F3xx_HAL_Driver/Src/stm32f3xx_hal.o
 .debug_macro   0x000000000001aee4      0x1da ./Drivers/STM32F3xx_HAL_Driver/Src/stm32f3xx_hal_comp.o
 .debug_macro   0x000000000001b0be      0x1cb ./Drivers/STM32F3xx_HAL_Driver/Src/stm32f3xx_hal_cortex.o
 .debug_macro   0x000000000001b289      0x1d2 ./Drivers/STM32F3xx_HAL_Driver/Src/stm32f3xx_hal_gpio.o
 .debug_macro   0x000000000001b45b      0x1ef ./Drivers/STM32F3xx_HAL_Driver/Src/stm32f3xx_hal_rcc.o
 .debug_macro   0x000000000001b64a      0x1cb ./Drivers/STM32F3xx_HAL_Driver/Src/stm32f3xx_hal_rcc_ex.o
 .debug_macro   0x000000000001b815      0x1cc ./Drivers/STM32F3xx_HAL_Driver/Src/stm32f3xx_hal_tim.o
 .debug_macro   0x000000000001b9e1      0x1cb ./Drivers/STM32F3xx_HAL_Driver/Src/stm32f3xx_hal_tim_ex.o

.debug_line     0x0000000000000000     0xd61a
 .debug_line    0x0000000000000000      0xc7a ./Core/Src/SixStepCommutation.o
 .debug_line    0x0000000000000c7a      0x725 ./Core/Src/TimeTask.o
 .debug_line    0x000000000000139f      0xa2a ./Core/Src/main.o
 .debug_line    0x0000000000001dc9      0x8c4 ./Core/Src/stm32f3xx_hal_msp.o
 .debug_line    0x000000000000268d      0x7be ./Core/Src/stm32f3xx_it.o
 .debug_line    0x0000000000002e4b      0x759 ./Core/Src/system_stm32f3xx.o
 .debug_line    0x00000000000035a4       0x88 ./Core/Startup/startup_stm32f302r8tx.o
 .debug_line    0x000000000000362c      0x98e ./Drivers/STM32F3xx_HAL_Driver/Src/stm32f3xx_hal.o
 .debug_line    0x0000000000003fba      0xba6 ./Drivers/STM32F3xx_HAL_Driver/Src/stm32f3xx_hal_comp.o
 .debug_line    0x0000000000004b60      0xb76 ./Drivers/STM32F3xx_HAL_Driver/Src/stm32f3xx_hal_cortex.o
 .debug_line    0x00000000000056d6      0xadb ./Drivers/STM32F3xx_HAL_Driver/Src/stm32f3xx_hal_gpio.o
 .debug_line    0x00000000000061b1     0x1368 ./Drivers/STM32F3xx_HAL_Driver/Src/stm32f3xx_hal_rcc.o
 .debug_line    0x0000000000007519      0xbcc ./Drivers/STM32F3xx_HAL_Driver/Src/stm32f3xx_hal_rcc_ex.o
 .debug_line    0x00000000000080e5     0x3b67 ./Drivers/STM32F3xx_HAL_Driver/Src/stm32f3xx_hal_tim.o
 .debug_line    0x000000000000bc4c     0x19ce ./Drivers/STM32F3xx_HAL_Driver/Src/stm32f3xx_hal_tim_ex.o

.debug_str      0x0000000000000000    0xa5476
 .debug_str     0x0000000000000000    0xa2cad ./Core/Src/SixStepCommutation.o
                                      0xa30b8 (size before relaxing)
 .debug_str     0x00000000000a2cad       0x3a ./Core/Src/TimeTask.o
                                      0x9ee67 (size before relaxing)
 .debug_str     0x00000000000a2ce7      0x41b ./Core/Src/main.o
                                      0x9f268 (size before relaxing)
 .debug_str     0x00000000000a3102      0x378 ./Core/Src/stm32f3xx_hal_msp.o
                                      0x9ef46 (size before relaxing)
 .debug_str     0x00000000000a347a       0xbd ./Core/Src/stm32f3xx_it.o
                                      0x9e9fc (size before relaxing)
 .debug_str     0x00000000000a3537       0xb3 ./Core/Src/system_stm32f3xx.o
                                      0x9e254 (size before relaxing)
 .debug_str     0x00000000000a35ea       0x36 ./Core/Startup/startup_stm32f302r8tx.o
                                         0x7d (size before relaxing)
 .debug_str     0x00000000000a3620      0x317 ./Drivers/STM32F3xx_HAL_Driver/Src/stm32f3xx_hal.o
                                      0x9e90c (size before relaxing)
 .debug_str     0x00000000000a3937      0x19b ./Drivers/STM32F3xx_HAL_Driver/Src/stm32f3xx_hal_comp.o
                                      0x9e545 (size before relaxing)
 .debug_str     0x00000000000a3ad2      0x284 ./Drivers/STM32F3xx_HAL_Driver/Src/stm32f3xx_hal_cortex.o
                                      0x9e8ed (size before relaxing)
 .debug_str     0x00000000000a3d56      0x157 ./Drivers/STM32F3xx_HAL_Driver/Src/stm32f3xx_hal_gpio.o
                                      0x9e408 (size before relaxing)
 .debug_str     0x00000000000a3ead      0x2f0 ./Drivers/STM32F3xx_HAL_Driver/Src/stm32f3xx_hal_rcc.o
                                      0x9e6c2 (size before relaxing)
 .debug_str     0x00000000000a419d       0xd8 ./Drivers/STM32F3xx_HAL_Driver/Src/stm32f3xx_hal_rcc_ex.o
                                      0x9e45b (size before relaxing)
 .debug_str     0x00000000000a4275      0xd6d ./Drivers/STM32F3xx_HAL_Driver/Src/stm32f3xx_hal_tim.o
                                      0x9f617 (size before relaxing)
 .debug_str     0x00000000000a4fe2      0x494 ./Drivers/STM32F3xx_HAL_Driver/Src/stm32f3xx_hal_tim_ex.o
                                      0x9ee1b (size before relaxing)

.comment        0x0000000000000000       0x53
 .comment       0x0000000000000000       0x53 ./Core/Src/SixStepCommutation.o
                                         0x54 (size before relaxing)
 .comment       0x0000000000000053       0x54 ./Core/Src/TimeTask.o
 .comment       0x0000000000000053       0x54 ./Core/Src/main.o
 .comment       0x0000000000000053       0x54 ./Core/Src/stm32f3xx_hal_msp.o
 .comment       0x0000000000000053       0x54 ./Core/Src/stm32f3xx_it.o
 .comment       0x0000000000000053       0x54 ./Core/Src/system_stm32f3xx.o
 .comment       0x0000000000000053       0x54 ./Drivers/STM32F3xx_HAL_Driver/Src/stm32f3xx_hal.o
 .comment       0x0000000000000053       0x54 ./Drivers/STM32F3xx_HAL_Driver/Src/stm32f3xx_hal_comp.o
 .comment       0x0000000000000053       0x54 ./Drivers/STM32F3xx_HAL_Driver/Src/stm32f3xx_hal_cortex.o
 .comment       0x0000000000000053       0x54 ./Drivers/STM32F3xx_HAL_Driver/Src/stm32f3xx_hal_gpio.o
 .comment       0x0000000000000053       0x54 ./Drivers/STM32F3xx_HAL_Driver/Src/stm32f3xx_hal_rcc.o
 .comment       0x0000000000000053       0x54 ./Drivers/STM32F3xx_HAL_Driver/Src/stm32f3xx_hal_rcc_ex.o
 .comment       0x0000000000000053       0x54 ./Drivers/STM32F3xx_HAL_Driver/Src/stm32f3xx_hal_tim.o
 .comment       0x0000000000000053       0x54 ./Drivers/STM32F3xx_HAL_Driver/Src/stm32f3xx_hal_tim_ex.o

.debug_frame    0x0000000000000000     0x2c18
 .debug_frame   0x0000000000000000      0x150 ./Core/Src/SixStepCommutation.o
 .debug_frame   0x0000000000000150       0x38 ./Core/Src/TimeTask.o
 .debug_frame   0x0000000000000188      0x150 ./Core/Src/main.o
 .debug_frame   0x00000000000002d8      0x138 ./Core/Src/stm32f3xx_hal_msp.o
 .debug_frame   0x0000000000000410      0x120 ./Core/Src/stm32f3xx_it.o
 .debug_frame   0x0000000000000530       0x58 ./Core/Src/system_stm32f3xx.o
 .debug_frame   0x0000000000000588      0x334 ./Drivers/STM32F3xx_HAL_Driver/Src/stm32f3xx_hal.o
 .debug_frame   0x00000000000008bc      0x230 ./Drivers/STM32F3xx_HAL_Driver/Src/stm32f3xx_hal_comp.o
 .debug_frame   0x0000000000000aec      0x428 ./Drivers/STM32F3xx_HAL_Driver/Src/stm32f3xx_hal_cortex.o
 .debug_frame   0x0000000000000f14      0x14c ./Drivers/STM32F3xx_HAL_Driver/Src/stm32f3xx_hal_gpio.o
 .debug_frame   0x0000000000001060      0x214 ./Drivers/STM32F3xx_HAL_Driver/Src/stm32f3xx_hal_rcc.o
 .debug_frame   0x0000000000001274       0xb4 ./Drivers/STM32F3xx_HAL_Driver/Src/stm32f3xx_hal_rcc_ex.o
 .debug_frame   0x0000000000001328     0x121c ./Drivers/STM32F3xx_HAL_Driver/Src/stm32f3xx_hal_tim.o
 .debug_frame   0x0000000000002544      0x688 ./Drivers/STM32F3xx_HAL_Driver/Src/stm32f3xx_hal_tim_ex.o
 .debug_frame   0x0000000000002bcc       0x2c d:/st/stm32cubeide_1.8.0/stm32cubeide/plugins/com.st.stm32cube.ide.mcu.externaltools.gnu-tools-for-stm32.9-2020-q2-update.win32_2.0.0.202105311346/tools/bin/../lib/gcc/arm-none-eabi/9.3.1/../../../../arm-none-eabi/lib/thumb/v7e-m+fp/hard\libc_nano.a(lib_a-init.o)
 .debug_frame   0x0000000000002bf8       0x20 d:/st/stm32cubeide_1.8.0/stm32cubeide/plugins/com.st.stm32cube.ide.mcu.externaltools.gnu-tools-for-stm32.9-2020-q2-update.win32_2.0.0.202105311346/tools/bin/../lib/gcc/arm-none-eabi/9.3.1/../../../../arm-none-eabi/lib/thumb/v7e-m+fp/hard\libc_nano.a(lib_a-memset.o)
